Component: ARM Compiler 5.06 update 6 (build 750) Tool: armlink [4d35ed]

==============================================================================

Section Cross References

    startup_stm32f40_41xxx.o(STACK) refers (Special) to heapauxi.o(.text) for __use_two_region_memory
    startup_stm32f40_41xxx.o(HEAP) refers (Special) to heapauxi.o(.text) for __use_two_region_memory
    startup_stm32f40_41xxx.o(RESET) refers (Special) to heapauxi.o(.text) for __use_two_region_memory
    startup_stm32f40_41xxx.o(RESET) refers to startup_stm32f40_41xxx.o(STACK) for __initial_sp
    startup_stm32f40_41xxx.o(RESET) refers to startup_stm32f40_41xxx.o(.text) for Reset_Handler
    startup_stm32f40_41xxx.o(RESET) refers to stm32f4xx_it.o(i.NMI_Handler) for NMI_Handler
    startup_stm32f40_41xxx.o(RESET) refers to stm32f4xx_it.o(i.HardFault_Handler) for HardFault_Handler
    startup_stm32f40_41xxx.o(RESET) refers to stm32f4xx_it.o(i.MemManage_Handler) for MemManage_Handler
    startup_stm32f40_41xxx.o(RESET) refers to stm32f4xx_it.o(i.BusFault_Handler) for BusFault_Handler
    startup_stm32f40_41xxx.o(RESET) refers to stm32f4xx_it.o(i.UsageFault_Handler) for UsageFault_Handler
    startup_stm32f40_41xxx.o(RESET) refers to stm32f4xx_it.o(i.SVC_Handler) for SVC_Handler
    startup_stm32f40_41xxx.o(RESET) refers to stm32f4xx_it.o(i.DebugMon_Handler) for DebugMon_Handler
    startup_stm32f40_41xxx.o(RESET) refers to stm32f4xx_it.o(i.PendSV_Handler) for PendSV_Handler
    startup_stm32f40_41xxx.o(RESET) refers to stm32f4xx_it.o(i.SysTick_Handler) for SysTick_Handler
    startup_stm32f40_41xxx.o(RESET) refers to exti.o(i.EXTI9_5_IRQHandler) for EXTI9_5_IRQHandler
    startup_stm32f40_41xxx.o(RESET) refers to usart.o(i.USART1_IRQHandler) for USART1_IRQHandler
    startup_stm32f40_41xxx.o(.text) refers (Special) to heapauxi.o(.text) for __use_two_region_memory
    startup_stm32f40_41xxx.o(.text) refers to system_stm32f4xx.o(i.SystemInit) for SystemInit
    startup_stm32f40_41xxx.o(.text) refers to __main.o(!!!main) for __main
    startup_stm32f40_41xxx.o(.text) refers to startup_stm32f40_41xxx.o(HEAP) for Heap_Mem
    startup_stm32f40_41xxx.o(.text) refers to startup_stm32f40_41xxx.o(STACK) for Stack_Mem
    main.o(i.main) refers to _printf_percent.o(.ARM.Collect$$_printf_percent$$00000000) for _printf_percent
    main.o(i.main) refers to _printf_f.o(.ARM.Collect$$_printf_percent$$00000003) for _printf_f
    main.o(i.main) refers to printf1.o(x$fpl$printf1) for _printf_fp_dec
    main.o(i.main) refers to delay.o(i.delay_init) for delay_init
    main.o(i.main) refers to usart.o(i.uart_init) for uart_init
    main.o(i.main) refers to led.o(i.LED_Init) for LED_Init
    main.o(i.main) refers to exti.o(i.EXTI5_Init) for EXTI5_Init
    main.o(i.main) refers to timer.o(i.TIM2_Init) for TIM2_Init
    main.o(i.main) refers to exti.o(i.Wave_SRD_Strat4) for Wave_SRD_Strat4
    main.o(i.main) refers to delay.o(i.delay_ms) for delay_ms
    main.o(i.main) refers to f2d.o(x$fpl$f2d) for __aeabi_f2d
    main.o(i.main) refers to noretval__2printf.o(.text) for __2printf
    main.o(i.main) refers to exti.o(.data) for Distance
    system_stm32f4xx.o(i.SystemCoreClockUpdate) refers to system_stm32f4xx.o(.data) for SystemCoreClock
    system_stm32f4xx.o(i.SystemInit) refers to system_stm32f4xx.o(i.SetSysClock) for SetSysClock
    stm32f4xx_adc.o(i.ADC_DeInit) refers to stm32f4xx_rcc.o(i.RCC_APB2PeriphResetCmd) for RCC_APB2PeriphResetCmd
    stm32f4xx_can.o(i.CAN_DeInit) refers to stm32f4xx_rcc.o(i.RCC_APB1PeriphResetCmd) for RCC_APB1PeriphResetCmd
    stm32f4xx_can.o(i.CAN_GetITStatus) refers to stm32f4xx_can.o(i.CheckITStatus) for CheckITStatus
    stm32f4xx_cryp.o(i.CRYP_DeInit) refers to stm32f4xx_rcc.o(i.RCC_AHB2PeriphResetCmd) for RCC_AHB2PeriphResetCmd
    stm32f4xx_cryp_aes.o(i.CRYP_AES_CBC) refers to stm32f4xx_cryp.o(i.CRYP_KeyStructInit) for CRYP_KeyStructInit
    stm32f4xx_cryp_aes.o(i.CRYP_AES_CBC) refers to stm32f4xx_cryp.o(i.CRYP_FIFOFlush) for CRYP_FIFOFlush
    stm32f4xx_cryp_aes.o(i.CRYP_AES_CBC) refers to stm32f4xx_cryp.o(i.CRYP_Init) for CRYP_Init
    stm32f4xx_cryp_aes.o(i.CRYP_AES_CBC) refers to stm32f4xx_cryp.o(i.CRYP_KeyInit) for CRYP_KeyInit
    stm32f4xx_cryp_aes.o(i.CRYP_AES_CBC) refers to stm32f4xx_cryp.o(i.CRYP_Cmd) for CRYP_Cmd
    stm32f4xx_cryp_aes.o(i.CRYP_AES_CBC) refers to stm32f4xx_cryp.o(i.CRYP_GetFlagStatus) for CRYP_GetFlagStatus
    stm32f4xx_cryp_aes.o(i.CRYP_AES_CBC) refers to stm32f4xx_cryp.o(i.CRYP_IVInit) for CRYP_IVInit
    stm32f4xx_cryp_aes.o(i.CRYP_AES_CBC) refers to stm32f4xx_cryp.o(i.CRYP_GetCmdStatus) for CRYP_GetCmdStatus
    stm32f4xx_cryp_aes.o(i.CRYP_AES_CBC) refers to stm32f4xx_cryp.o(i.CRYP_DataIn) for CRYP_DataIn
    stm32f4xx_cryp_aes.o(i.CRYP_AES_CBC) refers to stm32f4xx_cryp.o(i.CRYP_DataOut) for CRYP_DataOut
    stm32f4xx_cryp_aes.o(i.CRYP_AES_CCM) refers to stm32f4xx_cryp.o(i.CRYP_KeyStructInit) for CRYP_KeyStructInit
[...]
    Removing stm32f4xx_tim.o(i.TIM_SelectCCDMA), (24 bytes).
    Removing stm32f4xx_tim.o(i.TIM_SelectCOM), (24 bytes).
    Removing stm32f4xx_tim.o(i.TIM_SelectHallSensor), (24 bytes).
    Removing stm32f4xx_tim.o(i.TIM_SelectInputTrigger), (18 bytes).
    Removing stm32f4xx_tim.o(i.TIM_SelectMasterSlaveMode), (18 bytes).
    Removing stm32f4xx_tim.o(i.TIM_SelectOCxM), (86 bytes).
    Removing stm32f4xx_tim.o(i.TIM_SelectOnePulseMode), (18 bytes).
    Removing stm32f4xx_tim.o(i.TIM_SelectOutputTrigger), (18 bytes).
    Removing stm32f4xx_tim.o(i.TIM_SelectSlaveMode), (18 bytes).
    Removing stm32f4xx_tim.o(i.TIM_SetAutoreload), (4 bytes).
    Removing stm32f4xx_tim.o(i.TIM_SetClockDivision), (18 bytes).
    Removing stm32f4xx_tim.o(i.TIM_SetCompare1), (4 bytes).
    Removing stm32f4xx_tim.o(i.TIM_SetCompare2), (4 bytes).
    Removing stm32f4xx_tim.o(i.TIM_SetCompare3), (4 bytes).
    Removing stm32f4xx_tim.o(i.TIM_SetCompare4), (4 bytes).
    Removing stm32f4xx_tim.o(i.TIM_SetIC1Prescaler), (18 bytes).
    Removing stm32f4xx_tim.o(i.TIM_SetIC2Prescaler), (26 bytes).
    Removing stm32f4xx_tim.o(i.TIM_SetIC3Prescaler), (18 bytes).
    Removing stm32f4xx_tim.o(i.TIM_SetIC4Prescaler), (26 bytes).
    Removing stm32f4xx_tim.o(i.TIM_TIxExternalClockConfig), (62 bytes).
    Removing stm32f4xx_tim.o(i.TIM_TimeBaseStructInit), (18 bytes).
    Removing stm32f4xx_tim.o(i.TIM_UpdateDisableConfig), (24 bytes).
    Removing stm32f4xx_tim.o(i.TIM_UpdateRequestConfig), (24 bytes).
    Removing stm32f4xx_usart.o(.rev16_text), (4 bytes).
    Removing stm32f4xx_usart.o(.revsh_text), (4 bytes).
    Removing stm32f4xx_usart.o(.rrx_text), (6 bytes).
    Removing stm32f4xx_usart.o(i.USART_ClearFlag), (18 bytes).
    Removing stm32f4xx_usart.o(i.USART_ClearITPendingBit), (30 bytes).
    Removing stm32f4xx_usart.o(i.USART_ClockInit), (32 bytes).
    Removing stm32f4xx_usart.o(i.USART_ClockStructInit), (12 bytes).
    Removing stm32f4xx_usart.o(i.USART_DMACmd), (18 bytes).
    Removing stm32f4xx_usart.o(i.USART_DeInit), (240 bytes).
    Removing stm32f4xx_usart.o(i.USART_GetFlagStatus), (26 bytes).
    Removing stm32f4xx_usart.o(i.USART_GetITStatus), (84 bytes).
    Removing stm32f4xx_usart.o(i.USART_HalfDuplexCmd), (24 bytes).
    Removing stm32f4xx_usart.o(i.USART_IrDACmd), (24 bytes).
    Removing stm32f4xx_usart.o(i.USART_IrDAConfig), (18 bytes).
    Removing stm32f4xx_usart.o(i.USART_LINBreakDetectLengthConfig), (18 bytes).
    Removing stm32f4xx_usart.o(i.USART_LINCmd), (24 bytes).
    Removing stm32f4xx_usart.o(i.USART_OneBitMethodCmd), (24 bytes).
    Removing stm32f4xx_usart.o(i.USART_OverSampling8Cmd), (22 bytes).
    Removing stm32f4xx_usart.o(i.USART_ReceiveData), (10 bytes).
    Removing stm32f4xx_usart.o(i.USART_ReceiverWakeUpCmd), (24 bytes).
    Removing stm32f4xx_usart.o(i.USART_SendBreak), (10 bytes).
    Removing stm32f4xx_usart.o(i.USART_SendData), (8 bytes).
    Removing stm32f4xx_usart.o(i.USART_SetAddress), (18 bytes).
    Removing stm32f4xx_usart.o(i.USART_SetGuardTime), (16 bytes).
    Removing stm32f4xx_usart.o(i.USART_SetPrescaler), (16 bytes).
    Removing stm32f4xx_usart.o(i.USART_SmartCardCmd), (24 bytes).
    Removing stm32f4xx_usart.o(i.USART_SmartCardNACKCmd), (24 bytes).
    Removing stm32f4xx_usart.o(i.USART_StructInit), (24 bytes).
    Removing stm32f4xx_usart.o(i.USART_WakeUpConfig), (18 bytes).
    Removing stm32f4xx_wwdg.o(.rev16_text), (4 bytes).
    Removing stm32f4xx_wwdg.o(.revsh_text), (4 bytes).
    Removing stm32f4xx_wwdg.o(.rrx_text), (6 bytes).
    Removing stm32f4xx_wwdg.o(i.WWDG_ClearFlag), (12 bytes).
    Removing stm32f4xx_wwdg.o(i.WWDG_DeInit), (22 bytes).
    Removing stm32f4xx_wwdg.o(i.WWDG_Enable), (16 bytes).
    Removing stm32f4xx_wwdg.o(i.WWDG_EnableIT), (12 bytes).
    Removing stm32f4xx_wwdg.o(i.WWDG_GetFlagStatus), (20 bytes).
    Removing stm32f4xx_wwdg.o(i.WWDG_SetCounter), (16 bytes).
    Removing stm32f4xx_wwdg.o(i.WWDG_SetPrescaler), (24 bytes).
    Removing stm32f4xx_wwdg.o(i.WWDG_SetWindowValue), (40 bytes).
    Removing delay.o(.rev16_text), (4 bytes).
    Removing delay.o(.revsh_text), (4 bytes).
    Removing delay.o(.rrx_text), (6 bytes).
    Removing sys.o(.rev16_text), (4 bytes).
    Removing sys.o(.revsh_text), (4 bytes).
    Removing sys.o(.rrx_text), (6 bytes).
    Removing sys.o(.emb_text), (16 bytes).
    Removing usart.o(.rev16_text), (4 bytes).
    Removing usart.o(.revsh_text), (4 bytes).
    Removing usart.o(.rrx_text), (6 bytes).
    Removing usart.o(.bss), (200 bytes).
    Removing led.o(.rev16_text), (4 bytes).
    Removing led.o(.revsh_text), (4 bytes).
    Removing led.o(.rrx_text), (6 bytes).
    Removing timer.o(.rev16_text), (4 bytes).
    Removing timer.o(.revsh_text), (4 bytes).
    Removing timer.o(.rrx_text), (6 bytes).
    Removing exti.o(.rev16_text), (4 bytes).
    Removing exti.o(.revsh_text), (4 bytes).
    Removing exti.o(.rrx_text), (6 bytes).

837 unused section(s) (total 35406 bytes) removed from the image.

==============================================================================

Image Symbol Table

    Local Symbols

    Symbol Name                              Value     Ov Type        Size  Object(Section)

    ../clib/angel/boardlib.s                 0x00000000   Number         0  boardinit1.o ABSOLUTE
    ../clib/angel/boardlib.s                 0x00000000   Number         0  boardshut.o ABSOLUTE
    ../clib/angel/boardlib.s                 0x00000000   Number         0  boardinit2.o ABSOLUTE
    ../clib/angel/boardlib.s                 0x00000000   Number         0  boardinit3.o ABSOLUTE
    ../clib/angel/handlers.s                 0x00000000   Number         0  __scatter_zi.o ABSOLUTE
    ../clib/angel/handlers.s                 0x00000000   Number         0  __scatter_copy.o ABSOLUTE
    ../clib/angel/kernel.s                   0x00000000   Number         0  rtexit2.o ABSOLUTE
    ../clib/angel/kernel.s                   0x00000000   Number         0  __rtentry4.o ABSOLUTE
    ../clib/angel/kernel.s                   0x00000000   Number         0  __rtentry2.o ABSOLUTE
    ../clib/angel/kernel.s                   0x00000000   Number         0  __rtentry.o ABSOLUTE
    ../clib/angel/kernel.s                   0x00000000   Number         0  rtexit.o ABSOLUTE
    ../clib/angel/rt.s                       0x00000000   Number         0  rt_locale_intlibspace.o ABSOLUTE
    ../clib/angel/rt.s                       0x00000000   Number         0  rt_locale.o ABSOLUTE
    ../clib/angel/rt.s                       0x00000000   Number         0  rt_raise.o ABSOLUTE
    ../clib/angel/scatter.s                  0x00000000   Number         0  __scatter.o ABSOLUTE
    ../clib/angel/startup.s                  0x00000000   Number         0  __main.o ABSOLUTE
    ../clib/angel/sys.s                      0x00000000   Number         0  sys_stackheap_outer.o ABSOLUTE
    ../clib/angel/sys.s                      0x00000000   Number         0  use_no_semi.o ABSOLUTE
    ../clib/angel/sys.s                      0x00000000   Number         0  libspace.o ABSOLUTE
    ../clib/angel/sys.s                      0x00000000   Number         0  indicate_semi.o ABSOLUTE
    ../clib/angel/sys.s                      0x00000000   Number         0  use_no_semi_2.o ABSOLUTE
    ../clib/angel/sysapp.c                   0x00000000   Number         0  sys_wrch.o ABSOLUTE
    ../clib/angel/sysapp.c                   0x00000000   Number         0  sys_command.o ABSOLUTE
    ../clib/armsys.c                         0x00000000   Number         0  _get_argv_nomalloc.o ABSOLUTE
    ../clib/armsys.c                         0x00000000   Number         0  no_argv.o ABSOLUTE
    ../clib/armsys.c                         0x00000000   Number         0  argv_veneer.o ABSOLUTE
    ../clib/armsys.c                         0x00000000   Number         0  argv_veneer.o ABSOLUTE
    ../clib/bigflt.c                         0x00000000   Number         0  bigflt0.o ABSOLUTE
    ../clib/btod.s                           0x00000000   Number         0  btod.o ABSOLUTE
    ../clib/heapalloc.c                      0x00000000   Number         0  hrguard.o ABSOLUTE
    ../clib/heapaux.c                        0x00000000   Number         0  heapauxi.o ABSOLUTE
    ../clib/libinit.s                        0x00000000   Number         0  libinit2.o ABSOLUTE
    ../clib/libinit.s                        0x00000000   Number         0  libinit.o ABSOLUTE
    ../clib/libinit.s                        0x00000000   Number         0  libshutdown.o ABSOLUTE
    ../clib/libinit.s                        0x00000000   Number         0  libshutdown2.o ABSOLUTE
    ../clib/locale.s                         0x00000000   Number         0  lc_numeric_c.o ABSOLUTE
    ../clib/longlong.s                       0x00000000   Number         0  lludiv10.o ABSOLUTE
    ../clib/memcpset.s                       0x00000000   Number         0  strcmpv7m.o ABSOLUTE
    ../clib/misc.s                           0x00000000   Number         0  printf_stubs.o ABSOLUTE
    ../clib/printf.c                         0x00000000   Number         0  __2printf.o ABSOLUTE
    ../clib/printf.c                         0x00000000   Number         0  __printf_flags_wp.o ABSOLUTE
    ../clib/printf.c                         0x00000000   Number         0  _printf_char_file.o ABSOLUTE
    ../clib/printf.c                         0x00000000   Number         0  __printf_wp.o ABSOLUTE
    ../clib/printf.c                         0x00000000   Number         0  __printf_ss.o ABSOLUTE
    ../clib/printf.c                         0x00000000   Number         0  noretval__2printf.o ABSOLUTE
    ../clib/printf.c                         0x00000000   Number         0  __printf_ss_wp.o ABSOLUTE
    ../clib/printf.c                         0x00000000   Number         0  _printf_fp_dec.o ABSOLUTE
    ../clib/printf.c                         0x00000000   Number         0  __printf_flags_ss.o ABSOLUTE
    ../clib/printf.c                         0x00000000   Number         0  __printf_nopercent.o ABSOLUTE
    ../clib/printf.c                         0x00000000   Number         0  __printf.o ABSOLUTE
    ../clib/printf.c                         0x00000000   Number         0  __printf_flags_ss_wp.o ABSOLUTE
    ../clib/printf.c                         0x00000000   Number         0  _printf_char_common.o ABSOLUTE
    ../clib/printf.c                         0x00000000   Number         0  _printf_fp_infnan.o ABSOLUTE
    ../clib/printf.c                         0x00000000   Number         0  __printf_flags.o ABSOLUTE
    ../clib/printf_percent.s                 0x00000000   Number         0  _printf_f.o ABSOLUTE
    ../clib/printf_percent.s                 0x00000000   Number         0  _printf_percent.o ABSOLUTE
    ../clib/printf_percent.s                 0x00000000   Number         0  _printf_percent_end.o ABSOLUTE
    ../clib/signal.c                         0x00000000   Number         0  defsig_stak_inner.o ABSOLUTE
    ../clib/signal.c                         0x00000000   Number         0  defsig_rtred_inner.o ABSOLUTE
    ../clib/signal.c                         0x00000000   Number         0  defsig_fpe_inner.o ABSOLUTE
    ../clib/signal.c                         0x00000000   Number         0  defsig_abrt_inner.o ABSOLUTE
    ../clib/signal.c                         0x00000000   Number         0  defsig_general.o ABSOLUTE
    ../clib/signal.c                         0x00000000   Number         0  __raise.o ABSOLUTE
    ../clib/signal.c                         0x00000000   Number         0  defsig_rtmem_inner.o ABSOLUTE
    ../clib/signal.c                         0x00000000   Number         0  defsig_exit.o ABSOLUTE
    ../clib/signal.c                         0x00000000   Number         0  defsig_rtmem_formal.o ABSOLUTE
    ../clib/signal.c                         0x00000000   Number         0  defsig_rtmem_outer.o ABSOLUTE
    ../clib/signal.c                         0x00000000   Number         0  defsig_other.o ABSOLUTE
    ../clib/signal.c                         0x00000000   Number         0  defsig_segv_inner.o ABSOLUTE
    ../clib/signal.c                         0x00000000   Number         0  defsig_cppl_inner.o ABSOLUTE
    ../clib/signal.c                         0x00000000   Number         0  defsig_pvfn_inner.o ABSOLUTE
    ../clib/signal.s                         0x00000000   Number         0  defsig.o ABSOLUTE
    ../clib/stdio.c                          0x00000000   Number         0  ferror_locked.o ABSOLUTE
    ../clib/stdio.c                          0x00000000   Number         0  ferror.o ABSOLUTE
    ../clib/stdlib.c                         0x00000000   Number         0  exit.o ABSOLUTE
    ../fplib/dretinf.s                       0x00000000   Number         0  dretinf.o ABSOLUTE
    ../fplib/f2d.s                           0x00000000   Number         0  f2d.o ABSOLUTE
    ../fplib/fnaninf.s                       0x00000000   Number         0  fnaninf.o ABSOLUTE
    ../fplib/fpinit.s                        0x00000000   Number         0  fpinit.o ABSOLUTE
    ../fplib/istatus.s                       0x00000000   Number         0  istatus.o ABSOLUTE
    ../fplib/printf1.s                       0x00000000   Number         0  printf1.o ABSOLUTE
    ../fplib/usenofp.s                       0x00000000   Number         0  usenofp.o ABSOLUTE
    ../mathlib/fpclassify.c                  0x00000000   Number         0  fpclassify.o ABSOLUTE
    ..\CORE\startup_stm32f40_41xxx.s         0x00000000   Number         0  startup_stm32f40_41xxx.o ABSOLUTE
    ..\FWLIB\src\misc.c                      0x00000000   Number         0  misc.o ABSOLUTE
    ..\FWLIB\src\stm32f4xx_adc.c             0x00000000   Number         0  stm32f4xx_adc.o ABSOLUTE
    ..\FWLIB\src\stm32f4xx_can.c             0x00000000   Number         0  stm32f4xx_can.o ABSOLUTE
    ..\FWLIB\src\stm32f4xx_cec.c             0x00000000   Number         0  stm32f4xx_cec.o ABSOLUTE
    ..\FWLIB\src\stm32f4xx_crc.c             0x00000000   Number         0  stm32f4xx_crc.o ABSOLUTE
    ..\FWLIB\src\stm32f4xx_cryp.c            0x00000000   Number         0  stm32f4xx_cryp.o ABSOLUTE
    ..\FWLIB\src\stm32f4xx_cryp_aes.c        0x00000000   Number         0  stm32f4xx_cryp_aes.o ABSOLUTE
    ..\FWLIB\src\stm32f4xx_cryp_des.c        0x00000000   Number         0  stm32f4xx_cryp_des.o ABSOLUTE
    ..\FWLIB\src\stm32f4xx_cryp_tdes.c       0x00000000   Number         0  stm32f4xx_cryp_tdes.o ABSOLUTE
    ..\FWLIB\src\stm32f4xx_dac.c             0x00000000   Number         0  stm32f4xx_dac.o ABSOLUTE
    ..\FWLIB\src\stm32f4xx_dbgmcu.c          0x00000000   Number         0  stm32f4xx_dbgmcu.o ABSOLUTE
    ..\FWLIB\src\stm32f4xx_dcmi.c            0x00000000   Number         0  stm32f4xx_dcmi.o ABSOLUTE
    ..\FWLIB\src\stm32f4xx_dfsdm.c           0x00000000   Number         0  stm32f4xx_dfsdm.o ABSOLUTE
    ..\FWLIB\src\stm32f4xx_dma.c             0x00000000   Number         0  stm32f4xx_dma.o ABSOLUTE
    ..\FWLIB\src\stm32f4xx_dma2d.c           0x00000000   Number         0  stm32f4xx_dma2d.o ABSOLUTE
    ..\FWLIB\src\stm32f4xx_dsi.c             0x00000000   Number         0  stm32f4xx_dsi.o ABSOLUTE
    ..\FWLIB\src\stm32f4xx_exti.c            0x00000000   Number         0  stm32f4xx_exti.o ABSOLUTE
    ..\FWLIB\src\stm32f4xx_flash.c           0x00000000   Number         0  stm32f4xx_flash.o ABSOLUTE
    ..\FWLIB\src\stm32f4xx_flash_ramfunc.c   0x00000000   Number         0  stm32f4xx_flash_ramfunc.o ABSOLUTE
    ..\FWLIB\src\stm32f4xx_fmpi2c.c          0x00000000   Number         0  stm32f4xx_fmpi2c.o ABSOLUTE
    ..\FWLIB\src\stm32f4xx_fsmc.c            0x00000000   Number         0  stm32f4xx_fsmc.o ABSOLUTE
    ..\FWLIB\src\stm32f4xx_gpio.c            0x00000000   Number         0  stm32f4xx_gpio.o ABSOLUTE
    ..\FWLIB\src\stm32f4xx_hash.c            0x00000000   Number         0  stm32f4xx_hash.o ABSOLUTE
    ..\FWLIB\src\stm32f4xx_hash_md5.c        0x00000000   Number         0  stm32f4xx_hash_md5.o ABSOLUTE
    ..\FWLIB\src\stm32f4xx_hash_sha1.c       0x00000000   Number         0  stm32f4xx_hash_sha1.o ABSOLUTE
    ..\FWLIB\src\stm32f4xx_i2c.c             0x00000000   Number         0  stm32f4xx_i2c.o ABSOLUTE
    ..\FWLIB\src\stm32f4xx_iwdg.c            0x00000000   Number         0  stm32f4xx_iwdg.o ABSOLUTE
    ..\FWLIB\src\stm32f4xx_lptim.c           0x00000000   Number         0  stm32f4xx_lptim.o ABSOLUTE
    ..\FWLIB\src\stm32f4xx_ltdc.c            0x00000000   Number         0  stm32f4xx_ltdc.o ABSOLUTE
    ..\FWLIB\src\stm32f4xx_pwr.c             0x00000000   Number         0  stm32f4xx_pwr.o ABSOLUTE
    ..\FWLIB\src\stm32f4xx_qspi.c            0x00000000   Number         0  stm32f4xx_qspi.o ABSOLUTE
    ..\FWLIB\src\stm32f4xx_rcc.c             0x00000000   Number         0  stm32f4xx_rcc.o ABSOLUTE
    ..\FWLIB\src\stm32f4xx_rng.c             0x00000000   Number         0  stm32f4xx_rng.o ABSOLUTE
    ..\FWLIB\src\stm32f4xx_rtc.c             0x00000000   Number         0  stm32f4xx_rtc.o ABSOLUTE
    ..\FWLIB\src\stm32f4xx_sai.c             0x00000000   Number         0  stm32f4xx_sai.o ABSOLUTE
    ..\FWLIB\src\stm32f4xx_sdio.c            0x00000000   Number         0  stm32f4xx_sdio.o ABSOLUTE
    ..\FWLIB\src\stm32f4xx_spdifrx.c         0x00000000   Number         0  stm32f4xx_spdifrx.o ABSOLUTE
    ..\FWLIB\src\stm32f4xx_spi.c             0x00000000   Number         0  stm32f4xx_spi.o ABSOLUTE
    ..\FWLIB\src\stm32f4xx_syscfg.c          0x00000000   Number         0  stm32f4xx_syscfg.o ABSOLUTE
    ..\FWLIB\src\stm32f4xx_tim.c             0x00000000   Number         0  stm32f4xx_tim.o ABSOLUTE
    ..\FWLIB\src\stm32f4xx_usart.c           0x00000000   Number         0  stm32f4xx_usart.o ABSOLUTE
    ..\FWLIB\src\stm32f4xx_wwdg.c            0x00000000   Number         0  stm32f4xx_wwdg.o ABSOLUTE
    ..\SYSTEM\delay.c                        0x00000000   Number         0  delay.o ABSOLUTE
    ..\SYSTEM\sys.c                          0x00000000   Number         0  sys.o ABSOLUTE
    ..\SYSTEM\usart.c                        0x00000000   Number         0  usart.o ABSOLUTE
    ..\WorkSpace\exti.c                      0x00000000   Number         0  exti.o ABSOLUTE
    ..\WorkSpace\led.c                       0x00000000   Number         0  led.o ABSOLUTE
    ..\WorkSpace\timer.c                     0x00000000   Number         0  timer.o ABSOLUTE
    ..\\FWLIB\\src\\misc.c                   0x00000000   Number         0  misc.o ABSOLUTE
    ..\\FWLIB\\src\\stm32f4xx_adc.c          0x00000000   Number         0  stm32f4xx_adc.o ABSOLUTE
    ..\\FWLIB\\src\\stm32f4xx_can.c          0x00000000   Number         0  stm32f4xx_can.o ABSOLUTE
    ..\\FWLIB\\src\\stm32f4xx_cec.c          0x00000000   Number         0  stm32f4xx_cec.o ABSOLUTE
    ..\\FWLIB\\src\\stm32f4xx_crc.c          0x00000000   Number         0  stm32f4xx_crc.o ABSOLUTE
    ..\\FWLIB\\src\\stm32f4xx_cryp.c         0x00000000   Number         0  stm32f4xx_cryp.o ABSOLUTE
    ..\\FWLIB\\src\\stm32f4xx_cryp_aes.c     0x00000000   Number         0  stm32f4xx_cryp_aes.o ABSOLUTE
    ..\\FWLIB\\src\\stm32f4xx_cryp_des.c     0x00000000   Number         0  stm32f4xx_cryp_des.o ABSOLUTE
    ..\\FWLIB\\src\\stm32f4xx_cryp_tdes.c    0x00000000   Number         0  stm32f4xx_cryp_tdes.o ABSOLUTE
    ..\\FWLIB\\src\\stm32f4xx_dac.c          0x00000000   Number         0  stm32f4xx_dac.o ABSOLUTE
    ..\\FWLIB\\src\\stm32f4xx_dbgmcu.c       0x00000000   Number         0  stm32f4xx_dbgmcu.o ABSOLUTE
    ..\\FWLIB\\src\\stm32f4xx_dcmi.c         0x00000000   Number         0  stm32f4xx_dcmi.o ABSOLUTE
    ..\\FWLIB\\src\\stm32f4xx_dfsdm.c        0x00000000   Number         0  stm32f4xx_dfsdm.o ABSOLUTE
    ..\\FWLIB\\src\\stm32f4xx_dma.c          0x00000000   Number         0  stm32f4xx_dma.o ABSOLUTE
    ..\\FWLIB\\src\\stm32f4xx_dma2d.c        0x00000000   Number         0  stm32f4xx_dma2d.o ABSOLUTE
    ..\\FWLIB\\src\\stm32f4xx_dsi.c          0x00000000   Number         0  stm32f4xx_dsi.o ABSOLUTE
    ..\\FWLIB\\src\\stm32f4xx_exti.c         0x00000000   Number         0  stm32f4xx_exti.o ABSOLUTE
    ..\\FWLIB\\src\\stm32f4xx_flash.c        0x00000000   Number         0  stm32f4xx_flash.o ABSOLUTE
    ..\\FWLIB\\src\\stm32f4xx_flash_ramfunc.c 0x00000000   Number         0  stm32f4xx_flash_ramfunc.o ABSOLUTE
    ..\\FWLIB\\src\\stm32f4xx_fmpi2c.c       0x00000000   Number         0  stm32f4xx_fmpi2c.o ABSOLUTE
    ..\\FWLIB\\src\\stm32f4xx_fsmc.c         0x00000000   Number         0  stm32f4xx_fsmc.o ABSOLUTE
    ..\\FWLIB\\src\\stm32f4xx_gpio.c         0x00000000   Number         0  stm32f4xx_gpio.o ABSOLUTE
    ..\\FWLIB\\src\\stm32f4xx_hash.c         0x00000000   Number         0  stm32f4xx_hash.o ABSOLUTE
    ..\\FWLIB\\src\\stm32f4xx_hash_md5.c     0x00000000   Number         0  stm32f4xx_hash_md5.o ABSOLUTE
    ..\\FWLIB\\src\\stm32f4xx_hash_sha1.c    0x00000000   Number         0  stm32f4xx_hash_sha1.o ABSOLUTE
    ..\\FWLIB\\src\\stm32f4xx_i2c.c          0x00000000   Number         0  stm32f4xx_i2c.o ABSOLUTE
    ..\\FWLIB\\src\\stm32f4xx_iwdg.c         0x00000000   Number         0  stm32f4xx_iwdg.o ABSOLUTE
    ..\\FWLIB\\src\\stm32f4xx_lptim.c        0x00000000   Number         0  stm32f4xx_lptim.o ABSOLUTE
    ..\\FWLIB\\src\\stm32f4xx_ltdc.c         0x00000000   Number         0  stm32f4xx_ltdc.o ABSOLUTE
    ..\\FWLIB\\src\\stm32f4xx_pwr.c          0x00000000   Number         0  stm32f4xx_pwr.o ABSOLUTE
    ..\\FWLIB\\src\\stm32f4xx_qspi.c         0x00000000   Number         0  stm32f4xx_qspi.o ABSOLUTE
    ..\\FWLIB\\src\\stm32f4xx_rcc.c          0x00000000   Number         0  stm32f4xx_rcc.o ABSOLUTE
    ..\\FWLIB\\src\\stm32f4xx_rng.c          0x00000000   Number         0  stm32f4xx_rng.o ABSOLUTE
    ..\\FWLIB\\src\\stm32f4xx_rtc.c          0x00000000   Number         0  stm32f4xx_rtc.o ABSOLUTE
    ..\\FWLIB\\src\\stm32f4xx_sai.c          0x00000000   Number         0  stm32f4xx_sai.o ABSOLUTE
    ..\\FWLIB\\src\\stm32f4xx_sdio.c         0x00000000   Number         0  stm32f4xx_sdio.o ABSOLUTE
    ..\\FWLIB\\src\\stm32f4xx_spdifrx.c      0x00000000   Number         0  stm32f4xx_spdifrx.o ABSOLUTE
    ..\\FWLIB\\src\\stm32f4xx_spi.c          0x00000000   Number         0  stm32f4xx_spi.o ABSOLUTE
    ..\\FWLIB\\src\\stm32f4xx_syscfg.c       0x00000000   Number         0  stm32f4xx_syscfg.o ABSOLUTE
    ..\\FWLIB\\src\\stm32f4xx_tim.c          0x00000000   Number         0  stm32f4xx_tim.o ABSOLUTE
    ..\\FWLIB\\src\\stm32f4xx_usart.c        0x00000000   Number         0  stm32f4xx_usart.o ABSOLUTE
    ..\\FWLIB\\src\\stm32f4xx_wwdg.c         0x00000000   Number         0  stm32f4xx_wwdg.o ABSOLUTE
    ..\\SYSTEM\\delay.c                      0x00000000   Number         0  delay.o ABSOLUTE
    ..\\SYSTEM\\sys.c                        0x00000000   Number         0  sys.o ABSOLUTE
    ..\\SYSTEM\\usart.c                      0x00000000   Number         0  usart.o ABSOLUTE
    ..\\WorkSpace\\exti.c                    0x00000000   Number         0  exti.o ABSOLUTE
    ..\\WorkSpace\\led.c                     0x00000000   Number         0  led.o ABSOLUTE
    ..\\WorkSpace\\timer.c                   0x00000000   Number         0  timer.o ABSOLUTE
    dc.s                                     0x00000000   Number         0  dc.o ABSOLUTE
    main.c                                   0x00000000   Number         0  main.o ABSOLUTE
    main.c                                   0x00000000   Number         0  main.o ABSOLUTE
    stm32f4xx_it.c                           0x00000000   Number         0  stm32f4xx_it.o ABSOLUTE
    stm32f4xx_it.c                           0x00000000   Number         0  stm32f4xx_it.o ABSOLUTE
    system_stm32f4xx.c                       0x00000000   Number         0  system_stm32f4xx.o ABSOLUTE
    system_stm32f4xx.c                       0x00000000   Number         0  system_stm32f4xx.o ABSOLUTE
    RESET                                    0x08000000   Section      392  startup_stm32f40_41xxx.o(RESET)
    !!!main                                  0x08000188   Section        8  __main.o(!!!main)
    !!!scatter                               0x08000190   Section       52  __scatter.o(!!!scatter)
    !!handler_copy                           0x080001c4   Section       26  __scatter_copy.o(!!handler_copy)
    !!handler_zi                             0x080001e0   Section       28  __scatter_zi.o(!!handler_zi)
    .ARM.Collect$$_printf_percent$$00000000  0x080001fc   Section        0  _printf_percent.o(.ARM.Collect$$_printf_percent$$00000000)
    .ARM.Collect$$_printf_percent$$00000003  0x080001fc   Section        6  _printf_f.o(.ARM.Collect$$_printf_percent$$00000003)
    .ARM.Collect$$_printf_percent$$00000017  0x08000202   Section        4  _printf_percent_end.o(.ARM.Collect$$_printf_percent$$00000017)
    .ARM.Collect$$libinit$$00000000          0x08000206   Section        2  libinit.o(.ARM.Collect$$libinit$$00000000)
    .ARM.Collect$$libinit$$00000001          0x08000208   Section        4  libinit2.o(.ARM.Collect$$libinit$$00000001)
    .ARM.Collect$$libinit$$00000004          0x0800020c   Section        0  libinit2.o(.ARM.Collect$$libinit$$00000004)
    .ARM.Collect$$libinit$$0000000A          0x0800020c   Section        0  libinit2.o(.ARM.Collect$$libinit$$0000000A)
    .ARM.Collect$$libinit$$0000000C          0x0800020c   Section        0  libinit2.o(.ARM.Collect$$libinit$$0000000C)
    .ARM.Collect$$libinit$$0000000E          0x0800020c   Section        0  libinit2.o(.ARM.Collect$$libinit$$0000000E)
    .ARM.Collect$$libinit$$0000000F          0x0800020c   Section        6  libinit2.o(.ARM.Collect$$libinit$$0000000F)
    .ARM.Collect$$libinit$$00000011          0x08000212   Section        0  libinit2.o(.ARM.Collect$$libinit$$00000011)
    .ARM.Collect$$libinit$$00000013          0x08000212   Section        0  libinit2.o(.ARM.Collect$$libinit$$00000013)
    .ARM.Collect$$libinit$$00000015          0x08000212   Section        0  libinit2.o(.ARM.Collect$$libinit$$00000015)
    .ARM.Collect$$libinit$$00000016          0x08000212   Section       10  libinit2.o(.ARM.Collect$$libinit$$00000016)
    .ARM.Collect$$libinit$$00000017          0x0800021c   Section        0  libinit2.o(.ARM.Collect$$libinit$$00000017)
    .ARM.Collect$$libinit$$00000019          0x0800021c   Section        0  libinit2.o(.ARM.Collect$$libinit$$00000019)
    .ARM.Collect$$libinit$$0000001B          0x0800021c   Section        0  libinit2.o(.ARM.Collect$$libinit$$0000001B)
    .ARM.Collect$$libinit$$0000001D          0x0800021c   Section        0  libinit2.o(.ARM.Collect$$libinit$$0000001D)
    .ARM.Collect$$libinit$$0000001F          0x0800021c   Section        0  libinit2.o(.ARM.Collect$$libinit$$0000001F)
    .ARM.Collect$$libinit$$00000021          0x0800021c   Section        0  libinit2.o(.ARM.Collect$$libinit$$00000021)
    .ARM.Collect$$libinit$$00000023          0x0800021c   Section        0  libinit2.o(.ARM.Collect$$libinit$$00000023)
    .ARM.Collect$$libinit$$00000025          0x0800021c   Section        0  libinit2.o(.ARM.Collect$$libinit$$00000025)
    .ARM.Collect$$libinit$$0000002C          0x0800021c   Section        0  libinit2.o(.ARM.Collect$$libinit$$0000002C)
    .ARM.Collect$$libinit$$0000002E          0x0800021c   Section        0  libinit2.o(.ARM.Collect$$libinit$$0000002E)
    .ARM.Collect$$libinit$$00000030          0x0800021c   Section        0  libinit2.o(.ARM.Collect$$libinit$$00000030)
    .ARM.Collect$$libinit$$00000032          0x0800021c   Section        0  libinit2.o(.ARM.Collect$$libinit$$00000032)
    .ARM.Collect$$libinit$$00000033          0x0800021c   Section        2  libinit2.o(.ARM.Collect$$libinit$$00000033)
    .ARM.Collect$$libshutdown$$00000000      0x0800021e   Section        2  libshutdown.o(.ARM.Collect$$libshutdown$$00000000)
    .ARM.Collect$$libshutdown$$00000002      0x08000220   Section        0  libshutdown2.o(.ARM.Collect$$libshutdown$$00000002)
    .ARM.Collect$$libshutdown$$00000004      0x08000220   Section        0  libshutdown2.o(.ARM.Collect$$libshutdown$$00000004)
    .ARM.Collect$$libshutdown$$00000007      0x08000220   Section        0  libshutdown2.o(.ARM.Collect$$libshutdown$$00000007)
    .ARM.Collect$$libshutdown$$0000000A      0x08000220   Section        0  libshutdown2.o(.ARM.Collect$$libshutdown$$0000000A)
    .ARM.Collect$$libshutdown$$0000000C      0x08000220   Section        0  libshutdown2.o(.ARM.Collect$$libshutdown$$0000000C)
    .ARM.Collect$$libshutdown$$0000000F      0x08000220   Section        0  libshutdown2.o(.ARM.Collect$$libshutdown$$0000000F)
    .ARM.Collect$$libshutdown$$00000010      0x08000220   Section        2  libshutdown2.o(.ARM.Collect$$libshutdown$$00000010)
    .ARM.Collect$$rtentry$$00000000          0x08000222   Section        0  __rtentry.o(.ARM.Collect$$rtentry$$00000000)
    .ARM.Collect$$rtentry$$00000002          0x08000222   Section        0  __rtentry2.o(.ARM.Collect$$rtentry$$00000002)
    .ARM.Collect$$rtentry$$00000004          0x08000222   Section        6  __rtentry4.o(.ARM.Collect$$rtentry$$00000004)
    .ARM.Collect$$rtentry$$00000009          0x08000228   Section        0  __rtentry2.o(.ARM.Collect$$rtentry$$00000009)
    .ARM.Collect$$rtentry$$0000000A          0x08000228   Section        4  __rtentry2.o(.ARM.Collect$$rtentry$$0000000A)
    .ARM.Collect$$rtentry$$0000000C          0x0800022c   Section        0  __rtentry2.o(.ARM.Collect$$rtentry$$0000000C)
    .ARM.Collect$$rtentry$$0000000D          0x0800022c   Section        8  __rtentry2.o(.ARM.Collect$$rtentry$$0000000D)
    .ARM.Collect$$rtexit$$00000000           0x08000234   Section        2  rtexit.o(.ARM.Collect$$rtexit$$00000000)
    .ARM.Collect$$rtexit$$00000002           0x08000236   Section        0  rtexit2.o(.ARM.Collect$$rtexit$$00000002)
    .ARM.Collect$$rtexit$$00000003           0x08000236   Section        4  rtexit2.o(.ARM.Collect$$rtexit$$00000003)
    .ARM.Collect$$rtexit$$00000004           0x0800023a   Section        6  rtexit2.o(.ARM.Collect$$rtexit$$00000004)
    .text                                    0x08000240   Section       64  startup_stm32f40_41xxx.o(.text)
    $v0                                      0x08000240   Number         0  startup_stm32f40_41xxx.o(.text)
    .text                                    0x08000280   Section        2  use_no_semi_2.o(.text)
    .text                                    0x08000284   Section        0  noretval__2printf.o(.text)
    .text                                    0x0800029c   Section        0  __printf_wp.o(.text)
    .text                                    0x080003aa   Section        0  heapauxi.o(.text)
    .text                                    0x080003b0   Section        2  use_no_semi.o(.text)
    .text                                    0x080003b2   Section        0  _printf_fp_dec.o(.text)
    _fp_digits                               0x080003b5   Thumb Code   432  _printf_fp_dec.o(.text)
    .text                                    0x080007d0   Section        0  _printf_char_file.o(.text)
    .text                                    0x080007f4   Section        8  rt_locale_intlibspace.o(.text)
    .text                                    0x080007fc   Section      138  lludiv10.o(.text)
    .text                                    0x08000888   Section        0  _printf_char_common.o(.text)
    _printf_input_char                       0x08000889   Thumb Code    10  _printf_char_common.o(.text)
    .text                                    0x080008b8   Section        0  _printf_fp_infnan.o(.text)
    .text                                    0x08000938   Section        0  bigflt0.o(.text)
    .text                                    0x08000a1c   Section        0  ferror.o(.text)
    .text                                    0x08000a24   Section        8  libspace.o(.text)
    .text                                    0x08000a2c   Section       74  sys_stackheap_outer.o(.text)
    .text                                    0x08000a76   Section        0  exit.o(.text)
    .text                                    0x08000a88   Section      128  strcmpv7m.o(.text)
    CL$$btod_d2e                             0x08000b08   Section       62  btod.o(CL$$btod_d2e)
    CL$$btod_d2e_denorm_low                  0x08000b46   Section       70  btod.o(CL$$btod_d2e_denorm_low)
    CL$$btod_d2e_norm_op1                    0x08000b8c   Section       96  btod.o(CL$$btod_d2e_norm_op1)
    CL$$btod_div_common                      0x08000bec   Section      824  btod.o(CL$$btod_div_common)
    CL$$btod_e2e                             0x08000f24   Section      220  btod.o(CL$$btod_e2e)
    CL$$btod_ediv                            0x08001000   Section       42  btod.o(CL$$btod_ediv)
    CL$$btod_emul                            0x0800102a   Section       42  btod.o(CL$$btod_emul)
    CL$$btod_mult_common                     0x08001054   Section      580  btod.o(CL$$btod_mult_common)
    i.BusFault_Handler                       0x08001298   Section        0  stm32f4xx_it.o(i.BusFault_Handler)
    i.DebugMon_Handler                       0x0800129c   Section        0  stm32f4xx_it.o(i.DebugMon_Handler)
    i.EXTI5_Init                             0x080012a0   Section        0  exti.o(i.EXTI5_Init)
    i.EXTI9_5_IRQHandler                     0x08001348   Section        0  exti.o(i.EXTI9_5_IRQHandler)
    i.EXTI_ClearITPendingBit                 0x080013b0   Section        0  stm32f4xx_exti.o(i.EXTI_ClearITPendingBit)
    i.EXTI_GetITStatus                       0x080013bc   Section        0  stm32f4xx_exti.o(i.EXTI_GetITStatus)
    i.EXTI_Init                              0x080013d4   Section        0  stm32f4xx_exti.o(i.EXTI_Init)
    i.GPIO_Init                              0x08001468   Section        0  stm32f4xx_gpio.o(i.GPIO_Init)
    i.GPIO_PinAFConfig                       0x080014f8   Section        0  stm32f4xx_gpio.o(i.GPIO_PinAFConfig)
    i.GPIO_ReadInputDataBit                  0x0800153e   Section        0  stm32f4xx_gpio.o(i.GPIO_ReadInputDataBit)
    i.GPIO_ResetBits                         0x08001550   Section        0  stm32f4xx_gpio.o(i.GPIO_ResetBits)
    i.GPIO_SetBits                           0x08001554   Section        0  stm32f4xx_gpio.o(i.GPIO_SetBits)
    i.HardFault_Handler                      0x08001558   Section        0  stm32f4xx_it.o(i.HardFault_Handler)
    i.LED_Init                               0x0800155c   Section        0  led.o(i.LED_Init)
    i.MemManage_Handler                      0x08001594   Section        0  stm32f4xx_it.o(i.MemManage_Handler)
    i.NMI_Handler                            0x08001598   Section        0  stm32f4xx_it.o(i.NMI_Handler)
    i.NVIC_Init                              0x0800159c   Section        0  misc.o(i.NVIC_Init)
    i.NVIC_PriorityGroupConfig               0x08001614   Section        0  misc.o(i.NVIC_PriorityGroupConfig)
    i.PendSV_Handler                         0x08001628   Section        0  stm32f4xx_it.o(i.PendSV_Handler)
    i.RCC_AHB1PeriphClockCmd                 0x0800162c   Section        0  stm32f4xx_rcc.o(i.RCC_AHB1PeriphClockCmd)
    i.RCC_APB1PeriphClockCmd                 0x0800164c   Section        0  stm32f4xx_rcc.o(i.RCC_APB1PeriphClockCmd)
    i.RCC_APB2PeriphClockCmd                 0x0800166c   Section        0  stm32f4xx_rcc.o(i.RCC_APB2PeriphClockCmd)
    i.RCC_GetClocksFreq                      0x0800168c   Section        0  stm32f4xx_rcc.o(i.RCC_GetClocksFreq)
    i.SVC_Handler                            0x08001774   Section        0  stm32f4xx_it.o(i.SVC_Handler)
    i.SYSCFG_EXTILineConfig                  0x08001778   Section        0  stm32f4xx_syscfg.o(i.SYSCFG_EXTILineConfig)
    i.SetSysClock                            0x080017b8   Section        0  system_stm32f4xx.o(i.SetSysClock)
    SetSysClock                              0x080017b9   Thumb Code   220  system_stm32f4xx.o(i.SetSysClock)
    i.SysTick_CLKSourceConfig                0x080018a4   Section        0  misc.o(i.SysTick_CLKSourceConfig)
    i.SysTick_Handler                        0x080018cc   Section        0  stm32f4xx_it.o(i.SysTick_Handler)
    i.SystemInit                             0x080018d0   Section        0  system_stm32f4xx.o(i.SystemInit)
    i.TIM2_Init                              0x08001938   Section        0  timer.o(i.TIM2_Init)
    i.TIM_ClearFlag                          0x08001972   Section        0  stm32f4xx_tim.o(i.TIM_ClearFlag)
    i.TIM_Cmd                                0x08001978   Section        0  stm32f4xx_tim.o(i.TIM_Cmd)
    i.TIM_GetCounter                         0x08001990   Section        0  stm32f4xx_tim.o(i.TIM_GetCounter)
    i.TIM_SetCounter                         0x08001996   Section        0  stm32f4xx_tim.o(i.TIM_SetCounter)
    i.TIM_TimeBaseInit                       0x0800199c   Section        0  stm32f4xx_tim.o(i.TIM_TimeBaseInit)
    i.USART1_IRQHandler                      0x08001a20   Section        0  usart.o(i.USART1_IRQHandler)
    i.USART_Cmd                              0x08001a22   Section        0  stm32f4xx_usart.o(i.USART_Cmd)
    i.USART_ITConfig                         0x08001a3a   Section        0  stm32f4xx_usart.o(i.USART_ITConfig)
    i.USART_Init                             0x08001a84   Section        0  stm32f4xx_usart.o(i.USART_Init)
    i.UsageFault_Handler                     0x08001b58   Section        0  stm32f4xx_it.o(i.UsageFault_Handler)
    i.Wave_SRD_Strat4                        0x08001b5c   Section        0  exti.o(i.Wave_SRD_Strat4)
    i.__ARM_fpclassify                       0x08001b7c   Section        0  fpclassify.o(i.__ARM_fpclassify)
    i._is_digit                              0x08001bac   Section        0  __printf_wp.o(i._is_digit)
    i._sys_exit                              0x08001bba   Section        0  usart.o(i._sys_exit)
    i.delay_init                             0x08001bc0   Section        0  delay.o(i.delay_init)
    i.delay_ms                               0x08001bfc   Section        0  delay.o(i.delay_ms)
    i.delay_us                               0x08001c34   Section        0  delay.o(i.delay_us)
    i.delay_xms                              0x08001c80   Section        0  delay.o(i.delay_xms)
    i.fputc                                  0x08001ccc   Section        0  usart.o(i.fputc)
    i.main                                   0x08001ce8   Section        0  main.o(i.main)
    i.uart_init                              0x08001d50   Section        0  usart.o(i.uart_init)
    locale$$code                             0x08001e08   Section       44  lc_numeric_c.o(locale$$code)
    x$fpl$dretinf                            0x08001e34   Section       12  dretinf.o(x$fpl$dretinf)
    $v0                                      0x08001e34   Number         0  dretinf.o(x$fpl$dretinf)
    x$fpl$f2d                                0x08001e40   Section       86  f2d.o(x$fpl$f2d)
    $v0                                      0x08001e40   Number         0  f2d.o(x$fpl$f2d)
    x$fpl$fnaninf                            0x08001e96   Section      140  fnaninf.o(x$fpl$fnaninf)
    $v0                                      0x08001e96   Number         0  fnaninf.o(x$fpl$fnaninf)
    x$fpl$fpinit                             0x08001f22   Section       10  fpinit.o(x$fpl$fpinit)
    $v0                                      0x08001f22   Number         0  fpinit.o(x$fpl$fpinit)
    x$fpl$printf1                            0x08001f2c   Section        4  printf1.o(x$fpl$printf1)
    $v0                                      0x08001f2c   Number         0  printf1.o(x$fpl$printf1)
    .constdata                               0x08001f30   Section      148  bigflt0.o(.constdata)
    x$fpl$usenofp                            0x08001f30   Section        0  usenofp.o(x$fpl$usenofp)
    tenpwrs_x                                0x08001f30   Data          60  bigflt0.o(.constdata)
    tenpwrs_i                                0x08001f6c   Data          64  bigflt0.o(.constdata)
    locale$$data                             0x08001fe4   Section       28  lc_numeric_c.o(locale$$data)
    __lcnum_c_name                           0x08001fe8   Data           2  lc_numeric_c.o(locale$$data)
    __lcnum_c_start                          0x08001ff0   Data           0  lc_numeric_c.o(locale$$data)
    __lcnum_c_point                          0x08001ffc   Data           0  lc_numeric_c.o(locale$$data)
    __lcnum_c_thousands                      0x08001ffe   Data           0  lc_numeric_c.o(locale$$data)
    __lcnum_c_grouping                       0x08001fff   Data           0  lc_numeric_c.o(locale$$data)
    __lcnum_c_end                            0x08002000   Data           0  lc_numeric_c.o(locale$$data)
    .data                                    0x20000000   Section       16  stm32f4xx_rcc.o(.data)
    APBAHBPrescTable                         0x20000000   Data          16  stm32f4xx_rcc.o(.data)
    .data                                    0x20000010   Section        4  delay.o(.data)
    fac_us                                   0x20000010   Data           1  delay.o(.data)
    fac_ms                                   0x20000012   Data           2  delay.o(.data)
    .data                                    0x20000014   Section        4  usart.o(.data)
    .data                                    0x20000018   Section        4  exti.o(.data)
    .bss                                     0x2000001c   Section       96  libspace.o(.bss)
    HEAP                                     0x20000080   Section      512  startup_stm32f40_41xxx.o(HEAP)
    Heap_Mem                                 0x20000080   Data         512  startup_stm32f40_41xxx.o(HEAP)
    STACK                                    0x20000280   Section     1024  startup_stm32f40_41xxx.o(STACK)
    Stack_Mem                                0x20000280   Data        1024  startup_stm32f40_41xxx.o(STACK)
    __initial_sp                             0x20000680   Data           0  startup_stm32f40_41xxx.o(STACK)

    Global Symbols

    Symbol Name                              Value     Ov Type        Size  Object(Section)

    BuildAttributes$$THM_ISAv4$E$P$D$K$B$S$7EM$VFPi3$EXTD16$VFPS$VFMA$PE$A:L22UL41UL21$X:L11$S22US41US21$IEEE1$IW$USESV6$~STKCKD$USESV7$~SHL$OTIME$ROPI$IEEEJ$EBA8$UX$STANDARDLIB$REQ8$PRES8$EABIv2 0x00000000   Number         0  anon$$obj.o ABSOLUTE
    __ARM_use_no_argv                        0x00000000   Number         0  main.o ABSOLUTE
    _printf_flags                            0x00000000   Number         0  printf_stubs.o ABSOLUTE
    _printf_return_value                     0x00000000   Number         0  printf_stubs.o ABSOLUTE
    _printf_sizespec                         0x00000000   Number         0  printf_stubs.o ABSOLUTE
    _printf_widthprec                        0x00000000   Number         0  printf_stubs.o ABSOLUTE
    __ARM_exceptions_init                     - Undefined Weak Reference
    __alloca_initialize                       - Undefined Weak Reference
    __arm_preinit_                            - Undefined Weak Reference
    __cpp_initialize__aeabi_                  - Undefined Weak Reference
    __cxa_finalize                            - Undefined Weak Reference
    __sigvec_lookup                           - Undefined Weak Reference
    _atexit_init                              - Undefined Weak Reference
    _call_atexit_fns                          - Undefined Weak Reference
    _clock_init                               - Undefined Weak Reference
    _fp_trap_init                             - Undefined Weak Reference
    _fp_trap_shutdown                         - Undefined Weak Reference
    _get_lc_collate                           - Undefined Weak Reference
    _get_lc_ctype                             - Undefined Weak Reference
    _get_lc_monetary                          - Undefined Weak Reference
    _get_lc_time                              - Undefined Weak Reference
    _getenv_init                              - Undefined Weak Reference
    _handle_redirection                       - Undefined Weak Reference
    _init_alloc                               - Undefined Weak Reference
    _init_user_alloc                          - Undefined Weak Reference
    _initio                                   - Undefined Weak Reference
    _mutex_acquire                            - Undefined Weak Reference
    _mutex_release                            - Undefined Weak Reference
    _printf_post_padding                      - Undefined Weak Reference
    _printf_pre_padding                       - Undefined Weak Reference
    _rand_init                                - Undefined Weak Reference
    _signal_finish                            - Undefined Weak Reference
    _signal_init                              - Undefined Weak Reference
    _terminate_alloc                          - Undefined Weak Reference
    _terminate_user_alloc                     - Undefined Weak Reference
    _terminateio                              - Undefined Weak Reference
    __Vectors_Size                           0x00000188   Number         0  startup_stm32f40_41xxx.o ABSOLUTE
    __Vectors                                0x08000000   Data           4  startup_stm32f40_41xxx.o(RESET)
    __Vectors_End                            0x08000188   Data           0  startup_stm32f40_41xxx.o(RESET)
    __main                                   0x08000189   Thumb Code     8  __main.o(!!!main)
    __scatterload                            0x08000191   Thumb Code     0  __scatter.o(!!!scatter)
    __scatterload_rt2                        0x08000191   Thumb Code    44  __scatter.o(!!!scatter)
    __scatterload_rt2_thumb_only             0x08000191   Thumb Code     0  __scatter.o(!!!scatter)
    __scatterload_null                       0x0800019f   Thumb Code     0  __scatter.o(!!!scatter)
    __scatterload_copy                       0x080001c5   Thumb Code    26  __scatter_copy.o(!!handler_copy)
    __scatterload_zeroinit                   0x080001e1   Thumb Code    28  __scatter_zi.o(!!handler_zi)
    _printf_f                                0x080001fd   Thumb Code     0  _printf_f.o(.ARM.Collect$$_printf_percent$$00000003)
    _printf_percent                          0x080001fd   Thumb Code     0  _printf_percent.o(.ARM.Collect$$_printf_percent$$00000000)
    _printf_percent_end                      0x08000203   Thumb Code     0  _printf_percent_end.o(.ARM.Collect$$_printf_percent$$00000017)
    __rt_lib_init                            0x08000207   Thumb Code     0  libinit.o(.ARM.Collect$$libinit$$00000000)
    __rt_lib_init_fp_1                       0x08000209   Thumb Code     0  libinit2.o(.ARM.Collect$$libinit$$00000001)
    __rt_lib_init_heap_1                     0x0800020d   Thumb Code     0  libinit2.o(.ARM.Collect$$libinit$$0000000A)
    __rt_lib_init_lc_common                  0x0800020d   Thumb Code     0  libinit2.o(.ARM.Collect$$libinit$$0000000F)
    __rt_lib_init_preinit_1                  0x0800020d   Thumb Code     0  libinit2.o(.ARM.Collect$$libinit$$00000004)
    __rt_lib_init_rand_1                     0x0800020d   Thumb Code     0  libinit2.o(.ARM.Collect$$libinit$$0000000E)
    __rt_lib_init_user_alloc_1               0x0800020d   Thumb Code     0  libinit2.o(.ARM.Collect$$libinit$$0000000C)
    __rt_lib_init_lc_collate_1               0x08000213   Thumb Code     0  libinit2.o(.ARM.Collect$$libinit$$00000011)
    __rt_lib_init_lc_ctype_1                 0x08000213   Thumb Code     0  libinit2.o(.ARM.Collect$$libinit$$00000013)
    __rt_lib_init_lc_monetary_1              0x08000213   Thumb Code     0  libinit2.o(.ARM.Collect$$libinit$$00000015)
    __rt_lib_init_lc_numeric_2               0x08000213   Thumb Code     0  libinit2.o(.ARM.Collect$$libinit$$00000016)
    __rt_lib_init_alloca_1                   0x0800021d   Thumb Code     0  libinit2.o(.ARM.Collect$$libinit$$0000002E)
    __rt_lib_init_argv_1                     0x0800021d   Thumb Code     0  libinit2.o(.ARM.Collect$$libinit$$0000002C)
    __rt_lib_init_atexit_1                   0x0800021d   Thumb Code     0  libinit2.o(.ARM.Collect$$libinit$$0000001B)
    __rt_lib_init_clock_1                    0x0800021d   Thumb Code     0  libinit2.o(.ARM.Collect$$libinit$$00000021)
    __rt_lib_init_cpp_1                      0x0800021d   Thumb Code     0  libinit2.o(.ARM.Collect$$libinit$$00000032)
    __rt_lib_init_exceptions_1               0x0800021d   Thumb Code     0  libinit2.o(.ARM.Collect$$libinit$$00000030)
    __rt_lib_init_fp_trap_1                  0x0800021d   Thumb Code     0  libinit2.o(.ARM.Collect$$libinit$$0000001F)
    __rt_lib_init_getenv_1                   0x0800021d   Thumb Code     0  libinit2.o(.ARM.Collect$$libinit$$00000023)
    __rt_lib_init_lc_numeric_1               0x0800021d   Thumb Code     0  libinit2.o(.ARM.Collect$$libinit$$00000017)
    __rt_lib_init_lc_time_1                  0x0800021d   Thumb Code     0  libinit2.o(.ARM.Collect$$libinit$$00000019)
    __rt_lib_init_return                     0x0800021d   Thumb Code     0  libinit2.o(.ARM.Collect$$libinit$$00000033)
    __rt_lib_init_signal_1                   0x0800021d   Thumb Code     0  libinit2.o(.ARM.Collect$$libinit$$0000001D)
    __rt_lib_init_stdio_1                    0x0800021d   Thumb Code     0  libinit2.o(.ARM.Collect$$libinit$$00000025)
    __rt_lib_shutdown                        0x0800021f   Thumb Code     0  libshutdown.o(.ARM.Collect$$libshutdown$$00000000)
    __rt_lib_shutdown_cpp_1                  0x08000221   Thumb Code     0  libshutdown2.o(.ARM.Collect$$libshutdown$$00000002)
    __rt_lib_shutdown_fp_trap_1              0x08000221   Thumb Code     0  libshutdown2.o(.ARM.Collect$$libshutdown$$00000007)
    __rt_lib_shutdown_heap_1                 0x08000221   Thumb Code     0  libshutdown2.o(.ARM.Collect$$libshutdown$$0000000F)
    __rt_lib_shutdown_return                 0x08000221   Thumb Code     0  libshutdown2.o(.ARM.Collect$$libshutdown$$00000010)
    __rt_lib_shutdown_signal_1               0x08000221   Thumb Code     0  libshutdown2.o(.ARM.Collect$$libshutdown$$0000000A)
    __rt_lib_shutdown_stdio_1                0x08000221   Thumb Code     0  libshutdown2.o(.ARM.Collect$$libshutdown$$00000004)
    __rt_lib_shutdown_user_alloc_1           0x08000221   Thumb Code     0  libshutdown2.o(.ARM.Collect$$libshutdown$$0000000C)
    __rt_entry                               0x08000223   Thumb Code     0  __rtentry.o(.ARM.Collect$$rtentry$$00000000)
    __rt_entry_presh_1                       0x08000223   Thumb Code     0  __rtentry2.o(.ARM.Collect$$rtentry$$00000002)
    __rt_entry_sh                            0x08000223   Thumb Code     0  __rtentry4.o(.ARM.Collect$$rtentry$$00000004)
    __rt_entry_li                            0x08000229   Thumb Code     0  __rtentry2.o(.ARM.Collect$$rtentry$$0000000A)
    __rt_entry_postsh_1                      0x08000229   Thumb Code     0  __rtentry2.o(.ARM.Collect$$rtentry$$00000009)
    __rt_entry_main                          0x0800022d   Thumb Code     0  __rtentry2.o(.ARM.Collect$$rtentry$$0000000D)
    __rt_entry_postli_1                      0x0800022d   Thumb Code     0  __rtentry2.o(.ARM.Collect$$rtentry$$0000000C)
    __rt_exit                                0x08000235   Thumb Code     0  rtexit.o(.ARM.Collect$$rtexit$$00000000)
    __rt_exit_ls                             0x08000237   Thumb Code     0  rtexit2.o(.ARM.Collect$$rtexit$$00000003)
    __rt_exit_prels_1                        0x08000237   Thumb Code     0  rtexit2.o(.ARM.Collect$$rtexit$$00000002)
    __rt_exit_exit                           0x0800023b   Thumb Code     0  rtexit2.o(.ARM.Collect$$rtexit$$00000004)
    Reset_Handler                            0x08000241   Thumb Code     8  startup_stm32f40_41xxx.o(.text)
    ADC_IRQHandler                           0x0800025b   Thumb Code     0  startup_stm32f40_41xxx.o(.text)
    CAN1_RX0_IRQHandler                      0x0800025b   Thumb Code     0  startup_stm32f40_41xxx.o(.text)
    CAN1_RX1_IRQHandler                      0x0800025b   Thumb Code     0  startup_stm32f40_41xxx.o(.text)
    CAN1_SCE_IRQHandler                      0x0800025b   Thumb Code     0  startup_stm32f40_41xxx.o(.text)
    CAN1_TX_IRQHandler                       0x0800025b   Thumb Code     0  startup_stm32f40_41xxx.o(.text)
    CAN2_RX0_IRQHandler                      0x0800025b   Thumb Code     0  startup_stm32f40_41xxx.o(.text)
    CAN2_RX1_IRQHandler                      0x0800025b   Thumb Code     0  startup_stm32f40_41xxx.o(.text)
    CAN2_SCE_IRQHandler                      0x0800025b   Thumb Code     0  startup_stm32f40_41xxx.o(.text)
    CAN2_TX_IRQHandler                       0x0800025b   Thumb Code     0  startup_stm32f40_41xxx.o(.text)
    CRYP_IRQHandler                          0x0800025b   Thumb Code     0  startup_stm32f40_41xxx.o(.text)
    DCMI_IRQHandler                          0x0800025b   Thumb Code     0  startup_stm32f40_41xxx.o(.text)
    DMA1_Stream0_IRQHandler                  0x0800025b   Thumb Code     0  startup_stm32f40_41xxx.o(.text)
    DMA1_Stream1_IRQHandler                  0x0800025b   Thumb Code     0  startup_stm32f40_41xxx.o(.text)
    DMA1_Stream2_IRQHandler                  0x0800025b   Thumb Code     0  startup_stm32f40_41xxx.o(.text)
    DMA1_Stream3_IRQHandler                  0x0800025b   Thumb Code     0  startup_stm32f40_41xxx.o(.text)
    DMA1_Stream4_IRQHandler                  0x0800025b   Thumb Code     0  startup_stm32f40_41xxx.o(.text)
    DMA1_Stream5_IRQHandler                  0x0800025b   Thumb Code     0  startup_stm32f40_41xxx.o(.text)
    DMA1_Stream6_IRQHandler                  0x0800025b   Thumb Code     0  startup_stm32f40_41xxx.o(.text)
    DMA1_Stream7_IRQHandler                  0x0800025b   Thumb Code     0  startup_stm32f40_41xxx.o(.text)
    DMA2_Stream0_IRQHandler                  0x0800025b   Thumb Code     0  startup_stm32f40_41xxx.o(.text)
    DMA2_Stream1_IRQHandler                  0x0800025b   Thumb Code     0  startup_stm32f40_41xxx.o(.text)
    DMA2_Stream2_IRQHandler                  0x0800025b   Thumb Code     0  startup_stm32f40_41xxx.o(.text)
    DMA2_Stream3_IRQHandler                  0x0800025b   Thumb Code     0  startup_stm32f40_41xxx.o(.text)
    DMA2_Stream4_IRQHandler                  0x0800025b   Thumb Code     0  startup_stm32f40_41xxx.o(.text)
    DMA2_Stream5_IRQHandler                  0x0800025b   Thumb Code     0  startup_stm32f40_41xxx.o(.text)
    DMA2_Stream6_IRQHandler                  0x0800025b   Thumb Code     0  startup_stm32f40_41xxx.o(.text)
    DMA2_Stream7_IRQHandler                  0x0800025b   Thumb Code     0  startup_stm32f40_41xxx.o(.text)
    ETH_IRQHandler                           0x0800025b   Thumb Code     0  startup_stm32f40_41xxx.o(.text)
    ETH_WKUP_IRQHandler                      0x0800025b   Thumb Code     0  startup_stm32f40_41xxx.o(.text)
    EXTI0_IRQHandler                         0x0800025b   Thumb Code     0  startup_stm32f40_41xxx.o(.text)
    EXTI15_10_IRQHandler                     0x0800025b   Thumb Code     0  startup_stm32f40_41xxx.o(.text)
    EXTI1_IRQHandler                         0x0800025b   Thumb Code     0  startup_stm32f40_41xxx.o(.text)
    EXTI2_IRQHandler                         0x0800025b   Thumb Code     0  startup_stm32f40_41xxx.o(.text)
    EXTI3_IRQHandler                         0x0800025b   Thumb Code     0  startup_stm32f40_41xxx.o(.text)
    EXTI4_IRQHandler                         0x0800025b   Thumb Code     0  startup_stm32f40_41xxx.o(.text)
    FLASH_IRQHandler                         0x0800025b   Thumb Code     0  startup_stm32f40_41xxx.o(.text)
    FPU_IRQHandler                           0x0800025b   Thumb Code     0  startup_stm32f40_41xxx.o(.text)
    FSMC_IRQHandler                          0x0800025b   Thumb Code     0  startup_stm32f40_41xxx.o(.text)
    HASH_RNG_IRQHandler                      0x0800025b   Thumb Code     0  startup_stm32f40_41xxx.o(.text)
    I2C1_ER_IRQHandler                       0x0800025b   Thumb Code     0  startup_stm32f40_41xxx.o(.text)
    I2C1_EV_IRQHandler                       0x0800025b   Thumb Code     0  startup_stm32f40_41xxx.o(.text)
    I2C2_ER_IRQHandler                       0x0800025b   Thumb Code     0  startup_stm32f40_41xxx.o(.text)
    I2C2_EV_IRQHandler                       0x0800025b   Thumb Code     0  startup_stm32f40_41xxx.o(.text)
    I2C3_ER_IRQHandler                       0x0800025b   Thumb Code     0  startup_stm32f40_41xxx.o(.text)
    I2C3_EV_IRQHandler                       0x0800025b   Thumb Code     0  startup_stm32f40_41xxx.o(.text)
    OTG_FS_IRQHandler                        0x0800025b   Thumb Code     0  startup_stm32f40_41xxx.o(.text)
    OTG_FS_WKUP_IRQHandler                   0x0800025b   Thumb Code     0  startup_stm32f40_41xxx.o(.text)
    OTG_HS_EP1_IN_IRQHandler                 0x0800025b   Thumb Code     0  startup_stm32f40_41xxx.o(.text)
    OTG_HS_EP1_OUT_IRQHandler                0x0800025b   Thumb Code     0  startup_stm32f40_41xxx.o(.text)
    OTG_HS_IRQHandler                        0x0800025b   Thumb Code     0  startup_stm32f40_41xxx.o(.text)
    OTG_HS_WKUP_IRQHandler                   0x0800025b   Thumb Code     0  startup_stm32f40_41xxx.o(.text)
    PVD_IRQHandler                           0x0800025b   Thumb Code     0  startup_stm32f40_41xxx.o(.text)
    RCC_IRQHandler                           0x0800025b   Thumb Code     0  startup_stm32f40_41xxx.o(.text)
    RTC_Alarm_IRQHandler                     0x0800025b   Thumb Code     0  startup_stm32f40_41xxx.o(.text)
    RTC_WKUP_IRQHandler                      0x0800025b   Thumb Code     0  startup_stm32f40_41xxx.o(.text)
    SDIO_IRQHandler                          0x0800025b   Thumb Code     0  startup_stm32f40_41xxx.o(.text)
    SPI1_IRQHandler                          0x0800025b   Thumb Code     0  startup_stm32f40_41xxx.o(.text)
    SPI2_IRQHandler                          0x0800025b   Thumb Code     0  startup_stm32f40_41xxx.o(.text)
    SPI3_IRQHandler                          0x0800025b   Thumb Code     0  startup_stm32f40_41xxx.o(.text)
    TAMP_STAMP_IRQHandler                    0x0800025b   Thumb Code     0  startup_stm32f40_41xxx.o(.text)
    TIM1_BRK_TIM9_IRQHandler                 0x0800025b   Thumb Code     0  startup_stm32f40_41xxx.o(.text)
    TIM1_CC_IRQHandler                       0x0800025b   Thumb Code     0  startup_stm32f40_41xxx.o(.text)
    TIM1_TRG_COM_TIM11_IRQHandler            0x0800025b   Thumb Code     0  startup_stm32f40_41xxx.o(.text)
    TIM1_UP_TIM10_IRQHandler                 0x0800025b   Thumb Code     0  startup_stm32f40_41xxx.o(.text)
    TIM2_IRQHandler                          0x0800025b   Thumb Code     0  startup_stm32f40_41xxx.o(.text)
    TIM3_IRQHandler                          0x0800025b   Thumb Code     0  startup_stm32f40_41xxx.o(.text)
    TIM4_IRQHandler                          0x0800025b   Thumb Code     0  startup_stm32f40_41xxx.o(.text)
    TIM5_IRQHandler                          0x0800025b   Thumb Code     0  startup_stm32f40_41xxx.o(.text)
    TIM6_DAC_IRQHandler                      0x0800025b   Thumb Code     0  startup_stm32f40_41xxx.o(.text)
    TIM7_IRQHandler                          0x0800025b   Thumb Code     0  startup_stm32f40_41xxx.o(.text)
    TIM8_BRK_TIM12_IRQHandler                0x0800025b   Thumb Code     0  startup_stm32f40_41xxx.o(.text)
    TIM8_CC_IRQHandler                       0x0800025b   Thumb Code     0  startup_stm32f40_41xxx.o(.text)
    TIM8_TRG_COM_TIM14_IRQHandler            0x0800025b   Thumb Code     0  startup_stm32f40_41xxx.o(.text)
    TIM8_UP_TIM13_IRQHandler                 0x0800025b   Thumb Code     0  startup_stm32f40_41xxx.o(.text)
    UART4_IRQHandler                         0x0800025b   Thumb Code     0  startup_stm32f40_41xxx.o(.text)
    UART5_IRQHandler                         0x0800025b   Thumb Code     0  startup_stm32f40_41xxx.o(.text)
    USART2_IRQHandler                        0x0800025b   Thumb Code     0  startup_stm32f40_41xxx.o(.text)
    USART3_IRQHandler                        0x0800025b   Thumb Code     0  startup_stm32f40_41xxx.o(.text)
    USART6_IRQHandler                        0x0800025b   Thumb Code     0  startup_stm32f40_41xxx.o(.text)
    WWDG_IRQHandler                          0x0800025b   Thumb Code     0  startup_stm32f40_41xxx.o(.text)
    __user_initial_stackheap                 0x0800025d   Thumb Code     0  startup_stm32f40_41xxx.o(.text)
    __use_no_semihosting                     0x08000281   Thumb Code     2  use_no_semi_2.o(.text)
    __2printf                                0x08000285   Thumb Code    20  noretval__2printf.o(.text)
    __printf                                 0x0800029d   Thumb Code   270  __printf_wp.o(.text)
    __use_two_region_memory                  0x080003ab   Thumb Code     2  heapauxi.o(.text)
    __rt_heap_escrow$2region                 0x080003ad   Thumb Code     2  heapauxi.o(.text)
    __rt_heap_expand$2region                 0x080003af   Thumb Code     2  heapauxi.o(.text)
    __I$use$semihosting                      0x080003b1   Thumb Code     0  use_no_semi.o(.text)
    __use_no_semihosting_swi                 0x080003b1   Thumb Code     2  use_no_semi.o(.text)
    __lib_sel_fp_printf                      0x080003b3   Thumb Code     2  _printf_fp_dec.o(.text)
    _printf_fp_dec_real                      0x08000565   Thumb Code   620  _printf_fp_dec.o(.text)
    _printf_char_file                        0x080007d1   Thumb Code    32  _printf_char_file.o(.text)
    __rt_locale                              0x080007f5   Thumb Code     8  rt_locale_intlibspace.o(.text)
    _ll_udiv10                               0x080007fd   Thumb Code   138  lludiv10.o(.text)
    _printf_char_common                      0x08000893   Thumb Code    32  _printf_char_common.o(.text)
    _printf_fp_infnan                        0x080008b9   Thumb Code   112  _printf_fp_infnan.o(.text)
    _btod_etento                             0x08000939   Thumb Code   224  bigflt0.o(.text)
    ferror                                   0x08000a1d   Thumb Code     8  ferror.o(.text)
    __user_libspace                          0x08000a25   Thumb Code     8  libspace.o(.text)
    __user_perproc_libspace                  0x08000a25   Thumb Code     0  libspace.o(.text)
    __user_perthread_libspace                0x08000a25   Thumb Code     0  libspace.o(.text)
    __user_setup_stackheap                   0x08000a2d   Thumb Code    74  sys_stackheap_outer.o(.text)
    exit                                     0x08000a77   Thumb Code    18  exit.o(.text)
    strcmp                                   0x08000a89   Thumb Code   128  strcmpv7m.o(.text)
    _btod_d2e                                0x08000b09   Thumb Code    62  btod.o(CL$$btod_d2e)
    _d2e_denorm_low                          0x08000b47   Thumb Code    70  btod.o(CL$$btod_d2e_denorm_low)
    _d2e_norm_op1                            0x08000b8d   Thumb Code    96  btod.o(CL$$btod_d2e_norm_op1)
    __btod_div_common                        0x08000bed   Thumb Code   696  btod.o(CL$$btod_div_common)
    _e2e                                     0x08000f25   Thumb Code   220  btod.o(CL$$btod_e2e)
    _btod_ediv                               0x08001001   Thumb Code    42  btod.o(CL$$btod_ediv)
    _btod_emul                               0x0800102b   Thumb Code    42  btod.o(CL$$btod_emul)
    __btod_mult_common                       0x08001055   Thumb Code   580  btod.o(CL$$btod_mult_common)
    BusFault_Handler                         0x08001299   Thumb Code     4  stm32f4xx_it.o(i.BusFault_Handler)
    DebugMon_Handler                         0x0800129d   Thumb Code     2  stm32f4xx_it.o(i.DebugMon_Handler)
    EXTI5_Init                               0x080012a1   Thumb Code   164  exti.o(i.EXTI5_Init)
    EXTI9_5_IRQHandler                       0x08001349   Thumb Code    96  exti.o(i.EXTI9_5_IRQHandler)
    EXTI_ClearITPendingBit                   0x080013b1   Thumb Code     6  stm32f4xx_exti.o(i.EXTI_ClearITPendingBit)
    EXTI_GetITStatus                         0x080013bd   Thumb Code    20  stm32f4xx_exti.o(i.EXTI_GetITStatus)
    EXTI_Init                                0x080013d5   Thumb Code   142  stm32f4xx_exti.o(i.EXTI_Init)
    GPIO_Init                                0x08001469   Thumb Code   144  stm32f4xx_gpio.o(i.GPIO_Init)
    GPIO_PinAFConfig                         0x080014f9   Thumb Code    70  stm32f4xx_gpio.o(i.GPIO_PinAFConfig)
    GPIO_ReadInputDataBit                    0x0800153f   Thumb Code    18  stm32f4xx_gpio.o(i.GPIO_ReadInputDataBit)
    GPIO_ResetBits                           0x08001551   Thumb Code     4  stm32f4xx_gpio.o(i.GPIO_ResetBits)
    GPIO_SetBits                             0x08001555   Thumb Code     4  stm32f4xx_gpio.o(i.GPIO_SetBits)
    HardFault_Handler                        0x08001559   Thumb Code     4  stm32f4xx_it.o(i.HardFault_Handler)
    LED_Init                                 0x0800155d   Thumb Code    50  led.o(i.LED_Init)
    MemManage_Handler                        0x08001595   Thumb Code     4  stm32f4xx_it.o(i.MemManage_Handler)
    NMI_Handler                              0x08001599   Thumb Code     2  stm32f4xx_it.o(i.NMI_Handler)
    NVIC_Init                                0x0800159d   Thumb Code   106  misc.o(i.NVIC_Init)
    NVIC_PriorityGroupConfig                 0x08001615   Thumb Code    10  misc.o(i.NVIC_PriorityGroupConfig)
    PendSV_Handler                           0x08001629   Thumb Code     2  stm32f4xx_it.o(i.PendSV_Handler)
    RCC_AHB1PeriphClockCmd                   0x0800162d   Thumb Code    26  stm32f4xx_rcc.o(i.RCC_AHB1PeriphClockCmd)
    RCC_APB1PeriphClockCmd                   0x0800164d   Thumb Code    26  stm32f4xx_rcc.o(i.RCC_APB1PeriphClockCmd)
    RCC_APB2PeriphClockCmd                   0x0800166d   Thumb Code    26  stm32f4xx_rcc.o(i.RCC_APB2PeriphClockCmd)
    RCC_GetClocksFreq                        0x0800168d   Thumb Code   214  stm32f4xx_rcc.o(i.RCC_GetClocksFreq)
    SVC_Handler                              0x08001775   Thumb Code     2  stm32f4xx_it.o(i.SVC_Handler)
    SYSCFG_EXTILineConfig                    0x08001779   Thumb Code    60  stm32f4xx_syscfg.o(i.SYSCFG_EXTILineConfig)
    SysTick_CLKSourceConfig                  0x080018a5   Thumb Code    40  misc.o(i.SysTick_CLKSourceConfig)
    SysTick_Handler                          0x080018cd   Thumb Code     2  stm32f4xx_it.o(i.SysTick_Handler)
    SystemInit                               0x080018d1   Thumb Code    88  system_stm32f4xx.o(i.SystemInit)
    TIM2_Init                                0x08001939   Thumb Code    58  timer.o(i.TIM2_Init)
    TIM_ClearFlag                            0x08001973   Thumb Code     6  stm32f4xx_tim.o(i.TIM_ClearFlag)
    TIM_Cmd                                  0x08001979   Thumb Code    24  stm32f4xx_tim.o(i.TIM_Cmd)
    TIM_GetCounter                           0x08001991   Thumb Code     6  stm32f4xx_tim.o(i.TIM_GetCounter)
    TIM_SetCounter                           0x08001997   Thumb Code     4  stm32f4xx_tim.o(i.TIM_SetCounter)
    TIM_TimeBaseInit                         0x0800199d   Thumb Code   104  stm32f4xx_tim.o(i.TIM_TimeBaseInit)
    USART1_IRQHandler                        0x08001a21   Thumb Code     2  usart.o(i.USART1_IRQHandler)
    USART_Cmd                                0x08001a23   Thumb Code    24  stm32f4xx_usart.o(i.USART_Cmd)
    USART_ITConfig                           0x08001a3b   Thumb Code    74  stm32f4xx_usart.o(i.USART_ITConfig)
    USART_Init                               0x08001a85   Thumb Code   204  stm32f4xx_usart.o(i.USART_Init)
    UsageFault_Handler                       0x08001b59   Thumb Code     4  stm32f4xx_it.o(i.UsageFault_Handler)
    Wave_SRD_Strat4                          0x08001b5d   Thumb Code    26  exti.o(i.Wave_SRD_Strat4)
    __ARM_fpclassify                         0x08001b7d   Thumb Code    48  fpclassify.o(i.__ARM_fpclassify)
    _is_digit                                0x08001bad   Thumb Code    14  __printf_wp.o(i._is_digit)
    _sys_exit                                0x08001bbb   Thumb Code     4  usart.o(i._sys_exit)
    delay_init                               0x08001bc1   Thumb Code    52  delay.o(i.delay_init)
    delay_ms                                 0x08001bfd   Thumb Code    56  delay.o(i.delay_ms)
    delay_us                                 0x08001c35   Thumb Code    72  delay.o(i.delay_us)
    delay_xms                                0x08001c81   Thumb Code    72  delay.o(i.delay_xms)
    fputc                                    0x08001ccd   Thumb Code    22  usart.o(i.fputc)
    main                                     0x08001ce9   Thumb Code    80  main.o(i.main)
    uart_init                                0x08001d51   Thumb Code   174  usart.o(i.uart_init)
    _get_lc_numeric                          0x08001e09   Thumb Code    44  lc_numeric_c.o(locale$$code)
    __fpl_dretinf                            0x08001e35   Thumb Code    12  dretinf.o(x$fpl$dretinf)
    __aeabi_f2d                              0x08001e41   Thumb Code     0  f2d.o(x$fpl$f2d)
    _f2d                                     0x08001e41   Thumb Code    86  f2d.o(x$fpl$f2d)
    __fpl_fnaninf                            0x08001e97   Thumb Code   140  fnaninf.o(x$fpl$fnaninf)
    _fp_init                                 0x08001f23   Thumb Code    10  fpinit.o(x$fpl$fpinit)
    __fplib_config_fpu_vfp                   0x08001f2b   Thumb Code     0  fpinit.o(x$fpl$fpinit)
    __fplib_config_pureend_doubles           0x08001f2b   Thumb Code     0  fpinit.o(x$fpl$fpinit)
    _printf_fp_dec                           0x08001f2d   Thumb Code     4  printf1.o(x$fpl$printf1)
    __I$use$fp                               0x08001f30   Number         0  usenofp.o(x$fpl$usenofp)
    Region$$Table$$Base                      0x08001fc4   Number         0  anon$$obj.o(Region$$Table)
    Region$$Table$$Limit                     0x08001fe4   Number         0  anon$$obj.o(Region$$Table)
    __stdout                                 0x20000014   Data           4  usart.o(.data)
    Distance                                 0x20000018   Data           4  exti.o(.data)
    __libspace_start                         0x2000001c   Data          96  libspace.o(.bss)
    __temporary_stack_top$libspace           0x2000007c   Data           0  libspace.o(.bss)



==============================================================================

Memory Map of the image

  Image Entry point : 0x08000189

  Load Region LR_IROM1 (Base: 0x08000000, Size: 0x0000201c, Max: 0x00080000, ABSOLUTE)

    Execution Region ER_IROM1 (Exec base: 0x08000000, Load base: 0x08000000, Size: 0x00002000, Max: 0x00080000, ABSOLUTE)

    Exec Addr    Load Addr    Size         Type   Attr      Idx    E Section Name        Object

    0x08000000   0x08000000   0x00000188   Data   RO            3    RESET               startup_stm32f40_41xxx.o
    0x08000188   0x08000188   0x00000008   Code   RO         5573  * !!!main             c_w.l(__main.o)
    0x08000190   0x08000190   0x00000034   Code   RO         5793    !!!scatter          c_w.l(__scatter.o)
    0x080001c4   0x080001c4   0x0000001a   Code   RO         5795    !!handler_copy      c_w.l(__scatter_copy.o)
    0x080001de   0x080001de   0x00000002   PAD
    0x080001e0   0x080001e0   0x0000001c   Code   RO         5797    !!handler_zi        c_w.l(__scatter_zi.o)
    0x080001fc   0x080001fc   0x00000000   Code   RO         5570    .ARM.Collect$$_printf_percent$$00000000  c_w.l(_printf_percent.o)
    0x080001fc   0x080001fc   0x00000006   Code   RO         5569    .ARM.Collect$$_printf_percent$$00000003  c_w.l(_printf_f.o)
    0x08000202   0x08000202   0x00000004   Code   RO         5586    .ARM.Collect$$_printf_percent$$00000017  c_w.l(_printf_percent_end.o)
    0x08000206   0x08000206   0x00000002   Code   RO         5670    .ARM.Collect$$libinit$$00000000  c_w.l(libinit.o)
    0x08000208   0x08000208   0x00000004   Code   RO         5671    .ARM.Collect$$libinit$$00000001  c_w.l(libinit2.o)
    0x0800020c   0x0800020c   0x00000000   Code   RO         5674    .ARM.Collect$$libinit$$00000004  c_w.l(libinit2.o)
    0x0800020c   0x0800020c   0x00000000   Code   RO         5677    .ARM.Collect$$libinit$$0000000A  c_w.l(libinit2.o)
    0x0800020c   0x0800020c   0x00000000   Code   RO         5679    .ARM.Collect$$libinit$$0000000C  c_w.l(libinit2.o)
    0x0800020c   0x0800020c   0x00000000   Code   RO         5681    .ARM.Collect$$libinit$$0000000E  c_w.l(libinit2.o)
    0x0800020c   0x0800020c   0x00000006   Code   RO         5682    .ARM.Collect$$libinit$$0000000F  c_w.l(libinit2.o)
    0x08000212   0x08000212   0x00000000   Code   RO         5684    .ARM.Collect$$libinit$$00000011  c_w.l(libinit2.o)
    0x08000212   0x08000212   0x00000000   Code   RO         5686    .ARM.Collect$$libinit$$00000013  c_w.l(libinit2.o)
    0x08000212   0x08000212   0x00000000   Code   RO         5688    .ARM.Collect$$libinit$$00000015  c_w.l(libinit2.o)
    0x08000212   0x08000212   0x0000000a   Code   RO         5689    .ARM.Collect$$libinit$$00000016  c_w.l(libinit2.o)
    0x0800021c   0x0800021c   0x00000000   Code   RO         5690    .ARM.Collect$$libinit$$00000017  c_w.l(libinit2.o)
    0x0800021c   0x0800021c   0x00000000   Code   RO         5692    .ARM.Collect$$libinit$$00000019  c_w.l(libinit2.o)
    0x0800021c   0x0800021c   0x00000000   Code   RO         5694    .ARM.Collect$$libinit$$0000001B  c_w.l(libinit2.o)
    0x0800021c   0x0800021c   0x00000000   Code   RO         5696    .ARM.Collect$$libinit$$0000001D  c_w.l(libinit2.o)
    0x0800021c   0x0800021c   0x00000000   Code   RO         5698    .ARM.Collect$$libinit$$0000001F  c_w.l(libinit2.o)
    0x0800021c   0x0800021c   0x00000000   Code   RO         5700    .ARM.Collect$$libinit$$00000021  c_w.l(libinit2.o)
    0x0800021c   0x0800021c   0x00000000   Code   RO         5702    .ARM.Collect$$libinit$$00000023  c_w.l(libinit2.o)
    0x0800021c   0x0800021c   0x00000000   Code   RO         5704    .ARM.Collect$$libinit$$00000025  c_w.l(libinit2.o)
    0x0800021c   0x0800021c   0x00000000   Code   RO         5708    .ARM.Collect$$libinit$$0000002C  c_w.l(libinit2.o)
    0x0800021c   0x0800021c   0x00000000   Code   RO         5710    .ARM.Collect$$libinit$$0000002E  c_w.l(libinit2.o)
    0x0800021c   0x0800021c   0x00000000   Code   RO         5712    .ARM.Collect$$libinit$$00000030  c_w.l(libinit2.o)
    0x0800021c   0x0800021c   0x00000000   Code   RO         5714    .ARM.Collect$$libinit$$00000032  c_w.l(libinit2.o)
    0x0800021c   0x0800021c   0x00000002   Code   RO         5715    .ARM.Collect$$libinit$$00000033  c_w.l(libinit2.o)
    0x0800021e   0x0800021e   0x00000002   Code   RO         5743    .ARM.Collect$$libshutdown$$00000000  c_w.l(libshutdown.o)
    0x08000220   0x08000220   0x00000000   Code   RO         5752    .ARM.Collect$$libshutdown$$00000002  c_w.l(libshutdown2.o)
    0x08000220   0x08000220   0x00000000   Code   RO         5754    .ARM.Collect$$libshutdown$$00000004  c_w.l(libshutdown2.o)
    0x08000220   0x08000220   0x00000000   Code   RO         5757    .ARM.Collect$$libshutdown$$00000007  c_w.l(libshutdown2.o)
    0x08000220   0x08000220   0x00000000   Code   RO         5760    .ARM.Collect$$libshutdown$$0000000A  c_w.l(libshutdown2.o)
    0x08000220   0x08000220   0x00000000   Code   RO         5762    .ARM.Collect$$libshutdown$$0000000C  c_w.l(libshutdown2.o)
    0x08000220   0x08000220   0x00000000   Code   RO         5765    .ARM.Collect$$libshutdown$$0000000F  c_w.l(libshutdown2.o)
    0x08000220   0x08000220   0x00000002   Code   RO         5766    .ARM.Collect$$libshutdown$$00000010  c_w.l(libshutdown2.o)
    0x08000222   0x08000222   0x00000000   Code   RO         5581    .ARM.Collect$$rtentry$$00000000  c_w.l(__rtentry.o)
    0x08000222   0x08000222   0x00000000   Code   RO         5593    .ARM.Collect$$rtentry$$00000002  c_w.l(__rtentry2.o)
    0x08000222   0x08000222   0x00000006   Code   RO         5605    .ARM.Collect$$rtentry$$00000004  c_w.l(__rtentry4.o)
    0x08000228   0x08000228   0x00000000   Code   RO         5595    .ARM.Collect$$rtentry$$00000009  c_w.l(__rtentry2.o)
    0x08000228   0x08000228   0x00000004   Code   RO         5596    .ARM.Collect$$rtentry$$0000000A  c_w.l(__rtentry2.o)
    0x0800022c   0x0800022c   0x00000000   Code   RO         5598    .ARM.Collect$$rtentry$$0000000C  c_w.l(__rtentry2.o)
    0x0800022c   0x0800022c   0x00000008   Code   RO         5599    .ARM.Collect$$rtentry$$0000000D  c_w.l(__rtentry2.o)
    0x08000234   0x08000234   0x00000002   Code   RO         5716    .ARM.Collect$$rtexit$$00000000  c_w.l(rtexit.o)
    0x08000236   0x08000236   0x00000000   Code   RO         5723    .ARM.Collect$$rtexit$$00000002  c_w.l(rtexit2.o)
    0x08000236   0x08000236   0x00000004   Code   RO         5724    .ARM.Collect$$rtexit$$00000003  c_w.l(rtexit2.o)
    0x0800023a   0x0800023a   0x00000006   Code   RO         5725    .ARM.Collect$$rtexit$$00000004  c_w.l(rtexit2.o)
    0x08000240   0x08000240   0x00000040   Code   RO            4    .text               startup_stm32f40_41xxx.o
    0x08000280   0x08000280   0x00000002   Code   RO         5541    .text               c_w.l(use_no_semi_2.o)
    0x08000282   0x08000282   0x00000002   PAD
    0x08000284   0x08000284   0x00000018   Code   RO         5545    .text               c_w.l(noretval__2printf.o)
    0x0800029c   0x0800029c   0x0000010e   Code   RO         5557    .text               c_w.l(__printf_wp.o)
    0x080003aa   0x080003aa   0x00000006   Code   RO         5571    .text               c_w.l(heapauxi.o)
    0x080003b0   0x080003b0   0x00000002   Code   RO         5579    .text               c_w.l(use_no_semi.o)
    0x080003b2   0x080003b2   0x0000041e   Code   RO         5582    .text               c_w.l(_printf_fp_dec.o)
    0x080007d0   0x080007d0   0x00000024   Code   RO         5584    .text               c_w.l(_printf_char_file.o)
    0x080007f4   0x080007f4   0x00000008   Code   RO         5610    .text               c_w.l(rt_locale_intlibspace.o)
    0x080007fc   0x080007fc   0x0000008a   Code   RO         5612    .text               c_w.l(lludiv10.o)
    0x08000886   0x08000886   0x00000002   PAD
    0x08000888   0x08000888   0x00000030   Code   RO         5614    .text               c_w.l(_printf_char_common.o)
    0x080008b8   0x080008b8   0x00000080   Code   RO         5616    .text               c_w.l(_printf_fp_infnan.o)
    0x08000938   0x08000938   0x000000e4   Code   RO         5618    .text               c_w.l(bigflt0.o)
    0x08000a1c   0x08000a1c   0x00000008   Code   RO         5643    .text               c_w.l(ferror.o)
    0x08000a24   0x08000a24   0x00000008   Code   RO         5654    .text               c_w.l(libspace.o)
    0x08000a2c   0x08000a2c   0x0000004a   Code   RO         5657    .text               c_w.l(sys_stackheap_outer.o)
    0x08000a76   0x08000a76   0x00000012   Code   RO         5661    .text               c_w.l(exit.o)
    0x08000a88   0x08000a88   0x00000080   Code   RO         5663    .text               c_w.l(strcmpv7m.o)
    0x08000b08   0x08000b08   0x0000003e   Code   RO         5621    CL$$btod_d2e        c_w.l(btod.o)
    0x08000b46   0x08000b46   0x00000046   Code   RO         5623    CL$$btod_d2e_denorm_low  c_w.l(btod.o)
    0x08000b8c   0x08000b8c   0x00000060   Code   RO         5622    CL$$btod_d2e_norm_op1  c_w.l(btod.o)
    0x08000bec   0x08000bec   0x00000338   Code   RO         5631    CL$$btod_div_common  c_w.l(btod.o)
    0x08000f24   0x08000f24   0x000000dc   Code   RO         5628    CL$$btod_e2e        c_w.l(btod.o)
    0x08001000   0x08001000   0x0000002a   Code   RO         5625    CL$$btod_ediv       c_w.l(btod.o)
    0x0800102a   0x0800102a   0x0000002a   Code   RO         5624    CL$$btod_emul       c_w.l(btod.o)
    0x08001054   0x08001054   0x00000244   Code   RO         5630    CL$$btod_mult_common  c_w.l(btod.o)
    0x08001298   0x08001298   0x00000004   Code   RO          166    i.BusFault_Handler  stm32f4xx_it.o
    0x0800129c   0x0800129c   0x00000002   Code   RO          167    i.DebugMon_Handler  stm32f4xx_it.o
    0x0800129e   0x0800129e   0x00000002   PAD
    0x080012a0   0x080012a0   0x000000a8   Code   RO         5496    i.EXTI5_Init        exti.o
    0x08001348   0x08001348   0x00000068   Code   RO         5497    i.EXTI9_5_IRQHandler  exti.o
    0x080013b0   0x080013b0   0x0000000c   Code   RO         1670    i.EXTI_ClearITPendingBit  stm32f4xx_exti.o
    0x080013bc   0x080013bc   0x00000018   Code   RO         1674    i.EXTI_GetITStatus  stm32f4xx_exti.o
    0x080013d4   0x080013d4   0x00000094   Code   RO         1675    i.EXTI_Init         stm32f4xx_exti.o
    0x08001468   0x08001468   0x00000090   Code   RO         2183    i.GPIO_Init         stm32f4xx_gpio.o
    0x080014f8   0x080014f8   0x00000046   Code   RO         2184    i.GPIO_PinAFConfig  stm32f4xx_gpio.o
    0x0800153e   0x0800153e   0x00000012   Code   RO         2187    i.GPIO_ReadInputDataBit  stm32f4xx_gpio.o
    0x08001550   0x08001550   0x00000004   Code   RO         2190    i.GPIO_ResetBits    stm32f4xx_gpio.o
    0x08001554   0x08001554   0x00000004   Code   RO         2191    i.GPIO_SetBits      stm32f4xx_gpio.o
    0x08001558   0x08001558   0x00000004   Code   RO          168    i.HardFault_Handler  stm32f4xx_it.o
    0x0800155c   0x0800155c   0x00000038   Code   RO         5440    i.LED_Init          led.o
    0x08001594   0x08001594   0x00000004   Code   RO          169    i.MemManage_Handler  stm32f4xx_it.o
    0x08001598   0x08001598   0x00000002   Code   RO          170    i.NMI_Handler       stm32f4xx_it.o
    0x0800159a   0x0800159a   0x00000002   PAD
    0x0800159c   0x0800159c   0x00000078   Code   RO          308    i.NVIC_Init         misc.o
    0x08001614   0x08001614   0x00000014   Code   RO          309    i.NVIC_PriorityGroupConfig  misc.o
    0x08001628   0x08001628   0x00000002   Code   RO          171    i.PendSV_Handler    stm32f4xx_it.o
    0x0800162a   0x0800162a   0x00000002   PAD
    0x0800162c   0x0800162c   0x00000020   Code   RO         3109    i.RCC_AHB1PeriphClockCmd  stm32f4xx_rcc.o
    0x0800164c   0x0800164c   0x00000020   Code   RO         3118    i.RCC_APB1PeriphClockCmd  stm32f4xx_rcc.o
    0x0800166c   0x0800166c   0x00000020   Code   RO         3121    i.RCC_APB2PeriphClockCmd  stm32f4xx_rcc.o
    0x0800168c   0x0800168c   0x000000e8   Code   RO         3130    i.RCC_GetClocksFreq  stm32f4xx_rcc.o
    0x08001774   0x08001774   0x00000002   Code   RO          172    i.SVC_Handler       stm32f4xx_it.o
    0x08001776   0x08001776   0x00000002   PAD
    0x08001778   0x08001778   0x00000040   Code   RO         4432    i.SYSCFG_EXTILineConfig  stm32f4xx_syscfg.o
    0x080017b8   0x080017b8   0x000000ec   Code   RO          267    i.SetSysClock       system_stm32f4xx.o
    0x080018a4   0x080018a4   0x00000028   Code   RO          312    i.SysTick_CLKSourceConfig  misc.o
    0x080018cc   0x080018cc   0x00000002   Code   RO          173    i.SysTick_Handler   stm32f4xx_it.o
    0x080018ce   0x080018ce   0x00000002   PAD
    0x080018d0   0x080018d0   0x00000068   Code   RO          269    i.SystemInit        system_stm32f4xx.o
    0x08001938   0x08001938   0x0000003a   Code   RO         5468    i.TIM2_Init         timer.o
    0x08001972   0x08001972   0x00000006   Code   RO         4499    i.TIM_ClearFlag     stm32f4xx_tim.o
    0x08001978   0x08001978   0x00000018   Code   RO         4505    i.TIM_Cmd           stm32f4xx_tim.o
    0x08001990   0x08001990   0x00000006   Code   RO         4524    i.TIM_GetCounter    stm32f4xx_tim.o
    0x08001996   0x08001996   0x00000004   Code   RO         4571    i.TIM_SetCounter    stm32f4xx_tim.o
    0x0800199a   0x0800199a   0x00000002   PAD
    0x0800199c   0x0800199c   0x00000084   Code   RO         4577    i.TIM_TimeBaseInit  stm32f4xx_tim.o
    0x08001a20   0x08001a20   0x00000002   Code   RO         5387    i.USART1_IRQHandler  usart.o
    0x08001a22   0x08001a22   0x00000018   Code   RO         5059    i.USART_Cmd         stm32f4xx_usart.o
    0x08001a3a   0x08001a3a   0x0000004a   Code   RO         5065    i.USART_ITConfig    stm32f4xx_usart.o
    0x08001a84   0x08001a84   0x000000d4   Code   RO         5066    i.USART_Init        stm32f4xx_usart.o
    0x08001b58   0x08001b58   0x00000004   Code   RO          174    i.UsageFault_Handler  stm32f4xx_it.o
    0x08001b5c   0x08001b5c   0x00000020   Code   RO         5498    i.Wave_SRD_Strat4   exti.o
    0x08001b7c   0x08001b7c   0x00000030   Code   RO         5652    i.__ARM_fpclassify  m_wm.l(fpclassify.o)
    0x08001bac   0x08001bac   0x0000000e   Code   RO         5559    i._is_digit         c_w.l(__printf_wp.o)
    0x08001bba   0x08001bba   0x00000004   Code   RO         5388    i._sys_exit         usart.o
    0x08001bbe   0x08001bbe   0x00000002   PAD
    0x08001bc0   0x08001bc0   0x0000003c   Code   RO         5313    i.delay_init        delay.o
    0x08001bfc   0x08001bfc   0x00000038   Code   RO         5314    i.delay_ms          delay.o
    0x08001c34   0x08001c34   0x0000004c   Code   RO         5315    i.delay_us          delay.o
    0x08001c80   0x08001c80   0x0000004c   Code   RO         5316    i.delay_xms         delay.o
    0x08001ccc   0x08001ccc   0x0000001c   Code   RO         5389    i.fputc             usart.o
    0x08001ce8   0x08001ce8   0x00000068   Code   RO           13    i.main              main.o
    0x08001d50   0x08001d50   0x000000b8   Code   RO         5390    i.uart_init         usart.o
    0x08001e08   0x08001e08   0x0000002c   Code   RO         5648    locale$$code        c_w.l(lc_numeric_c.o)
    0x08001e34   0x08001e34   0x0000000c   Code   RO         5587    x$fpl$dretinf       fz_wm.l(dretinf.o)
    0x08001e40   0x08001e40   0x00000056   Code   RO         5575    x$fpl$f2d           fz_wm.l(f2d.o)
    0x08001e96   0x08001e96   0x0000008c   Code   RO         5589    x$fpl$fnaninf       fz_wm.l(fnaninf.o)
    0x08001f22   0x08001f22   0x0000000a   Code   RO         5720    x$fpl$fpinit        fz_wm.l(fpinit.o)
    0x08001f2c   0x08001f2c   0x00000004   Code   RO         5577    x$fpl$printf1       fz_wm.l(printf1.o)
    0x08001f30   0x08001f30   0x00000000   Code   RO         5591    x$fpl$usenofp       fz_wm.l(usenofp.o)
    0x08001f30   0x08001f30   0x00000094   Data   RO         5619    .constdata          c_w.l(bigflt0.o)
    0x08001fc4   0x08001fc4   0x00000020   Data   RO         5791    Region$$Table       anon$$obj.o
    0x08001fe4   0x08001fe4   0x0000001c   Data   RO         5647    locale$$data        c_w.l(lc_numeric_c.o)


    Execution Region RW_IRAM1 (Exec base: 0x20000000, Load base: 0x08002000, Size: 0x00000680, Max: 0x00020000, ABSOLUTE)

    Exec Addr    Load Addr    Size         Type   Attr      Idx    E Section Name        Object

    0x20000000   0x08002000   0x00000010   Data   RW         3162    .data               stm32f4xx_rcc.o
    0x20000010   0x08002010   0x00000004   Data   RW         5317    .data               delay.o
    0x20000014   0x08002014   0x00000004   Data   RW         5392    .data               usart.o
    0x20000018   0x08002018   0x00000004   Data   RW         5499    .data               exti.o
    0x2000001c        -       0x00000060   Zero   RW         5655    .bss                c_w.l(libspace.o)
    0x2000007c   0x0800201c   0x00000004   PAD
    0x20000080        -       0x00000200   Zero   RW            2    HEAP                startup_stm32f40_41xxx.o
    0x20000280        -       0x00000400   Zero   RW            1    STACK               startup_stm32f40_41xxx.o


==============================================================================

Image component sizes


      Code (inc. data)   RO Data    RW Data    ZI Data      Debug   Object Name

       268         16          0          4          0       2671   delay.o
       304         18          0          4          0       2103   exti.o
        56          6          0          0          0        567   led.o
       104         24          0          0          0     294287   main.o
       180         24          0          0          0       2365   misc.o
        64         26        392          0       1536        904   startup_stm32f40_41xxx.o
       184         16          0          0          0       2376   stm32f4xx_exti.o
       240          0          0          0          0       3887   stm32f4xx_gpio.o
        26          0          0          0          0       4442   stm32f4xx_it.o
       328         36          0         16          0       5035   stm32f4xx_rcc.o
        64          4          0          0          0        696   stm32f4xx_syscfg.o
       172         28          0          0          0       3835   stm32f4xx_tim.o
       310          8          0          0          0       3194   stm32f4xx_usart.o
       340         32          0          0          0       1721   system_stm32f4xx.o
        58          0          0          0          0        668   timer.o
       218         16          0          4          0       4351   usart.o

    ----------------------------------------------------------------------
      2930        254        424         28       1536     333102   Object Totals
         0          0         32          0          0          0   (incl. Generated)
        14          0          0          0          0          0   (incl. Padding)

    ----------------------------------------------------------------------

      Code (inc. data)   RO Data    RW Data    ZI Data      Debug   Library Member Name

         8          0          0          0          0         68   __main.o
       284          0          0          0          0        156   __printf_wp.o
         0          0          0          0          0          0   __rtentry.o
        12          0          0          0          0          0   __rtentry2.o
         6          0          0          0          0          0   __rtentry4.o
        52          8          0          0          0          0   __scatter.o
        26          0          0          0          0          0   __scatter_copy.o
        28          0          0          0          0          0   __scatter_zi.o
        48          6          0          0          0         96   _printf_char_common.o
        36          4          0          0          0         80   _printf_char_file.o
         6          0          0          0          0          0   _printf_f.o
      1054          0          0          0          0        216   _printf_fp_dec.o
       128         16          0          0          0         84   _printf_fp_infnan.o
         0          0          0          0          0          0   _printf_percent.o
         4          0          0          0          0          0   _printf_percent_end.o
       228          4        148          0          0         96   bigflt0.o
      1936        128          0          0          0        672   btod.o
        18          0          0          0          0         80   exit.o
         8          0          0          0          0         68   ferror.o
         6          0          0          0          0        152   heapauxi.o
        44         10         28          0          0         76   lc_numeric_c.o
         2          0          0          0          0          0   libinit.o
        22          0          0          0          0          0   libinit2.o
         2          0          0          0          0          0   libshutdown.o
         2          0          0          0          0          0   libshutdown2.o
         8          4          0          0         96         68   libspace.o
       138          0          0          0          0         80   lludiv10.o
        24          4          0          0          0         84   noretval__2printf.o
         8          4          0          0          0         68   rt_locale_intlibspace.o
         2          0          0          0          0          0   rtexit.o
        10          0          0          0          0          0   rtexit2.o
       128          0          0          0          0         68   strcmpv7m.o
        74          0          0          0          0         80   sys_stackheap_outer.o
         2          0          0          0          0         68   use_no_semi.o
         2          0          0          0          0         68   use_no_semi_2.o
        12          0          0          0          0        116   dretinf.o
        86          4          0          0          0        132   f2d.o
       140          4          0          0          0        132   fnaninf.o
        10          0          0          0          0        116   fpinit.o
         4          0          0          0          0        116   printf1.o
         0          0          0          0          0          0   usenofp.o
        48          0          0          0          0        124   fpclassify.o

    ----------------------------------------------------------------------
      4662        196        176          0        100       3164   Library Totals
         6          0          0          0          4          0   (incl. Padding)

    ----------------------------------------------------------------------

      Code (inc. data)   RO Data    RW Data    ZI Data      Debug   Library Name

      4356        188        176          0         96       2428   c_w.l
       252          8          0          0          0        612   fz_wm.l
        48          0          0          0          0        124   m_wm.l

    ----------------------------------------------------------------------
      4662        196        176          0        100       3164   Library Totals

    ----------------------------------------------------------------------

==============================================================================


      Code (inc. data)   RO Data    RW Data    ZI Data      Debug   

      7592        450        600         28       1636     330166   Grand Totals
      7592        450        600         28       1636     330166   ELF Image Totals
      7592        450        600         28          0          0   ROM Totals

==============================================================================

    Total RO  Size (Code + RO Data)                 8192 (   8.00kB)
    Total RW  Size (RW Data + ZI Data)              1664 (   1.63kB)
    Total ROM Size (Code + RO Data + RW Data)       8220 (   8.03kB)

==============================================================================

