<html>
<body>
<pre>
<h1>礦ision Build Log</h1>
<h2>Tool Versions:</h2>
IDE-Version: μVision V5.29.0.0
Copyright (C) 2019 ARM Ltd and ARM Germany GmbH. All rights reserved.
License Information: Anna shi, smf, LIC=HN0AE-5GUZT-QDMKD-8AZ4X-TM532-0T9LD
 
Tool Versions:
Toolchain:       MDK-ARM Plus  Version: 5.29.0.0
Toolchain Path:  D:\keil_Software\ARM\ARMCC\Bin
C Compiler:      Armcc.exe V5.06 update 6 (build 750)
Assembler:       Armasm.exe V5.06 update 6 (build 750)
Linker/Locator:  ArmLink.exe V5.06 update 6 (build 750)
Library Manager: ArmAr.exe V5.06 update 6 (build 750)
Hex Converter:   FromElf.exe V5.06 update 6 (build 750)
CPU DLL:         SARMCM3.DLL V5.29.0.0
Dialog DLL:      DCM.DLL V1.17.3.0
Target DLL:      STLink\ST-LINKIII-KEIL_SWO.dll V3.0.7.0
Dialog DLL:      TCM.DLL V1.36.5.0
 
<h2>Project:</h2>
C:\Users\admin\Desktop\样机-【R313】三轮全向底盘-绘图\样机-【R313】三轮全向底盘-绘图-资料附件\【R313】-绘图-例程源代码\USER\test.uvprojx
Project File Date:  03/11/2021

<h2>Output:</h2>
*** Using Compiler 'V5.06 update 6 (build 750)', folder: 'D:\keil_Software\ARM\ARMCC\Bin'
Rebuild target 'Target 1'
assembling startup_stm32f40_41xxx.s...
compiling misc.c...
compiling stm32f4xx_adc.c...
compiling system_stm32f4xx.c...
compiling stm32f4xx_cec.c...
compiling stm32f4xx_it.c...
compiling main.c...
..\WorkSpace\a4988.h(108): warning:  #1295-D: Deprecated declaration drawTriangle - give arg types
  extern void drawTriangle();
main.c: 1 warning, 0 errors
compiling stm32f4xx_can.c...
compiling stm32f4xx_cryp_tdes.c...
compiling stm32f4xx_crc.c...
compiling stm32f4xx_dbgmcu.c...
compiling stm32f4xx_cryp_des.c...
compiling stm32f4xx_dac.c...
compiling stm32f4xx_cryp.c...
compiling stm32f4xx_cryp_aes.c...
compiling stm32f4xx_dfsdm.c...
compiling stm32f4xx_exti.c...
compiling stm32f4xx_dsi.c...
compiling stm32f4xx_dma.c...
compiling stm32f4xx_dcmi.c...
compiling stm32f4xx_dma2d.c...
compiling stm32f4xx_flash.c...
compiling stm32f4xx_flash_ramfunc.c...
compiling stm32f4xx_hash_md5.c...
compiling stm32f4xx_hash_sha1.c...
compiling stm32f4xx_fmpi2c.c...
compiling stm32f4xx_hash.c...
compiling stm32f4xx_gpio.c...
compiling stm32f4xx_fsmc.c...
compiling stm32f4xx_iwdg.c...
compiling stm32f4xx_qspi.c...
compiling stm32f4xx_lptim.c...
compiling stm32f4xx_i2c.c...
compiling stm32f4xx_pwr.c...
compiling stm32f4xx_rcc.c...
compiling stm32f4xx_ltdc.c...
compiling stm32f4xx_rng.c...
compiling stm32f4xx_syscfg.c...
compiling stm32f4xx_spdifrx.c...
compiling stm32f4xx_sai.c...
compiling stm32f4xx_spi.c...
compiling stm32f4xx_sdio.c...
compiling stm32f4xx_rtc.c...
compiling stm32f4xx_wwdg.c...
compiling stm32f4xx_usart.c...
compiling sys.c...
compiling delay.c...
compiling led.c...
compiling stm32f4xx_tim.c...
compiling usart.c...
..\WorkSpace\a4988.h(108): warning:  #1295-D: Deprecated declaration drawTriangle - give arg types
  extern void drawTriangle();
..\SYSTEM\usart.c(188): warning:  #550-D: variable "stepInc"  was set but never used
    int dx, dy, n, k, i, f, stepInc;
..\SYSTEM\usart.c(289): warning:  #550-D: variable "stepInc"  was set but never used
    int dx, dy, n, k, i, f, stepInc;
..\SYSTEM\usart.c: 3 warnings, 0 errors
compiling pwm.c...
compiling key.c...
compiling oled.c...
compiling a4988.c...
..\WorkSpace\a4988.h(108): warning:  #1295-D: Deprecated declaration drawTriangle - give arg types
  extern void drawTriangle();
..\WorkSpace\a4988.c(200): warning:  #1035-D: single-precision operand implicitly converted to double-precision
    current_vx = (float)translation1*translation*flag[0]* (-0.5f * Vx - 0.86f * Vy + L * w_t);
..\WorkSpace\a4988.c(201): warning:  #1035-D: single-precision operand implicitly converted to double-precision
    current_vy = (float)translation1*translation*flag[1]* (-0.5f * Vx + 0.86f * Vy + L * w_t);
..\WorkSpace\a4988.c(202): warning:  #1035-D: single-precision operand implicitly converted to double-precision
    current_va = (float)translation1*translation*flag[2]* ( 1.0f * Vx + L * w_t);	
..\WorkSpace\a4988.c(467): warning:  #550-D: variable "curveFlag"  was set but never used
  	int curveFlag = 0;
..\WorkSpace\a4988.c(469): warning:  #177-D: variable "b"  was declared but never referenced
  	double b = 15.0f;
..\WorkSpace\a4988.c: 6 warnings, 0 errors
linking...
Program Size: Code=23936 RO-data=3272 RW-data=156 ZI-data=2204  
FromELF: creating hex file...
"..\OBJ\test.axf" - 0 Error(s), 10 Warning(s).

<h2>Software Packages used:</h2>

Package Vendor: Keil
                http://www.keil.com/pack/Keil.STM32F4xx_DFP.2.14.0.pack
                Keil.STM32F4xx_DFP.2.14.0
                STMicroelectronics STM32F4 Series Device Support, Drivers and Examples

<h2>Collection of Component include folders:</h2>
  .\RTE\_Target_1
  D:\keil_Software\Keil\STM32F4xx_DFP\2.14.0\Drivers\CMSIS\Device\ST\STM32F4xx\Include

<h2>Collection of Component Files used:</h2>
Build Time Elapsed:  00:00:14
</pre>
</body>
</html>
