Component: ARM Compiler 5.06 update 6 (build 750) Tool: armlink [4d35ed]

==============================================================================

Section Cross References

    startup_stm32f40_41xxx.o(STACK) refers (Special) to heapauxi.o(.text) for __use_two_region_memory
    startup_stm32f40_41xxx.o(HEAP) refers (Special) to heapauxi.o(.text) for __use_two_region_memory
    startup_stm32f40_41xxx.o(RESET) refers (Special) to heapauxi.o(.text) for __use_two_region_memory
    startup_stm32f40_41xxx.o(RESET) refers to startup_stm32f40_41xxx.o(STACK) for __initial_sp
    startup_stm32f40_41xxx.o(RESET) refers to startup_stm32f40_41xxx.o(.text) for Reset_Handler
    startup_stm32f40_41xxx.o(RESET) refers to stm32f4xx_it.o(i.NMI_Handler) for NMI_Handler
    startup_stm32f40_41xxx.o(RESET) refers to stm32f4xx_it.o(i.HardFault_Handler) for HardFault_Handler
    startup_stm32f40_41xxx.o(RESET) refers to stm32f4xx_it.o(i.MemManage_Handler) for MemManage_Handler
    startup_stm32f40_41xxx.o(RESET) refers to stm32f4xx_it.o(i.BusFault_Handler) for BusFault_Handler
    startup_stm32f40_41xxx.o(RESET) refers to stm32f4xx_it.o(i.UsageFault_Handler) for UsageFault_Handler
    startup_stm32f40_41xxx.o(RESET) refers to stm32f4xx_it.o(i.SVC_Handler) for SVC_Handler
    startup_stm32f40_41xxx.o(RESET) refers to stm32f4xx_it.o(i.DebugMon_Handler) for DebugMon_Handler
    startup_stm32f40_41xxx.o(RESET) refers to stm32f4xx_it.o(i.PendSV_Handler) for PendSV_Handler
    startup_stm32f40_41xxx.o(RESET) refers to stm32f4xx_it.o(i.SysTick_Handler) for SysTick_Handler
    startup_stm32f40_41xxx.o(RESET) refers to usart.o(i.USART1_IRQHandler) for USART1_IRQHandler
    startup_stm32f40_41xxx.o(.text) refers (Special) to heapauxi.o(.text) for __use_two_region_memory
    startup_stm32f40_41xxx.o(.text) refers to system_stm32f4xx.o(i.SystemInit) for SystemInit
    startup_stm32f40_41xxx.o(.text) refers to __main.o(!!!main) for __main
    startup_stm32f40_41xxx.o(.text) refers to startup_stm32f40_41xxx.o(HEAP) for Heap_Mem
    startup_stm32f40_41xxx.o(.text) refers to startup_stm32f40_41xxx.o(STACK) for Stack_Mem
    main.o(i.main) refers to misc.o(i.NVIC_PriorityGroupConfig) for NVIC_PriorityGroupConfig
    main.o(i.main) refers to delay.o(i.delay_init) for delay_init
    main.o(i.main) refers to usart.o(i.usart_init) for usart_init
    main.o(i.main) refers to usart.o(i.usart3_init) for usart3_init
    main.o(i.main) refers to led.o(i.LED_Init) for LED_Init
    main.o(i.main) refers to a4988.o(i.Stepper_Motor_Init) for Stepper_Motor_Init
    main.o(i.main) refers to key.o(i.KEY_Init) for KEY_Init
    main.o(i.main) refers to oled.o(i.OLED_Init) for OLED_Init
    main.o(i.main) refers to delay.o(i.delay_ms) for delay_ms
    main.o(i.main) refers to pwm.o(i.TIM4_PWM_Init) for TIM4_PWM_Init
    main.o(i.main) refers to pwm.o(i.Put_Up) for Put_Up
    main.o(i.main) refers to oled.o(i.OLED_Clear) for OLED_Clear
    main.o(i.main) refers to oled.o(i.OLED_ShowString) for OLED_ShowString
    main.o(i.main) refers to key.o(i.touch_keys) for touch_keys
    main.o(i.main) refers to pwm.o(i.Put_Down) for Put_Down
    main.o(i.main) refers to a4988.o(i.drawSin) for drawSin
    main.o(i.main) refers to a4988.o(i.drawTriangle) for drawTriangle
    main.o(i.main) refers to a4988.o(i.drawRect) for drawRect
    main.o(i.main) refers to a4988.o(i.drawThreeLeaf) for drawThreeLeaf
    system_stm32f4xx.o(i.SystemCoreClockUpdate) refers to system_stm32f4xx.o(.data) for SystemCoreClock
    system_stm32f4xx.o(i.SystemInit) refers to system_stm32f4xx.o(i.SetSysClock) for SetSysClock
    stm32f4xx_adc.o(i.ADC_DeInit) refers to stm32f4xx_rcc.o(i.RCC_APB2PeriphResetCmd) for RCC_APB2PeriphResetCmd
    stm32f4xx_can.o(i.CAN_DeInit) refers to stm32f4xx_rcc.o(i.RCC_APB1PeriphResetCmd) for RCC_APB1PeriphResetCmd
    stm32f4xx_can.o(i.CAN_GetITStatus) refers to stm32f4xx_can.o(i.CheckITStatus) for CheckITStatus
    stm32f4xx_cryp.o(i.CRYP_DeInit) refers to stm32f4xx_rcc.o(i.RCC_AHB2PeriphResetCmd) for RCC_AHB2PeriphResetCmd
    stm32f4xx_cryp_aes.o(i.CRYP_AES_CBC) refers to stm32f4xx_cryp.o(i.CRYP_KeyStructInit) for CRYP_KeyStructInit
    stm32f4xx_cryp_aes.o(i.CRYP_AES_CBC) refers to stm32f4xx_cryp.o(i.CRYP_FIFOFlush) for CRYP_FIFOFlush
    stm32f4xx_cryp_aes.o(i.CRYP_AES_CBC) refers to stm32f4xx_cryp.o(i.CRYP_Init) for CRYP_Init
    stm32f4xx_cryp_aes.o(i.CRYP_AES_CBC) refers to stm32f4xx_cryp.o(i.CRYP_KeyInit) for CRYP_KeyInit
    stm32f4xx_cryp_aes.o(i.CRYP_AES_CBC) refers to stm32f4xx_cryp.o(i.CRYP_Cmd) for CRYP_Cmd
    stm32f4xx_cryp_aes.o(i.CRYP_AES_CBC) refers to stm32f4xx_cryp.o(i.CRYP_GetFlagStatus) for CRYP_GetFlagStatus
    stm32f4xx_cryp_aes.o(i.CRYP_AES_CBC) refers to stm32f4xx_cryp.o(i.CRYP_IVInit) for CRYP_IVInit
    stm32f4xx_cryp_aes.o(i.CRYP_AES_CBC) refers to stm32f4xx_cryp.o(i.CRYP_GetCmdStatus) for CRYP_GetCmdStatus
    stm32f4xx_cryp_aes.o(i.CRYP_AES_CBC) refers to stm32f4xx_cryp.o(i.CRYP_DataIn) for CRYP_DataIn
[...]
    x$fpl$ddiv                               0x08005464   Section      688  ddiv.o(x$fpl$ddiv)
    $v0                                      0x08005464   Number         0  ddiv.o(x$fpl$ddiv)
    ddiv_entry                               0x0800546b   Thumb Code     0  ddiv.o(x$fpl$ddiv)
    x$fpl$deqf                               0x08005714   Section      120  deqf.o(x$fpl$deqf)
    $v0                                      0x08005714   Number         0  deqf.o(x$fpl$deqf)
    x$fpl$dfix                               0x0800578c   Section       94  dfix.o(x$fpl$dfix)
    $v0                                      0x0800578c   Number         0  dfix.o(x$fpl$dfix)
    x$fpl$dflt                               0x080057ea   Section       46  dflt_clz.o(x$fpl$dflt)
    $v0                                      0x080057ea   Number         0  dflt_clz.o(x$fpl$dflt)
    x$fpl$dfltu                              0x08005818   Section       38  dflt_clz.o(x$fpl$dfltu)
    $v0                                      0x08005818   Number         0  dflt_clz.o(x$fpl$dfltu)
    x$fpl$dleqf                              0x08005840   Section      120  dleqf.o(x$fpl$dleqf)
    $v0                                      0x08005840   Number         0  dleqf.o(x$fpl$dleqf)
    x$fpl$dmul                               0x080058b8   Section      340  dmul.o(x$fpl$dmul)
    $v0                                      0x080058b8   Number         0  dmul.o(x$fpl$dmul)
    x$fpl$dnaninf                            0x08005a0c   Section      156  dnaninf.o(x$fpl$dnaninf)
    $v0                                      0x08005a0c   Number         0  dnaninf.o(x$fpl$dnaninf)
    x$fpl$dretinf                            0x08005aa8   Section       12  dretinf.o(x$fpl$dretinf)
    $v0                                      0x08005aa8   Number         0  dretinf.o(x$fpl$dretinf)
    x$fpl$drleqf                             0x08005ab4   Section      108  drleqf.o(x$fpl$drleqf)
    $v0                                      0x08005ab4   Number         0  drleqf.o(x$fpl$drleqf)
    x$fpl$drsb                               0x08005b20   Section       22  daddsub_clz.o(x$fpl$drsb)
    $v0                                      0x08005b20   Number         0  daddsub_clz.o(x$fpl$drsb)
    x$fpl$dsub                               0x08005b38   Section      468  daddsub_clz.o(x$fpl$dsub)
    $v0                                      0x08005b38   Number         0  daddsub_clz.o(x$fpl$dsub)
    _dsub1                                   0x08005b49   Thumb Code     0  daddsub_clz.o(x$fpl$dsub)
    x$fpl$f2d                                0x08005d0c   Section       86  f2d.o(x$fpl$f2d)
    $v0                                      0x08005d0c   Number         0  f2d.o(x$fpl$f2d)
    x$fpl$fnaninf                            0x08005d62   Section      140  fnaninf.o(x$fpl$fnaninf)
    $v0                                      0x08005d62   Number         0  fnaninf.o(x$fpl$fnaninf)
    x$fpl$fpinit                             0x08005dee   Section       10  fpinit.o(x$fpl$fpinit)
    $v0                                      0x08005dee   Number         0  fpinit.o(x$fpl$fpinit)
    x$fpl$fretinf                            0x08005df8   Section       10  fretinf.o(x$fpl$fretinf)
    $v0                                      0x08005df8   Number         0  fretinf.o(x$fpl$fretinf)
    x$fpl$ieeestatus                         0x08005e02   Section        6  istatus.o(x$fpl$ieeestatus)
    $v0                                      0x08005e02   Number         0  istatus.o(x$fpl$ieeestatus)
    x$fpl$printf1                            0x08005e08   Section        4  printf1.o(x$fpl$printf1)
    $v0                                      0x08005e08   Number         0  printf1.o(x$fpl$printf1)
    x$fpl$retnan                             0x08005e0c   Section      100  retnan.o(x$fpl$retnan)
    $v0                                      0x08005e0c   Number         0  retnan.o(x$fpl$retnan)
    x$fpl$scalbn                             0x08005e70   Section       92  scalbn.o(x$fpl$scalbn)
    $v0                                      0x08005e70   Number         0  scalbn.o(x$fpl$scalbn)
    x$fpl$scanf1                             0x08005ecc   Section        4  scanf1.o(x$fpl$scanf1)
    $v0                                      0x08005ecc   Number         0  scanf1.o(x$fpl$scanf1)
    x$fpl$scanf2                             0x08005ed0   Section        8  scanf2.o(x$fpl$scanf2)
    $v0                                      0x08005ed0   Number         0  scanf2.o(x$fpl$scanf2)
    x$fpl$trapveneer                         0x08005ed8   Section       48  trapv.o(x$fpl$trapveneer)
    $v0                                      0x08005ed8   Number         0  trapv.o(x$fpl$trapveneer)
    .constdata                               0x08005f08   Section     2072  oled.o(.constdata)
    x$fpl$usenofp                            0x08005f08   Section        0  usenofp.o(x$fpl$usenofp)
    .constdata                               0x08006720   Section       17  __printf_flags_ss_wp.o(.constdata)
    maptable                                 0x08006720   Data          17  __printf_flags_ss_wp.o(.constdata)
    .constdata                               0x08006738   Section       48  cos_i.o(.constdata)
    C                                        0x08006738   Data          48  cos_i.o(.constdata)
    .constdata                               0x08006768   Section      200  rred.o(.constdata)
    pio2s                                    0x08006768   Data          48  rred.o(.constdata)
    twooverpi                                0x08006798   Data         152  rred.o(.constdata)
    .constdata                               0x08006830   Section       40  sin_i.o(.constdata)
    S                                        0x08006830   Data          40  sin_i.o(.constdata)
    .constdata                               0x08006858   Section      148  bigflt0.o(.constdata)
    tenpwrs_x                                0x08006858   Data          60  bigflt0.o(.constdata)
    tenpwrs_i                                0x08006894   Data          64  bigflt0.o(.constdata)
    c$$dinf                                  0x0800690c   Section        8  fpconst.o(c$$dinf)
    c$$dmax                                  0x08006914   Section        8  fpconst.o(c$$dmax)
    locale$$data                             0x0800691c   Section       28  lc_numeric_c.o(locale$$data)
    __lcnum_c_name                           0x08006920   Data           2  lc_numeric_c.o(locale$$data)
    __lcnum_c_start                          0x08006928   Data           0  lc_numeric_c.o(locale$$data)
    __lcnum_c_point                          0x08006934   Data           0  lc_numeric_c.o(locale$$data)
    __lcnum_c_thousands                      0x08006936   Data           0  lc_numeric_c.o(locale$$data)
    __lcnum_c_grouping                       0x08006937   Data           0  lc_numeric_c.o(locale$$data)
    locale$$data                             0x08006938   Section      272  lc_ctype_c.o(locale$$data)
    __lcnum_c_end                            0x08006938   Data           0  lc_numeric_c.o(locale$$data)
    __lcctype_c_name                         0x0800693c   Data           2  lc_ctype_c.o(locale$$data)
    __lcctype_c_start                        0x08006944   Data           0  lc_ctype_c.o(locale$$data)
    __lcctype_c_end                          0x08006a48   Data           0  lc_ctype_c.o(locale$$data)
    .data                                    0x20000000   Section       16  stm32f4xx_rcc.o(.data)
    APBAHBPrescTable                         0x20000000   Data          16  stm32f4xx_rcc.o(.data)
    .data                                    0x20000010   Section        4  delay.o(.data)
    fac_us                                   0x20000010   Data           1  delay.o(.data)
    fac_ms                                   0x20000012   Data           2  delay.o(.data)
    .data                                    0x20000014   Section       60  usart.o(.data)
    .data                                    0x20000050   Section       76  a4988.o(.data)
    flag                                     0x20000088   Data          12  a4988.o(.data)
    translation                              0x20000094   Data           4  a4988.o(.data)
    translation1                             0x20000098   Data           4  a4988.o(.data)
    .bss                                     0x2000009c   Section      572  usart.o(.bss)
    .bss                                     0x200002d8   Section       96  libspace.o(.bss)
    HEAP                                     0x20000338   Section      512  startup_stm32f40_41xxx.o(HEAP)
    Heap_Mem                                 0x20000338   Data         512  startup_stm32f40_41xxx.o(HEAP)
    STACK                                    0x20000538   Section     1024  startup_stm32f40_41xxx.o(STACK)
    Stack_Mem                                0x20000538   Data        1024  startup_stm32f40_41xxx.o(STACK)
    __initial_sp                             0x20000938   Data           0  startup_stm32f40_41xxx.o(STACK)

    Global Symbols

    Symbol Name                              Value     Ov Type        Size  Object(Section)

    BuildAttributes$$THM_ISAv4$E$P$D$K$B$S$7EM$VFPi3$EXTD16$VFPS$VFMA$PE$A:L22UL41UL21$X:L11$S22US41US21$IEEE1$IW$USESV6$~STKCKD$USESV7$~SHL$OTIME$ROPI$IEEEX$EBA8$UX$STANDARDLIB$REQ8$PRES8$EABIv2 0x00000000   Number         0  anon$$obj.o ABSOLUTE
    __ARM_use_no_argv                        0x00000000   Number         0  main.o ABSOLUTE
    _printf_flags                            0x00000000   Number         0  printf_stubs.o ABSOLUTE
    _printf_return_value                     0x00000000   Number         0  printf_stubs.o ABSOLUTE
    _printf_sizespec                         0x00000000   Number         0  printf_stubs.o ABSOLUTE
    _printf_widthprec                        0x00000000   Number         0  printf_stubs.o ABSOLUTE
    __ARM_exceptions_init                     - Undefined Weak Reference
    __alloca_initialize                       - Undefined Weak Reference
    __arm_preinit_                            - Undefined Weak Reference
    __cpp_initialize__aeabi_                  - Undefined Weak Reference
    __cxa_finalize                            - Undefined Weak Reference
    __sigvec_lookup                           - Undefined Weak Reference
    _atexit_init                              - Undefined Weak Reference
    _call_atexit_fns                          - Undefined Weak Reference
    _clock_init                               - Undefined Weak Reference
    _fp_trap_init                             - Undefined Weak Reference
    _fp_trap_shutdown                         - Undefined Weak Reference
    _get_lc_collate                           - Undefined Weak Reference
    _get_lc_monetary                          - Undefined Weak Reference
    _get_lc_time                              - Undefined Weak Reference
    _getenv_init                              - Undefined Weak Reference
    _handle_redirection                       - Undefined Weak Reference
    _init_alloc                               - Undefined Weak Reference
    _init_user_alloc                          - Undefined Weak Reference
    _initio                                   - Undefined Weak Reference
    _mutex_acquire                            - Undefined Weak Reference
    _mutex_release                            - Undefined Weak Reference
    _printf_mbtowc                            - Undefined Weak Reference
    _printf_wc                                - Undefined Weak Reference
    _rand_init                                - Undefined Weak Reference
    _signal_finish                            - Undefined Weak Reference
    _signal_init                              - Undefined Weak Reference
    _terminate_alloc                          - Undefined Weak Reference
    _terminate_user_alloc                     - Undefined Weak Reference
    _terminateio                              - Undefined Weak Reference
    __Vectors_Size                           0x00000188   Number         0  startup_stm32f40_41xxx.o ABSOLUTE
    __Vectors                                0x08000000   Data           4  startup_stm32f40_41xxx.o(RESET)
    __Vectors_End                            0x08000188   Data           0  startup_stm32f40_41xxx.o(RESET)
    __main                                   0x08000189   Thumb Code     8  __main.o(!!!main)
    __scatterload                            0x08000191   Thumb Code     0  __scatter.o(!!!scatter)
    __scatterload_rt2                        0x08000191   Thumb Code    44  __scatter.o(!!!scatter)
    __scatterload_rt2_thumb_only             0x08000191   Thumb Code     0  __scatter.o(!!!scatter)
    __scatterload_null                       0x0800019f   Thumb Code     0  __scatter.o(!!!scatter)
    __scatterload_copy                       0x080001c5   Thumb Code    26  __scatter_copy.o(!!handler_copy)
    __scatterload_zeroinit                   0x080001e1   Thumb Code    28  __scatter_zi.o(!!handler_zi)
    _printf_f                                0x080001fd   Thumb Code     0  _printf_f.o(.ARM.Collect$$_printf_percent$$00000003)
    _printf_percent                          0x080001fd   Thumb Code     0  _printf_percent.o(.ARM.Collect$$_printf_percent$$00000000)
    _printf_s                                0x08000203   Thumb Code     0  _printf_s.o(.ARM.Collect$$_printf_percent$$00000014)
    _printf_percent_end                      0x08000209   Thumb Code     0  _printf_percent_end.o(.ARM.Collect$$_printf_percent$$00000017)
    __rt_lib_init                            0x0800020d   Thumb Code     0  libinit.o(.ARM.Collect$$libinit$$00000000)
    __rt_lib_init_fp_1                       0x0800020f   Thumb Code     0  libinit2.o(.ARM.Collect$$libinit$$00000001)
    __rt_lib_init_heap_1                     0x08000213   Thumb Code     0  libinit2.o(.ARM.Collect$$libinit$$0000000A)
    __rt_lib_init_lc_common                  0x08000213   Thumb Code     0  libinit2.o(.ARM.Collect$$libinit$$0000000F)
    __rt_lib_init_preinit_1                  0x08000213   Thumb Code     0  libinit2.o(.ARM.Collect$$libinit$$00000004)
    __rt_lib_init_rand_1                     0x08000213   Thumb Code     0  libinit2.o(.ARM.Collect$$libinit$$0000000E)
    __rt_lib_init_user_alloc_1               0x08000213   Thumb Code     0  libinit2.o(.ARM.Collect$$libinit$$0000000C)
    __rt_lib_init_lc_collate_1               0x08000219   Thumb Code     0  libinit2.o(.ARM.Collect$$libinit$$00000011)
    __rt_lib_init_lc_ctype_2                 0x08000219   Thumb Code     0  libinit2.o(.ARM.Collect$$libinit$$00000012)
    __rt_lib_init_lc_ctype_1                 0x08000225   Thumb Code     0  libinit2.o(.ARM.Collect$$libinit$$00000013)
    __rt_lib_init_lc_monetary_1              0x08000225   Thumb Code     0  libinit2.o(.ARM.Collect$$libinit$$00000015)
    __rt_lib_init_lc_numeric_2               0x08000225   Thumb Code     0  libinit2.o(.ARM.Collect$$libinit$$00000016)
    __rt_lib_init_alloca_1                   0x0800022f   Thumb Code     0  libinit2.o(.ARM.Collect$$libinit$$0000002E)
    __rt_lib_init_argv_1                     0x0800022f   Thumb Code     0  libinit2.o(.ARM.Collect$$libinit$$0000002C)
    __rt_lib_init_atexit_1                   0x0800022f   Thumb Code     0  libinit2.o(.ARM.Collect$$libinit$$0000001B)
    __rt_lib_init_clock_1                    0x0800022f   Thumb Code     0  libinit2.o(.ARM.Collect$$libinit$$00000021)
    __rt_lib_init_cpp_1                      0x0800022f   Thumb Code     0  libinit2.o(.ARM.Collect$$libinit$$00000032)
    __rt_lib_init_exceptions_1               0x0800022f   Thumb Code     0  libinit2.o(.ARM.Collect$$libinit$$00000030)
    __rt_lib_init_fp_trap_1                  0x0800022f   Thumb Code     0  libinit2.o(.ARM.Collect$$libinit$$0000001F)
    __rt_lib_init_getenv_1                   0x0800022f   Thumb Code     0  libinit2.o(.ARM.Collect$$libinit$$00000023)
    __rt_lib_init_lc_numeric_1               0x0800022f   Thumb Code     0  libinit2.o(.ARM.Collect$$libinit$$00000017)
    __rt_lib_init_lc_time_1                  0x0800022f   Thumb Code     0  libinit2.o(.ARM.Collect$$libinit$$00000019)
    __rt_lib_init_return                     0x0800022f   Thumb Code     0  libinit2.o(.ARM.Collect$$libinit$$00000033)
    __rt_lib_init_signal_1                   0x0800022f   Thumb Code     0  libinit2.o(.ARM.Collect$$libinit$$0000001D)
    __rt_lib_init_stdio_1                    0x0800022f   Thumb Code     0  libinit2.o(.ARM.Collect$$libinit$$00000025)
    __rt_lib_shutdown                        0x08000231   Thumb Code     0  libshutdown.o(.ARM.Collect$$libshutdown$$00000000)
    __rt_lib_shutdown_cpp_1                  0x08000233   Thumb Code     0  libshutdown2.o(.ARM.Collect$$libshutdown$$00000002)
    __rt_lib_shutdown_fp_trap_1              0x08000233   Thumb Code     0  libshutdown2.o(.ARM.Collect$$libshutdown$$00000007)
    __rt_lib_shutdown_heap_1                 0x08000233   Thumb Code     0  libshutdown2.o(.ARM.Collect$$libshutdown$$0000000F)
    __rt_lib_shutdown_return                 0x08000233   Thumb Code     0  libshutdown2.o(.ARM.Collect$$libshutdown$$00000010)
    __rt_lib_shutdown_signal_1               0x08000233   Thumb Code     0  libshutdown2.o(.ARM.Collect$$libshutdown$$0000000A)
    __rt_lib_shutdown_stdio_1                0x08000233   Thumb Code     0  libshutdown2.o(.ARM.Collect$$libshutdown$$00000004)
    __rt_lib_shutdown_user_alloc_1           0x08000233   Thumb Code     0  libshutdown2.o(.ARM.Collect$$libshutdown$$0000000C)
    __rt_entry                               0x08000235   Thumb Code     0  __rtentry.o(.ARM.Collect$$rtentry$$00000000)
    __rt_entry_presh_1                       0x08000235   Thumb Code     0  __rtentry2.o(.ARM.Collect$$rtentry$$00000002)
    __rt_entry_sh                            0x08000235   Thumb Code     0  __rtentry4.o(.ARM.Collect$$rtentry$$00000004)
    __rt_entry_li                            0x0800023b   Thumb Code     0  __rtentry2.o(.ARM.Collect$$rtentry$$0000000A)
    __rt_entry_postsh_1                      0x0800023b   Thumb Code     0  __rtentry2.o(.ARM.Collect$$rtentry$$00000009)
    __rt_entry_main                          0x0800023f   Thumb Code     0  __rtentry2.o(.ARM.Collect$$rtentry$$0000000D)
    __rt_entry_postli_1                      0x0800023f   Thumb Code     0  __rtentry2.o(.ARM.Collect$$rtentry$$0000000C)
    __rt_exit                                0x08000247   Thumb Code     0  rtexit.o(.ARM.Collect$$rtexit$$00000000)
    __rt_exit_ls                             0x08000249   Thumb Code     0  rtexit2.o(.ARM.Collect$$rtexit$$00000003)
    __rt_exit_prels_1                        0x08000249   Thumb Code     0  rtexit2.o(.ARM.Collect$$rtexit$$00000002)
    __rt_exit_exit                           0x0800024d   Thumb Code     0  rtexit2.o(.ARM.Collect$$rtexit$$00000004)
    Reset_Handler                            0x08000255   Thumb Code     8  startup_stm32f40_41xxx.o(.text)
    ADC_IRQHandler                           0x0800026f   Thumb Code     0  startup_stm32f40_41xxx.o(.text)
    CAN1_RX0_IRQHandler                      0x0800026f   Thumb Code     0  startup_stm32f40_41xxx.o(.text)
    CAN1_RX1_IRQHandler                      0x0800026f   Thumb Code     0  startup_stm32f40_41xxx.o(.text)
    CAN1_SCE_IRQHandler                      0x0800026f   Thumb Code     0  startup_stm32f40_41xxx.o(.text)
    CAN1_TX_IRQHandler                       0x0800026f   Thumb Code     0  startup_stm32f40_41xxx.o(.text)
    CAN2_RX0_IRQHandler                      0x0800026f   Thumb Code     0  startup_stm32f40_41xxx.o(.text)
    CAN2_RX1_IRQHandler                      0x0800026f   Thumb Code     0  startup_stm32f40_41xxx.o(.text)
    CAN2_SCE_IRQHandler                      0x0800026f   Thumb Code     0  startup_stm32f40_41xxx.o(.text)
    CAN2_TX_IRQHandler                       0x0800026f   Thumb Code     0  startup_stm32f40_41xxx.o(.text)
    CRYP_IRQHandler                          0x0800026f   Thumb Code     0  startup_stm32f40_41xxx.o(.text)
    DCMI_IRQHandler                          0x0800026f   Thumb Code     0  startup_stm32f40_41xxx.o(.text)
    DMA1_Stream0_IRQHandler                  0x0800026f   Thumb Code     0  startup_stm32f40_41xxx.o(.text)
    DMA1_Stream1_IRQHandler                  0x0800026f   Thumb Code     0  startup_stm32f40_41xxx.o(.text)
    DMA1_Stream2_IRQHandler                  0x0800026f   Thumb Code     0  startup_stm32f40_41xxx.o(.text)
    DMA1_Stream3_IRQHandler                  0x0800026f   Thumb Code     0  startup_stm32f40_41xxx.o(.text)
    DMA1_Stream4_IRQHandler                  0x0800026f   Thumb Code     0  startup_stm32f40_41xxx.o(.text)
    DMA1_Stream5_IRQHandler                  0x0800026f   Thumb Code     0  startup_stm32f40_41xxx.o(.text)
    DMA1_Stream6_IRQHandler                  0x0800026f   Thumb Code     0  startup_stm32f40_41xxx.o(.text)
    DMA1_Stream7_IRQHandler                  0x0800026f   Thumb Code     0  startup_stm32f40_41xxx.o(.text)
    DMA2_Stream0_IRQHandler                  0x0800026f   Thumb Code     0  startup_stm32f40_41xxx.o(.text)
    DMA2_Stream1_IRQHandler                  0x0800026f   Thumb Code     0  startup_stm32f40_41xxx.o(.text)
    DMA2_Stream2_IRQHandler                  0x0800026f   Thumb Code     0  startup_stm32f40_41xxx.o(.text)
    DMA2_Stream3_IRQHandler                  0x0800026f   Thumb Code     0  startup_stm32f40_41xxx.o(.text)
    DMA2_Stream4_IRQHandler                  0x0800026f   Thumb Code     0  startup_stm32f40_41xxx.o(.text)
    DMA2_Stream5_IRQHandler                  0x0800026f   Thumb Code     0  startup_stm32f40_41xxx.o(.text)
    DMA2_Stream6_IRQHandler                  0x0800026f   Thumb Code     0  startup_stm32f40_41xxx.o(.text)
    DMA2_Stream7_IRQHandler                  0x0800026f   Thumb Code     0  startup_stm32f40_41xxx.o(.text)
    ETH_IRQHandler                           0x0800026f   Thumb Code     0  startup_stm32f40_41xxx.o(.text)
    ETH_WKUP_IRQHandler                      0x0800026f   Thumb Code     0  startup_stm32f40_41xxx.o(.text)
    EXTI0_IRQHandler                         0x0800026f   Thumb Code     0  startup_stm32f40_41xxx.o(.text)
    EXTI15_10_IRQHandler                     0x0800026f   Thumb Code     0  startup_stm32f40_41xxx.o(.text)
    EXTI1_IRQHandler                         0x0800026f   Thumb Code     0  startup_stm32f40_41xxx.o(.text)
    EXTI2_IRQHandler                         0x0800026f   Thumb Code     0  startup_stm32f40_41xxx.o(.text)
    EXTI3_IRQHandler                         0x0800026f   Thumb Code     0  startup_stm32f40_41xxx.o(.text)
    EXTI4_IRQHandler                         0x0800026f   Thumb Code     0  startup_stm32f40_41xxx.o(.text)
    EXTI9_5_IRQHandler                       0x0800026f   Thumb Code     0  startup_stm32f40_41xxx.o(.text)
    FLASH_IRQHandler                         0x0800026f   Thumb Code     0  startup_stm32f40_41xxx.o(.text)
    FPU_IRQHandler                           0x0800026f   Thumb Code     0  startup_stm32f40_41xxx.o(.text)
    FSMC_IRQHandler                          0x0800026f   Thumb Code     0  startup_stm32f40_41xxx.o(.text)
    HASH_RNG_IRQHandler                      0x0800026f   Thumb Code     0  startup_stm32f40_41xxx.o(.text)
    I2C1_ER_IRQHandler                       0x0800026f   Thumb Code     0  startup_stm32f40_41xxx.o(.text)
    I2C1_EV_IRQHandler                       0x0800026f   Thumb Code     0  startup_stm32f40_41xxx.o(.text)
    I2C2_ER_IRQHandler                       0x0800026f   Thumb Code     0  startup_stm32f40_41xxx.o(.text)
    I2C2_EV_IRQHandler                       0x0800026f   Thumb Code     0  startup_stm32f40_41xxx.o(.text)
    I2C3_ER_IRQHandler                       0x0800026f   Thumb Code     0  startup_stm32f40_41xxx.o(.text)
    I2C3_EV_IRQHandler                       0x0800026f   Thumb Code     0  startup_stm32f40_41xxx.o(.text)
    OTG_FS_IRQHandler                        0x0800026f   Thumb Code     0  startup_stm32f40_41xxx.o(.text)
    OTG_FS_WKUP_IRQHandler                   0x0800026f   Thumb Code     0  startup_stm32f40_41xxx.o(.text)
    OTG_HS_EP1_IN_IRQHandler                 0x0800026f   Thumb Code     0  startup_stm32f40_41xxx.o(.text)
    OTG_HS_EP1_OUT_IRQHandler                0x0800026f   Thumb Code     0  startup_stm32f40_41xxx.o(.text)
    OTG_HS_IRQHandler                        0x0800026f   Thumb Code     0  startup_stm32f40_41xxx.o(.text)
    OTG_HS_WKUP_IRQHandler                   0x0800026f   Thumb Code     0  startup_stm32f40_41xxx.o(.text)
    PVD_IRQHandler                           0x0800026f   Thumb Code     0  startup_stm32f40_41xxx.o(.text)
    RCC_IRQHandler                           0x0800026f   Thumb Code     0  startup_stm32f40_41xxx.o(.text)
    RTC_Alarm_IRQHandler                     0x0800026f   Thumb Code     0  startup_stm32f40_41xxx.o(.text)
    RTC_WKUP_IRQHandler                      0x0800026f   Thumb Code     0  startup_stm32f40_41xxx.o(.text)
    SDIO_IRQHandler                          0x0800026f   Thumb Code     0  startup_stm32f40_41xxx.o(.text)
    SPI1_IRQHandler                          0x0800026f   Thumb Code     0  startup_stm32f40_41xxx.o(.text)
    SPI2_IRQHandler                          0x0800026f   Thumb Code     0  startup_stm32f40_41xxx.o(.text)
    SPI3_IRQHandler                          0x0800026f   Thumb Code     0  startup_stm32f40_41xxx.o(.text)
    TAMP_STAMP_IRQHandler                    0x0800026f   Thumb Code     0  startup_stm32f40_41xxx.o(.text)
    TIM1_BRK_TIM9_IRQHandler                 0x0800026f   Thumb Code     0  startup_stm32f40_41xxx.o(.text)
    TIM1_CC_IRQHandler                       0x0800026f   Thumb Code     0  startup_stm32f40_41xxx.o(.text)
    TIM1_TRG_COM_TIM11_IRQHandler            0x0800026f   Thumb Code     0  startup_stm32f40_41xxx.o(.text)
    TIM1_UP_TIM10_IRQHandler                 0x0800026f   Thumb Code     0  startup_stm32f40_41xxx.o(.text)
    TIM2_IRQHandler                          0x0800026f   Thumb Code     0  startup_stm32f40_41xxx.o(.text)
    TIM3_IRQHandler                          0x0800026f   Thumb Code     0  startup_stm32f40_41xxx.o(.text)
    TIM4_IRQHandler                          0x0800026f   Thumb Code     0  startup_stm32f40_41xxx.o(.text)
    TIM5_IRQHandler                          0x0800026f   Thumb Code     0  startup_stm32f40_41xxx.o(.text)
    TIM6_DAC_IRQHandler                      0x0800026f   Thumb Code     0  startup_stm32f40_41xxx.o(.text)
    TIM7_IRQHandler                          0x0800026f   Thumb Code     0  startup_stm32f40_41xxx.o(.text)
    TIM8_BRK_TIM12_IRQHandler                0x0800026f   Thumb Code     0  startup_stm32f40_41xxx.o(.text)
    TIM8_CC_IRQHandler                       0x0800026f   Thumb Code     0  startup_stm32f40_41xxx.o(.text)
    TIM8_TRG_COM_TIM14_IRQHandler            0x0800026f   Thumb Code     0  startup_stm32f40_41xxx.o(.text)
    TIM8_UP_TIM13_IRQHandler                 0x0800026f   Thumb Code     0  startup_stm32f40_41xxx.o(.text)
    UART4_IRQHandler                         0x0800026f   Thumb Code     0  startup_stm32f40_41xxx.o(.text)
    UART5_IRQHandler                         0x0800026f   Thumb Code     0  startup_stm32f40_41xxx.o(.text)
    USART2_IRQHandler                        0x0800026f   Thumb Code     0  startup_stm32f40_41xxx.o(.text)
    USART3_IRQHandler                        0x0800026f   Thumb Code     0  startup_stm32f40_41xxx.o(.text)
    USART6_IRQHandler                        0x0800026f   Thumb Code     0  startup_stm32f40_41xxx.o(.text)
    WWDG_IRQHandler                          0x0800026f   Thumb Code     0  startup_stm32f40_41xxx.o(.text)
    __user_initial_stackheap                 0x08000271   Thumb Code     0  startup_stm32f40_41xxx.o(.text)
    __use_no_semihosting                     0x08000295   Thumb Code     2  use_no_semi_2.o(.text)
    __2printf                                0x08000299   Thumb Code    20  __2printf.o(.text)
    _printf_str                              0x080002b1   Thumb Code    82  _printf_str.o(.text)
    __printf                                 0x08000305   Thumb Code   388  __printf_flags_ss_wp.o(.text)
    atoi                                     0x0800048d   Thumb Code    26  atoi.o(.text)
    strchr                                   0x080004a7   Thumb Code    20  strchr.o(.text)
    __aeabi_memclr4                          0x080004bb   Thumb Code     0  rt_memclr_w.o(.text)
    __aeabi_memclr8                          0x080004bb   Thumb Code     0  rt_memclr_w.o(.text)
    __rt_memclr_w                            0x080004bb   Thumb Code    78  rt_memclr_w.o(.text)
    _memset_w                                0x080004bf   Thumb Code     0  rt_memclr_w.o(.text)
    __use_two_region_memory                  0x08000509   Thumb Code     2  heapauxi.o(.text)
    __rt_heap_escrow$2region                 0x0800050b   Thumb Code     2  heapauxi.o(.text)
    __rt_heap_expand$2region                 0x0800050d   Thumb Code     2  heapauxi.o(.text)
    __I$use$semihosting                      0x0800050f   Thumb Code     0  use_no_semi.o(.text)
    __use_no_semihosting_swi                 0x0800050f   Thumb Code     2  use_no_semi.o(.text)
    __aeabi_errno_addr                       0x08000511   Thumb Code     8  rt_errno_addr_intlibspace.o(.text)
    __errno$intlibspace                      0x08000511   Thumb Code     0  rt_errno_addr_intlibspace.o(.text)
    __rt_errno_addr$intlibspace              0x08000511   Thumb Code     0  rt_errno_addr_intlibspace.o(.text)
    __read_errno                             0x08000519   Thumb Code    10  _rserrno.o(.text)
    __set_errno                              0x08000523   Thumb Code    12  _rserrno.o(.text)
    __lib_sel_fp_printf                      0x0800052f   Thumb Code     2  _printf_fp_dec.o(.text)
    _printf_fp_dec_real                      0x080006e1   Thumb Code   620  _printf_fp_dec.o(.text)
    _printf_char_common                      0x08000957   Thumb Code    32  _printf_char_common.o(.text)
    _printf_cs_common                        0x0800097d   Thumb Code    20  _printf_char.o(.text)
    _printf_char                             0x08000991   Thumb Code    16  _printf_char.o(.text)
    _printf_string                           0x080009a1   Thumb Code     8  _printf_char.o(.text)
    _printf_char_file                        0x080009a9   Thumb Code    32  _printf_char_file.o(.text)
    __strtod_int                             0x08000a09   Thumb Code    90  strtod.o(.text)
    strtol                                   0x08000a71   Thumb Code   112  strtol.o(.text)
    __user_libspace                          0x08000ae1   Thumb Code     8  libspace.o(.text)
    __user_perproc_libspace                  0x08000ae1   Thumb Code     0  libspace.o(.text)
    __user_perthread_libspace                0x08000ae1   Thumb Code     0  libspace.o(.text)
    __rt_ctype_table                         0x08000ae9   Thumb Code    16  rt_ctype_table.o(.text)
    __rt_locale                              0x08000af9   Thumb Code     8  rt_locale_intlibspace.o(.text)
    _ll_udiv10                               0x08000b01   Thumb Code   138  lludiv10.o(.text)
    isspace                                  0x08000b8b   Thumb Code    18  isspace.o(.text)
    _printf_fp_infnan                        0x08000b9d   Thumb Code   112  _printf_fp_infnan.o(.text)
    _sgetc                                   0x08000c1d   Thumb Code    30  _sgetc.o(.text)
    _sbackspace                              0x08000c3b   Thumb Code    34  _sgetc.o(.text)
    _strtoul                                 0x08000c5d   Thumb Code   158  _strtoul.o(.text)
    _btod_etento                             0x08000cfd   Thumb Code   224  bigflt0.o(.text)
    ferror                                   0x08000de1   Thumb Code     8  ferror.o(.text)
    __user_setup_stackheap                   0x08000de9   Thumb Code    74  sys_stackheap_outer.o(.text)
    _chval                                   0x08000e33   Thumb Code    28  _chval.o(.text)
    _scanf_really_real                       0x0800109d   Thumb Code   684  scanf_fp.o(.text)
    exit                                     0x08001349   Thumb Code    18  exit.o(.text)
    strcmp                                   0x0800135d   Thumb Code   128  strcmpv7m.o(.text)
    _scanf_really_hex_real                   0x080013dd   Thumb Code   786  scanf_hexfp.o(.text)
    _scanf_really_infnan                     0x080016fd   Thumb Code   292  scanf_infnan.o(.text)
    __aeabi_llsl                             0x08001831   Thumb Code     0  llshl.o(.text)
    _ll_shift_l                              0x08001831   Thumb Code    38  llshl.o(.text)
    _btod_d2e                                0x08001857   Thumb Code    62  btod.o(CL$$btod_d2e)
    _d2e_denorm_low                          0x08001895   Thumb Code    70  btod.o(CL$$btod_d2e_denorm_low)
    _d2e_norm_op1                            0x080018db   Thumb Code    96  btod.o(CL$$btod_d2e_norm_op1)
    __btod_div_common                        0x0800193b   Thumb Code   696  btod.o(CL$$btod_div_common)
    _e2d                                     0x08001c75   Thumb Code   122  btod.o(CL$$btod_e2d)
    _e2e                                     0x08001cf9   Thumb Code   220  btod.o(CL$$btod_e2e)
    _btod_ediv                               0x08001dd5   Thumb Code    42  btod.o(CL$$btod_ediv)
    _btod_edivd                              0x08001dff   Thumb Code    42  btod.o(CL$$btod_edivd)
    _btod_emul                               0x08001e29   Thumb Code    42  btod.o(CL$$btod_emul)
    _btod_emuld                              0x08001e53   Thumb Code    42  btod.o(CL$$btod_emuld)
    __btod_mult_common                       0x08001e7d   Thumb Code   580  btod.o(CL$$btod_mult_common)
    BusFault_Handler                         0x080020c1   Thumb Code     4  stm32f4xx_it.o(i.BusFault_Handler)
    DebugMon_Handler                         0x080020c5   Thumb Code     2  stm32f4xx_it.o(i.DebugMon_Handler)
    GPIO_Init                                0x080020c7   Thumb Code   144  stm32f4xx_gpio.o(i.GPIO_Init)
    GPIO_PinAFConfig                         0x08002157   Thumb Code    70  stm32f4xx_gpio.o(i.GPIO_PinAFConfig)
    GPIO_ReadInputDataBit                    0x0800219d   Thumb Code    18  stm32f4xx_gpio.o(i.GPIO_ReadInputDataBit)
    GPIO_ResetBits                           0x080021af   Thumb Code     4  stm32f4xx_gpio.o(i.GPIO_ResetBits)
    GPIO_SetBits                             0x080021b3   Thumb Code     4  stm32f4xx_gpio.o(i.GPIO_SetBits)
    HardFault_Handler                        0x080021b7   Thumb Code     4  stm32f4xx_it.o(i.HardFault_Handler)
    KEY_Init                                 0x080021bd   Thumb Code    42  key.o(i.KEY_Init)
    LED_Init                                 0x080021ed   Thumb Code    50  led.o(i.LED_Init)
    MemManage_Handler                        0x08002225   Thumb Code     4  stm32f4xx_it.o(i.MemManage_Handler)
    Move_X_New                               0x08002229   Thumb Code   362  a4988.o(i.Move_X_New)
    Move_Y_New                               0x080023bd   Thumb Code   342  a4988.o(i.Move_Y_New)
    NMI_Handler                              0x0800253d   Thumb Code     2  stm32f4xx_it.o(i.NMI_Handler)
    NVIC_Init                                0x08002541   Thumb Code   106  misc.o(i.NVIC_Init)
    NVIC_PriorityGroupConfig                 0x080025b9   Thumb Code    10  misc.o(i.NVIC_PriorityGroupConfig)
    OLED_Clear                               0x080025cd   Thumb Code    62  oled.o(i.OLED_Clear)
    OLED_IIC_Delay                           0x0800260b   Thumb Code    26  oled.o(i.OLED_IIC_Delay)
    OLED_IIC_Start                           0x08002625   Thumb Code    48  oled.o(i.OLED_IIC_Start)
    OLED_IIC_Stop                            0x08002659   Thumb Code    48  oled.o(i.OLED_IIC_Stop)
    OLED_IIC_Wait_Ack                        0x0800268d   Thumb Code   116  oled.o(i.OLED_IIC_Wait_Ack)
    OLED_Init                                0x08002705   Thumb Code   306  oled.o(i.OLED_Init)
    OLED_Set_Pos                             0x0800283d   Thumb Code    40  oled.o(i.OLED_Set_Pos)
    OLED_ShowChar                            0x08002865   Thumb Code   154  oled.o(i.OLED_ShowChar)
    OLED_ShowString                          0x08002909   Thumb Code    58  oled.o(i.OLED_ShowString)
    OLED_WR_Byte                             0x08002943   Thumb Code    24  oled.o(i.OLED_WR_Byte)
    OLED_Write_IIC_Byte                      0x0800295d   Thumb Code    82  oled.o(i.OLED_Write_IIC_Byte)
    OLED_Write_IIC_Command                   0x080029b5   Thumb Code    44  oled.o(i.OLED_Write_IIC_Command)
    OLED_Write_IIC_Data                      0x080029e1   Thumb Code    44  oled.o(i.OLED_Write_IIC_Data)
    PendSV_Handler                           0x08002a0d   Thumb Code     2  stm32f4xx_it.o(i.PendSV_Handler)
    Put_Down                                 0x08002a11   Thumb Code    22  pwm.o(i.Put_Down)
    Put_Up                                   0x08002a2d   Thumb Code    22  pwm.o(i.Put_Up)
    RCC_AHB1PeriphClockCmd                   0x08002a49   Thumb Code    26  stm32f4xx_rcc.o(i.RCC_AHB1PeriphClockCmd)
    RCC_APB1PeriphClockCmd                   0x08002a69   Thumb Code    26  stm32f4xx_rcc.o(i.RCC_APB1PeriphClockCmd)
    RCC_APB1PeriphResetCmd                   0x08002a89   Thumb Code    26  stm32f4xx_rcc.o(i.RCC_APB1PeriphResetCmd)
    RCC_APB2PeriphClockCmd                   0x08002aa9   Thumb Code    26  stm32f4xx_rcc.o(i.RCC_APB2PeriphClockCmd)
    RCC_APB2PeriphResetCmd                   0x08002ac9   Thumb Code    26  stm32f4xx_rcc.o(i.RCC_APB2PeriphResetCmd)
    RCC_GetClocksFreq                        0x08002ae9   Thumb Code   214  stm32f4xx_rcc.o(i.RCC_GetClocksFreq)
    SVC_Handler                              0x08002bd1   Thumb Code     2  stm32f4xx_it.o(i.SVC_Handler)
    Stepper_Motor_Init                       0x08002cc1   Thumb Code    76  a4988.o(i.Stepper_Motor_Init)
    SysTick_CLKSourceConfig                  0x08002d19   Thumb Code    40  misc.o(i.SysTick_CLKSourceConfig)
    SysTick_Handler                          0x08002d41   Thumb Code     2  stm32f4xx_it.o(i.SysTick_Handler)
    SystemInit                               0x08002d45   Thumb Code    88  system_stm32f4xx.o(i.SystemInit)
    TIM4_PWM_Init                            0x08002dad   Thumb Code   240  pwm.o(i.TIM4_PWM_Init)
    TIM_ARRPreloadConfig                     0x08002ea5   Thumb Code    24  stm32f4xx_tim.o(i.TIM_ARRPreloadConfig)
    TIM_Cmd                                  0x08002ebd   Thumb Code    24  stm32f4xx_tim.o(i.TIM_Cmd)
    TIM_OC1Init                              0x08002ed5   Thumb Code   114  stm32f4xx_tim.o(i.TIM_OC1Init)
    TIM_OC1PreloadConfig                     0x08002f51   Thumb Code    18  stm32f4xx_tim.o(i.TIM_OC1PreloadConfig)
    TIM_OC2Init                              0x08002f65   Thumb Code   154  stm32f4xx_tim.o(i.TIM_OC2Init)
    TIM_OC2PreloadConfig                     0x08003009   Thumb Code    26  stm32f4xx_tim.o(i.TIM_OC2PreloadConfig)
    TIM_OC3Init                              0x08003025   Thumb Code   150  stm32f4xx_tim.o(i.TIM_OC3Init)
    TIM_OC3PreloadConfig                     0x080030c5   Thumb Code    18  stm32f4xx_tim.o(i.TIM_OC3PreloadConfig)
    TIM_OC4Init                              0x080030d9   Thumb Code   112  stm32f4xx_tim.o(i.TIM_OC4Init)
    TIM_OC4PreloadConfig                     0x08003151   Thumb Code    26  stm32f4xx_tim.o(i.TIM_OC4PreloadConfig)
    TIM_SetCompare4                          0x0800316b   Thumb Code     4  stm32f4xx_tim.o(i.TIM_SetCompare4)
    TIM_TimeBaseInit                         0x08003171   Thumb Code   104  stm32f4xx_tim.o(i.TIM_TimeBaseInit)
    USART1_IRQHandler                        0x080031f5   Thumb Code   308  usart.o(i.USART1_IRQHandler)
    USART_ClearFlag                          0x08003375   Thumb Code    18  stm32f4xx_usart.o(i.USART_ClearFlag)
    USART_ClearITPendingBit                  0x08003387   Thumb Code    30  stm32f4xx_usart.o(i.USART_ClearITPendingBit)
    USART_Cmd                                0x080033a5   Thumb Code    24  stm32f4xx_usart.o(i.USART_Cmd)
    USART_DeInit                             0x080033bd   Thumb Code   206  stm32f4xx_usart.o(i.USART_DeInit)
    USART_GetFlagStatus                      0x080034ad   Thumb Code    26  stm32f4xx_usart.o(i.USART_GetFlagStatus)
    USART_GetITStatus                        0x080034c7   Thumb Code    84  stm32f4xx_usart.o(i.USART_GetITStatus)
    USART_ITConfig                           0x0800351b   Thumb Code    74  stm32f4xx_usart.o(i.USART_ITConfig)
    USART_Init                               0x08003565   Thumb Code   204  stm32f4xx_usart.o(i.USART_Init)
    USART_ReceiveData                        0x08003639   Thumb Code    10  stm32f4xx_usart.o(i.USART_ReceiveData)
    UsageFault_Handler                       0x08003643   Thumb Code     4  stm32f4xx_it.o(i.UsageFault_Handler)
    __ARM_fpclassify                         0x08003647   Thumb Code    48  fpclassify.o(i.__ARM_fpclassify)
    __hardfp___mathlib_tofloat               0x08003679   Thumb Code   232  narrow.o(i.__hardfp___mathlib_tofloat)
    __hardfp_atof                            0x08003771   Thumb Code    44  atof.o(i.__hardfp_atof)
    __hardfp_cos                             0x080037a9   Thumb Code   180  cos.o(i.__hardfp_cos)
    __hardfp_fabs                            0x08003871   Thumb Code    20  fabs.o(i.__hardfp_fabs)
    __hardfp_ldexp                           0x08003889   Thumb Code   200  ldexp.o(i.__hardfp_ldexp)
    __hardfp_sin                             0x08003959   Thumb Code   180  sin.o(i.__hardfp_sin)
    __ieee754_rem_pio2                       0x08003a21   Thumb Code   938  rred.o(i.__ieee754_rem_pio2)
    __kernel_cos                             0x08003e59   Thumb Code   322  cos_i.o(i.__kernel_cos)
    __kernel_poly                            0x08003fc9   Thumb Code   248  poly.o(i.__kernel_poly)
    __kernel_sin                             0x080040c1   Thumb Code   280  sin_i.o(i.__kernel_sin)
    __mathlib_dbl_infnan                     0x080041f1   Thumb Code    20  dunder.o(i.__mathlib_dbl_infnan)
    __mathlib_dbl_invalid                    0x08004209   Thumb Code    24  dunder.o(i.__mathlib_dbl_invalid)
    __mathlib_dbl_overflow                   0x08004229   Thumb Code    24  dunder.o(i.__mathlib_dbl_overflow)
    __mathlib_dbl_underflow                  0x08004249   Thumb Code    24  dunder.o(i.__mathlib_dbl_underflow)
    __mathlib_narrow                         0x08004269   Thumb Code    18  narrow.o(i.__mathlib_narrow)
    __support_ldexp                          0x0800427b   Thumb Code    20  ldexp.o(i.__support_ldexp)
    _is_digit                                0x0800428f   Thumb Code    14  __printf_wp.o(i._is_digit)
    _sys_exit                                0x0800429d   Thumb Code     4  usart.o(i._sys_exit)
    delay_init                               0x080042a1   Thumb Code    52  delay.o(i.delay_init)
    delay_ms                                 0x080042dd   Thumb Code    56  delay.o(i.delay_ms)
    delay_us                                 0x08004315   Thumb Code    72  delay.o(i.delay_us)
    delay_xms                                0x08004361   Thumb Code    72  delay.o(i.delay_xms)
    drawLine                                 0x080043ad   Thumb Code   484  usart.o(i.drawLine)
    drawRect                                 0x080045b5   Thumb Code   124  a4988.o(i.drawRect)
    drawSin                                  0x0800463d   Thumb Code   184  a4988.o(i.drawSin)
    drawThreeLeaf                            0x0800471d   Thumb Code   576  a4988.o(i.drawThreeLeaf)
    drawTriangle                             0x080049a5   Thumb Code   142  a4988.o(i.drawTriangle)
    fabs                                     0x08004a45   Thumb Code    24  fabs.o(i.fabs)
    fputc                                    0x08004a5d   Thumb Code    22  usart.o(i.fputc)
    frexp                                    0x08004a79   Thumb Code   118  frexp.o(i.frexp)
    initPos                                  0x08004b05   Thumb Code    52  a4988.o(i.initPos)
    main                                     0x08004b3d   Thumb Code   544  main.o(i.main)
    myabs                                    0x08004da1   Thumb Code    14  a4988.o(i.myabs)
    processIncomingLine                      0x08004db1   Thumb Code   584  usart.o(i.processIncomingLine)
    touch_keys                               0x08005059   Thumb Code    78  key.o(i.touch_keys)
    usart3_init                              0x080050ad   Thumb Code   170  usart.o(i.usart3_init)
    usart_init                               0x08005161   Thumb Code   174  usart.o(i.usart_init)
    _get_lc_numeric                          0x08005219   Thumb Code    44  lc_numeric_c.o(locale$$code)
    _get_lc_ctype                            0x08005245   Thumb Code    44  lc_ctype_c.o(locale$$code)
    __aeabi_dneg                             0x08005271   Thumb Code     0  basic.o(x$fpl$basic)
    _dneg                                    0x08005271   Thumb Code     6  basic.o(x$fpl$basic)
    __aeabi_fneg                             0x08005277   Thumb Code     0  basic.o(x$fpl$basic)
    _fneg                                    0x08005277   Thumb Code     6  basic.o(x$fpl$basic)
    _dabs                                    0x0800527d   Thumb Code     6  basic.o(x$fpl$basic)
    _fabs                                    0x08005283   Thumb Code     6  basic.o(x$fpl$basic)
    __aeabi_d2f                              0x08005289   Thumb Code     0  d2f.o(x$fpl$d2f)
    _d2f                                     0x08005289   Thumb Code    98  d2f.o(x$fpl$d2f)
    __aeabi_dadd                             0x080052ed   Thumb Code     0  daddsub_clz.o(x$fpl$dadd)
    _dadd                                    0x080052ed   Thumb Code   332  daddsub_clz.o(x$fpl$dadd)
    __fpl_dcheck_NaN1                        0x0800543d   Thumb Code    10  dcheck1.o(x$fpl$dcheck1)
    __fpl_dcmp_Inf                           0x0800544d   Thumb Code    24  dcmpi.o(x$fpl$dcmpinf)
    __aeabi_ddiv                             0x08005465   Thumb Code     0  ddiv.o(x$fpl$ddiv)
    _ddiv                                    0x08005465   Thumb Code   552  ddiv.o(x$fpl$ddiv)
    __aeabi_cdcmpeq                          0x08005715   Thumb Code     0  deqf.o(x$fpl$deqf)
    _dcmpeq                                  0x08005715   Thumb Code   120  deqf.o(x$fpl$deqf)
    __aeabi_d2iz                             0x0800578d   Thumb Code     0  dfix.o(x$fpl$dfix)
    _dfix                                    0x0800578d   Thumb Code    94  dfix.o(x$fpl$dfix)
    __aeabi_i2d                              0x080057eb   Thumb Code     0  dflt_clz.o(x$fpl$dflt)
    _dflt                                    0x080057eb   Thumb Code    46  dflt_clz.o(x$fpl$dflt)
    __aeabi_ui2d                             0x08005819   Thumb Code     0  dflt_clz.o(x$fpl$dfltu)
    _dfltu                                   0x08005819   Thumb Code    38  dflt_clz.o(x$fpl$dfltu)
    __aeabi_cdcmple                          0x08005841   Thumb Code     0  dleqf.o(x$fpl$dleqf)
    _dcmple                                  0x08005841   Thumb Code   120  dleqf.o(x$fpl$dleqf)
    __fpl_dcmple_InfNaN                      0x080058a3   Thumb Code     0  dleqf.o(x$fpl$dleqf)
    __aeabi_dmul                             0x080058b9   Thumb Code     0  dmul.o(x$fpl$dmul)
    _dmul                                    0x080058b9   Thumb Code   332  dmul.o(x$fpl$dmul)
    __fpl_dnaninf                            0x08005a0d   Thumb Code   156  dnaninf.o(x$fpl$dnaninf)
    __fpl_dretinf                            0x08005aa9   Thumb Code    12  dretinf.o(x$fpl$dretinf)
    __aeabi_cdrcmple                         0x08005ab5   Thumb Code     0  drleqf.o(x$fpl$drleqf)
    _drcmple                                 0x08005ab5   Thumb Code   108  drleqf.o(x$fpl$drleqf)
    __aeabi_drsub                            0x08005b21   Thumb Code     0  daddsub_clz.o(x$fpl$drsb)
    _drsb                                    0x08005b21   Thumb Code    22  daddsub_clz.o(x$fpl$drsb)
    __aeabi_dsub                             0x08005b39   Thumb Code     0  daddsub_clz.o(x$fpl$dsub)
    _dsub                                    0x08005b39   Thumb Code   464  daddsub_clz.o(x$fpl$dsub)
    __aeabi_f2d                              0x08005d0d   Thumb Code     0  f2d.o(x$fpl$f2d)
    _f2d                                     0x08005d0d   Thumb Code    86  f2d.o(x$fpl$f2d)
    __fpl_fnaninf                            0x08005d63   Thumb Code   140  fnaninf.o(x$fpl$fnaninf)
    _fp_init                                 0x08005def   Thumb Code    10  fpinit.o(x$fpl$fpinit)
    __fplib_config_fpu_vfp                   0x08005df7   Thumb Code     0  fpinit.o(x$fpl$fpinit)
    __fplib_config_pureend_doubles           0x08005df7   Thumb Code     0  fpinit.o(x$fpl$fpinit)
    __fpl_fretinf                            0x08005df9   Thumb Code    10  fretinf.o(x$fpl$fretinf)
    __ieee_status                            0x08005e03   Thumb Code     6  istatus.o(x$fpl$ieeestatus)
    _printf_fp_dec                           0x08005e09   Thumb Code     4  printf1.o(x$fpl$printf1)
    __fpl_return_NaN                         0x08005e0d   Thumb Code   100  retnan.o(x$fpl$retnan)
    __ARM_scalbn                             0x08005e71   Thumb Code    92  scalbn.o(x$fpl$scalbn)
    _scanf_real                              0x08005ecd   Thumb Code     4  scanf1.o(x$fpl$scanf1)
    _scanf_hex_real                          0x08005ed1   Thumb Code     4  scanf2.o(x$fpl$scanf2)
    _scanf_infnan                            0x08005ed5   Thumb Code     4  scanf2.o(x$fpl$scanf2)
    __fpl_cmpreturn                          0x08005ed9   Thumb Code    48  trapv.o(x$fpl$trapveneer)
    F6x8                                     0x08005f08   Data         552  oled.o(.constdata)
    __I$use$fp                               0x08005f08   Number         0  usenofp.o(x$fpl$usenofp)
    F8X16                                    0x08006130   Data        1520  oled.o(.constdata)
    Region$$Table$$Base                      0x080068ec   Number         0  anon$$obj.o(Region$$Table)
    Region$$Table$$Limit                     0x0800690c   Number         0  anon$$obj.o(Region$$Table)
    __aeabi_HUGE_VAL                         0x0800690c   Data           0  fpconst.o(c$$dinf)
    __aeabi_HUGE_VALL                        0x0800690c   Data           0  fpconst.o(c$$dinf)
    __aeabi_INFINITY                         0x0800690c   Data           0  fpconst.o(c$$dinf)
    __dInf                                   0x0800690c   Data           0  fpconst.o(c$$dinf)
    __huge_val                               0x0800690c   Data           0  fpconst.o(c$$dinf)
    __dbl_max                                0x08006914   Data           0  fpconst.o(c$$dmax)
    __ctype                                  0x08006945   Data           0  lc_ctype_c.o(locale$$data)
    verbose                                  0x20000014   Data           1  usart.o(.data)
    actuatorPos                              0x20000018   Data           8  usart.o(.data)
    Xmin                                     0x20000020   Data           4  usart.o(.data)
    Xmax                                     0x20000024   Data           4  usart.o(.data)
    Ymin                                     0x20000028   Data           4  usart.o(.data)
    Ymax                                     0x2000002c   Data           4  usart.o(.data)
    Xpos                                     0x20000030   Data           4  usart.o(.data)
    Ypos                                     0x20000034   Data           4  usart.o(.data)
    c                                        0x20000038   Data           1  usart.o(.data)
    lineIndex                                0x2000003c   Data           4  usart.o(.data)
    lineIsComment                            0x20000040   Data           1  usart.o(.data)
    lineSemiColon                            0x20000041   Data           1  usart.o(.data)
    __stdout                                 0x20000044   Data           4  usart.o(.data)
    USART_RX_CONUT                           0x20000048   Data           1  usart.o(.data)
    USART3_RX_STA                            0x2000004a   Data           2  usart.o(.data)
    Ratio_backs                              0x2000004c   Data           4  usart.o(.data)
    stepperDir_pin                           0x20000050   Data          16  a4988.o(.data)
    stepperStp_pin                           0x20000060   Data          16  a4988.o(.data)
    current_vx                               0x20000070   Data           4  a4988.o(.data)
    current_vy                               0x20000074   Data           4  a4988.o(.data)
    current_va                               0x20000078   Data           4  a4988.o(.data)
    finally_vx                               0x2000007c   Data           4  a4988.o(.data)
    finally_vy                               0x20000080   Data           4  a4988.o(.data)
    finally_vz                               0x20000084   Data           4  a4988.o(.data)
    line                                     0x2000009c   Data         512  usart.o(.bss)
    USART_RX_BUF                             0x2000029c   Data          20  usart.o(.bss)
    USART3_TX_BUF                            0x200002b0   Data          20  usart.o(.bss)
    USART3_RX_BUF                            0x200002c4   Data          20  usart.o(.bss)
    __libspace_start                         0x200002d8   Data          96  libspace.o(.bss)
    __temporary_stack_top$libspace           0x20000338   Data           0  libspace.o(.bss)



==============================================================================

Memory Map of the image

  Image Entry point : 0x08000189

  Load Region LR_IROM1 (Base: 0x08000000, Size: 0x00006ae4, Max: 0x00080000, ABSOLUTE)

    Execution Region ER_IROM1 (Exec base: 0x08000000, Load base: 0x08000000, Size: 0x00006a48, Max: 0x00080000, ABSOLUTE)

    Exec Addr    Load Addr    Size         Type   Attr      Idx    E Section Name        Object

    0x08000000   0x08000000   0x00000188   Data   RO            3    RESET               startup_stm32f40_41xxx.o
    0x08000188   0x08000188   0x00000008   Code   RO         5885  * !!!main             c_w.l(__main.o)
    0x08000190   0x08000190   0x00000034   Code   RO         6375    !!!scatter          c_w.l(__scatter.o)
    0x080001c4   0x080001c4   0x0000001a   Code   RO         6377    !!handler_copy      c_w.l(__scatter_copy.o)
    0x080001de   0x080001de   0x00000002   PAD
    0x080001e0   0x080001e0   0x0000001c   Code   RO         6379    !!handler_zi        c_w.l(__scatter_zi.o)
    0x080001fc   0x080001fc   0x00000000   Code   RO         5874    .ARM.Collect$$_printf_percent$$00000000  c_w.l(_printf_percent.o)
    0x080001fc   0x080001fc   0x00000006   Code   RO         5873    .ARM.Collect$$_printf_percent$$00000003  c_w.l(_printf_f.o)
    0x08000202   0x08000202   0x00000006   Code   RO         5872    .ARM.Collect$$_printf_percent$$00000014  c_w.l(_printf_s.o)
    0x08000208   0x08000208   0x00000004   Code   RO         6020    .ARM.Collect$$_printf_percent$$00000017  c_w.l(_printf_percent_end.o)
    0x0800020c   0x0800020c   0x00000002   Code   RO         6195    .ARM.Collect$$libinit$$00000000  c_w.l(libinit.o)
    0x0800020e   0x0800020e   0x00000004   Code   RO         6196    .ARM.Collect$$libinit$$00000001  c_w.l(libinit2.o)
    0x08000212   0x08000212   0x00000000   Code   RO         6199    .ARM.Collect$$libinit$$00000004  c_w.l(libinit2.o)
    0x08000212   0x08000212   0x00000000   Code   RO         6202    .ARM.Collect$$libinit$$0000000A  c_w.l(libinit2.o)
    0x08000212   0x08000212   0x00000000   Code   RO         6204    .ARM.Collect$$libinit$$0000000C  c_w.l(libinit2.o)
    0x08000212   0x08000212   0x00000000   Code   RO         6206    .ARM.Collect$$libinit$$0000000E  c_w.l(libinit2.o)
    0x08000212   0x08000212   0x00000006   Code   RO         6207    .ARM.Collect$$libinit$$0000000F  c_w.l(libinit2.o)
    0x08000218   0x08000218   0x00000000   Code   RO         6209    .ARM.Collect$$libinit$$00000011  c_w.l(libinit2.o)
    0x08000218   0x08000218   0x0000000c   Code   RO         6210    .ARM.Collect$$libinit$$00000012  c_w.l(libinit2.o)
    0x08000224   0x08000224   0x00000000   Code   RO         6211    .ARM.Collect$$libinit$$00000013  c_w.l(libinit2.o)
    0x08000224   0x08000224   0x00000000   Code   RO         6213    .ARM.Collect$$libinit$$00000015  c_w.l(libinit2.o)
    0x08000224   0x08000224   0x0000000a   Code   RO         6214    .ARM.Collect$$libinit$$00000016  c_w.l(libinit2.o)
    0x0800022e   0x0800022e   0x00000000   Code   RO         6215    .ARM.Collect$$libinit$$00000017  c_w.l(libinit2.o)
    0x0800022e   0x0800022e   0x00000000   Code   RO         6217    .ARM.Collect$$libinit$$00000019  c_w.l(libinit2.o)
    0x0800022e   0x0800022e   0x00000000   Code   RO         6219    .ARM.Collect$$libinit$$0000001B  c_w.l(libinit2.o)
    0x0800022e   0x0800022e   0x00000000   Code   RO         6221    .ARM.Collect$$libinit$$0000001D  c_w.l(libinit2.o)
    0x0800022e   0x0800022e   0x00000000   Code   RO         6223    .ARM.Collect$$libinit$$0000001F  c_w.l(libinit2.o)
    0x0800022e   0x0800022e   0x00000000   Code   RO         6225    .ARM.Collect$$libinit$$00000021  c_w.l(libinit2.o)
    0x0800022e   0x0800022e   0x00000000   Code   RO         6227    .ARM.Collect$$libinit$$00000023  c_w.l(libinit2.o)
    0x0800022e   0x0800022e   0x00000000   Code   RO         6229    .ARM.Collect$$libinit$$00000025  c_w.l(libinit2.o)
    0x0800022e   0x0800022e   0x00000000   Code   RO         6233    .ARM.Collect$$libinit$$0000002C  c_w.l(libinit2.o)
    0x0800022e   0x0800022e   0x00000000   Code   RO         6235    .ARM.Collect$$libinit$$0000002E  c_w.l(libinit2.o)
    0x0800022e   0x0800022e   0x00000000   Code   RO         6237    .ARM.Collect$$libinit$$00000030  c_w.l(libinit2.o)
    0x0800022e   0x0800022e   0x00000000   Code   RO         6239    .ARM.Collect$$libinit$$00000032  c_w.l(libinit2.o)
    0x0800022e   0x0800022e   0x00000002   Code   RO         6240    .ARM.Collect$$libinit$$00000033  c_w.l(libinit2.o)
    0x08000230   0x08000230   0x00000002   Code   RO         6300    .ARM.Collect$$libshutdown$$00000000  c_w.l(libshutdown.o)
    0x08000232   0x08000232   0x00000000   Code   RO         6325    .ARM.Collect$$libshutdown$$00000002  c_w.l(libshutdown2.o)
    0x08000232   0x08000232   0x00000000   Code   RO         6327    .ARM.Collect$$libshutdown$$00000004  c_w.l(libshutdown2.o)
    0x08000232   0x08000232   0x00000000   Code   RO         6330    .ARM.Collect$$libshutdown$$00000007  c_w.l(libshutdown2.o)
    0x08000232   0x08000232   0x00000000   Code   RO         6333    .ARM.Collect$$libshutdown$$0000000A  c_w.l(libshutdown2.o)
    0x08000232   0x08000232   0x00000000   Code   RO         6335    .ARM.Collect$$libshutdown$$0000000C  c_w.l(libshutdown2.o)
    0x08000232   0x08000232   0x00000000   Code   RO         6338    .ARM.Collect$$libshutdown$$0000000F  c_w.l(libshutdown2.o)
    0x08000232   0x08000232   0x00000002   Code   RO         6339    .ARM.Collect$$libshutdown$$00000010  c_w.l(libshutdown2.o)
    0x08000234   0x08000234   0x00000000   Code   RO         5951    .ARM.Collect$$rtentry$$00000000  c_w.l(__rtentry.o)
    0x08000234   0x08000234   0x00000000   Code   RO         6085    .ARM.Collect$$rtentry$$00000002  c_w.l(__rtentry2.o)
    0x08000234   0x08000234   0x00000006   Code   RO         6097    .ARM.Collect$$rtentry$$00000004  c_w.l(__rtentry4.o)
    0x0800023a   0x0800023a   0x00000000   Code   RO         6087    .ARM.Collect$$rtentry$$00000009  c_w.l(__rtentry2.o)
    0x0800023a   0x0800023a   0x00000004   Code   RO         6088    .ARM.Collect$$rtentry$$0000000A  c_w.l(__rtentry2.o)
    0x0800023e   0x0800023e   0x00000000   Code   RO         6090    .ARM.Collect$$rtentry$$0000000C  c_w.l(__rtentry2.o)
    0x0800023e   0x0800023e   0x00000008   Code   RO         6091    .ARM.Collect$$rtentry$$0000000D  c_w.l(__rtentry2.o)
    0x08000246   0x08000246   0x00000002   Code   RO         6241    .ARM.Collect$$rtexit$$00000000  c_w.l(rtexit.o)
    0x08000248   0x08000248   0x00000000   Code   RO         6266    .ARM.Collect$$rtexit$$00000002  c_w.l(rtexit2.o)
    0x08000248   0x08000248   0x00000004   Code   RO         6267    .ARM.Collect$$rtexit$$00000003  c_w.l(rtexit2.o)
    0x0800024c   0x0800024c   0x00000006   Code   RO         6268    .ARM.Collect$$rtexit$$00000004  c_w.l(rtexit2.o)
    0x08000252   0x08000252   0x00000002   PAD
    0x08000254   0x08000254   0x00000040   Code   RO            4    .text               startup_stm32f40_41xxx.o
    0x08000294   0x08000294   0x00000002   Code   RO         5840    .text               c_w.l(use_no_semi_2.o)
    0x08000296   0x08000296   0x00000002   PAD
    0x08000298   0x08000298   0x00000018   Code   RO         5844    .text               c_w.l(__2printf.o)
    0x080002b0   0x080002b0   0x00000052   Code   RO         5850    .text               c_w.l(_printf_str.o)
    0x08000302   0x08000302   0x00000002   PAD
    0x08000304   0x08000304   0x00000188   Code   RO         5869    .text               c_w.l(__printf_flags_ss_wp.o)
    0x0800048c   0x0800048c   0x0000001a   Code   RO         5875    .text               c_w.l(atoi.o)
    0x080004a6   0x080004a6   0x00000014   Code   RO         5877    .text               c_w.l(strchr.o)
    0x080004ba   0x080004ba   0x0000004e   Code   RO         5881    .text               c_w.l(rt_memclr_w.o)
    0x08000508   0x08000508   0x00000006   Code   RO         5883    .text               c_w.l(heapauxi.o)
    0x0800050e   0x0800050e   0x00000002   Code   RO         5949    .text               c_w.l(use_no_semi.o)
    0x08000510   0x08000510   0x00000008   Code   RO         5955    .text               c_w.l(rt_errno_addr_intlibspace.o)
    0x08000518   0x08000518   0x00000016   Code   RO         5957    .text               c_w.l(_rserrno.o)
    0x0800052e   0x0800052e   0x0000041e   Code   RO         5967    .text               c_w.l(_printf_fp_dec.o)
    0x0800094c   0x0800094c   0x00000030   Code   RO         5969    .text               c_w.l(_printf_char_common.o)
    0x0800097c   0x0800097c   0x0000002c   Code   RO         5973    .text               c_w.l(_printf_char.o)
    0x080009a8   0x080009a8   0x00000024   Code   RO         5975    .text               c_w.l(_printf_char_file.o)
    0x080009cc   0x080009cc   0x000000a4   Code   RO         6030    .text               c_w.l(strtod.o)
    0x08000a70   0x08000a70   0x00000070   Code   RO         6032    .text               c_w.l(strtol.o)
    0x08000ae0   0x08000ae0   0x00000008   Code   RO         6081    .text               c_w.l(libspace.o)
    0x08000ae8   0x08000ae8   0x00000010   Code   RO         6099    .text               c_w.l(rt_ctype_table.o)
    0x08000af8   0x08000af8   0x00000008   Code   RO         6104    .text               c_w.l(rt_locale_intlibspace.o)
    0x08000b00   0x08000b00   0x0000008a   Code   RO         6106    .text               c_w.l(lludiv10.o)
    0x08000b8a   0x08000b8a   0x00000012   Code   RO         6108    .text               c_w.l(isspace.o)
    0x08000b9c   0x08000b9c   0x00000080   Code   RO         6115    .text               c_w.l(_printf_fp_infnan.o)
    0x08000c1c   0x08000c1c   0x00000040   Code   RO         6121    .text               c_w.l(_sgetc.o)
    0x08000c5c   0x08000c5c   0x0000009e   Code   RO         6123    .text               c_w.l(_strtoul.o)
    0x08000cfa   0x08000cfa   0x00000002   PAD
    0x08000cfc   0x08000cfc   0x000000e4   Code   RO         6125    .text               c_w.l(bigflt0.o)
    0x08000de0   0x08000de0   0x00000008   Code   RO         6150    .text               c_w.l(ferror.o)
    0x08000de8   0x08000de8   0x0000004a   Code   RO         6177    .text               c_w.l(sys_stackheap_outer.o)
    0x08000e32   0x08000e32   0x0000001c   Code   RO         6179    .text               c_w.l(_chval.o)
    0x08000e4e   0x08000e4e   0x00000002   PAD
    0x08000e50   0x08000e50   0x000004f8   Code   RO         6181    .text               c_w.l(scanf_fp.o)
    0x08001348   0x08001348   0x00000012   Code   RO         6186    .text               c_w.l(exit.o)
    0x0800135a   0x0800135a   0x00000002   PAD
    0x0800135c   0x0800135c   0x00000080   Code   RO         6188    .text               c_w.l(strcmpv7m.o)
    0x080013dc   0x080013dc   0x00000320   Code   RO         6272    .text               c_w.l(scanf_hexfp.o)
    0x080016fc   0x080016fc   0x00000134   Code   RO         6274    .text               c_w.l(scanf_infnan.o)
    0x08001830   0x08001830   0x00000026   Code   RO         6292    .text               c_w.l(llshl.o)
    0x08001856   0x08001856   0x0000003e   Code   RO         6128    CL$$btod_d2e        c_w.l(btod.o)
    0x08001894   0x08001894   0x00000046   Code   RO         6130    CL$$btod_d2e_denorm_low  c_w.l(btod.o)
    0x080018da   0x080018da   0x00000060   Code   RO         6129    CL$$btod_d2e_norm_op1  c_w.l(btod.o)
    0x0800193a   0x0800193a   0x00000338   Code   RO         6138    CL$$btod_div_common  c_w.l(btod.o)
    0x08001c72   0x08001c72   0x00000002   PAD
    0x08001c74   0x08001c74   0x00000084   Code   RO         6136    CL$$btod_e2d        c_w.l(btod.o)
    0x08001cf8   0x08001cf8   0x000000dc   Code   RO         6135    CL$$btod_e2e        c_w.l(btod.o)
    0x08001dd4   0x08001dd4   0x0000002a   Code   RO         6132    CL$$btod_ediv       c_w.l(btod.o)
    0x08001dfe   0x08001dfe   0x0000002a   Code   RO         6134    CL$$btod_edivd      c_w.l(btod.o)
    0x08001e28   0x08001e28   0x0000002a   Code   RO         6131    CL$$btod_emul       c_w.l(btod.o)
    0x08001e52   0x08001e52   0x0000002a   Code   RO         6133    CL$$btod_emuld      c_w.l(btod.o)
    0x08001e7c   0x08001e7c   0x00000244   Code   RO         6137    CL$$btod_mult_common  c_w.l(btod.o)
    0x080020c0   0x080020c0   0x00000004   Code   RO          187    i.BusFault_Handler  stm32f4xx_it.o
    0x080020c4   0x080020c4   0x00000002   Code   RO          188    i.DebugMon_Handler  stm32f4xx_it.o
    0x080020c6   0x080020c6   0x00000090   Code   RO         2204    i.GPIO_Init         stm32f4xx_gpio.o
    0x08002156   0x08002156   0x00000046   Code   RO         2205    i.GPIO_PinAFConfig  stm32f4xx_gpio.o
    0x0800219c   0x0800219c   0x00000012   Code   RO         2208    i.GPIO_ReadInputDataBit  stm32f4xx_gpio.o
    0x080021ae   0x080021ae   0x00000004   Code   RO         2211    i.GPIO_ResetBits    stm32f4xx_gpio.o
    0x080021b2   0x080021b2   0x00000004   Code   RO         2212    i.GPIO_SetBits      stm32f4xx_gpio.o
    0x080021b6   0x080021b6   0x00000004   Code   RO          189    i.HardFault_Handler  stm32f4xx_it.o
    0x080021ba   0x080021ba   0x00000002   PAD
    0x080021bc   0x080021bc   0x00000030   Code   RO         5653    i.KEY_Init          key.o
    0x080021ec   0x080021ec   0x00000038   Code   RO         5480    i.LED_Init          led.o
    0x08002224   0x08002224   0x00000004   Code   RO          190    i.MemManage_Handler  stm32f4xx_it.o
    0x08002228   0x08002228   0x00000194   Code   RO         5504    i.Move_X_New        a4988.o
    0x080023bc   0x080023bc   0x00000180   Code   RO         5505    i.Move_Y_New        a4988.o
    0x0800253c   0x0800253c   0x00000002   Code   RO          191    i.NMI_Handler       stm32f4xx_it.o
    0x0800253e   0x0800253e   0x00000002   PAD
    0x08002540   0x08002540   0x00000078   Code   RO          329    i.NVIC_Init         misc.o
    0x080025b8   0x080025b8   0x00000014   Code   RO          330    i.NVIC_PriorityGroupConfig  misc.o
    0x080025cc   0x080025cc   0x0000003e   Code   RO         5690    i.OLED_Clear        oled.o
    0x0800260a   0x0800260a   0x0000001a   Code   RO         5694    i.OLED_IIC_Delay    oled.o
    0x08002624   0x08002624   0x00000034   Code   RO         5695    i.OLED_IIC_Start    oled.o
    0x08002658   0x08002658   0x00000034   Code   RO         5696    i.OLED_IIC_Stop     oled.o
    0x0800268c   0x0800268c   0x00000078   Code   RO         5697    i.OLED_IIC_Wait_Ack  oled.o
    0x08002704   0x08002704   0x00000138   Code   RO         5698    i.OLED_Init         oled.o
    0x0800283c   0x0800283c   0x00000028   Code   RO         5700    i.OLED_Set_Pos      oled.o
    0x08002864   0x08002864   0x000000a4   Code   RO         5702    i.OLED_ShowChar     oled.o
    0x08002908   0x08002908   0x0000003a   Code   RO         5704    i.OLED_ShowString   oled.o
    0x08002942   0x08002942   0x00000018   Code   RO         5705    i.OLED_WR_Byte      oled.o
    0x0800295a   0x0800295a   0x00000002   PAD
    0x0800295c   0x0800295c   0x00000058   Code   RO         5706    i.OLED_Write_IIC_Byte  oled.o
    0x080029b4   0x080029b4   0x0000002c   Code   RO         5707    i.OLED_Write_IIC_Command  oled.o
    0x080029e0   0x080029e0   0x0000002c   Code   RO         5708    i.OLED_Write_IIC_Data  oled.o
    0x08002a0c   0x08002a0c   0x00000002   Code   RO          192    i.PendSV_Handler    stm32f4xx_it.o
    0x08002a0e   0x08002a0e   0x00000002   PAD
    0x08002a10   0x08002a10   0x0000001c   Code   RO         5617    i.Put_Down          pwm.o
    0x08002a2c   0x08002a2c   0x0000001c   Code   RO         5618    i.Put_Up            pwm.o
    0x08002a48   0x08002a48   0x00000020   Code   RO         3130    i.RCC_AHB1PeriphClockCmd  stm32f4xx_rcc.o
    0x08002a68   0x08002a68   0x00000020   Code   RO         3139    i.RCC_APB1PeriphClockCmd  stm32f4xx_rcc.o
    0x08002a88   0x08002a88   0x00000020   Code   RO         3141    i.RCC_APB1PeriphResetCmd  stm32f4xx_rcc.o
    0x08002aa8   0x08002aa8   0x00000020   Code   RO         3142    i.RCC_APB2PeriphClockCmd  stm32f4xx_rcc.o
    0x08002ac8   0x08002ac8   0x00000020   Code   RO         3144    i.RCC_APB2PeriphResetCmd  stm32f4xx_rcc.o
    0x08002ae8   0x08002ae8   0x000000e8   Code   RO         3151    i.RCC_GetClocksFreq  stm32f4xx_rcc.o
    0x08002bd0   0x08002bd0   0x00000002   Code   RO          193    i.SVC_Handler       stm32f4xx_it.o
    0x08002bd2   0x08002bd2   0x00000002   PAD
    0x08002bd4   0x08002bd4   0x000000ec   Code   RO          288    i.SetSysClock       system_stm32f4xx.o
    0x08002cc0   0x08002cc0   0x00000058   Code   RO         5507    i.Stepper_Motor_Init  a4988.o
    0x08002d18   0x08002d18   0x00000028   Code   RO          333    i.SysTick_CLKSourceConfig  misc.o
    0x08002d40   0x08002d40   0x00000002   Code   RO          194    i.SysTick_Handler   stm32f4xx_it.o
    0x08002d42   0x08002d42   0x00000002   PAD
    0x08002d44   0x08002d44   0x00000068   Code   RO          290    i.SystemInit        system_stm32f4xx.o
    0x08002dac   0x08002dac   0x000000f8   Code   RO         5619    i.TIM4_PWM_Init     pwm.o
    0x08002ea4   0x08002ea4   0x00000018   Code   RO         4514    i.TIM_ARRPreloadConfig  stm32f4xx_tim.o
    0x08002ebc   0x08002ebc   0x00000018   Code   RO         4526    i.TIM_Cmd           stm32f4xx_tim.o
    0x08002ed4   0x08002ed4   0x0000007c   Code   RO         4555    i.TIM_OC1Init       stm32f4xx_tim.o
    0x08002f50   0x08002f50   0x00000012   Code   RO         4558    i.TIM_OC1PreloadConfig  stm32f4xx_tim.o
    0x08002f62   0x08002f62   0x00000002   PAD
    0x08002f64   0x08002f64   0x000000a4   Code   RO         4560    i.TIM_OC2Init       stm32f4xx_tim.o
    0x08003008   0x08003008   0x0000001a   Code   RO         4563    i.TIM_OC2PreloadConfig  stm32f4xx_tim.o
    0x08003022   0x08003022   0x00000002   PAD
    0x08003024   0x08003024   0x000000a0   Code   RO         4565    i.TIM_OC3Init       stm32f4xx_tim.o
    0x080030c4   0x080030c4   0x00000012   Code   RO         4568    i.TIM_OC3PreloadConfig  stm32f4xx_tim.o
    0x080030d6   0x080030d6   0x00000002   PAD
    0x080030d8   0x080030d8   0x00000078   Code   RO         4570    i.TIM_OC4Init       stm32f4xx_tim.o
    0x08003150   0x08003150   0x0000001a   Code   RO         4572    i.TIM_OC4PreloadConfig  stm32f4xx_tim.o
    0x0800316a   0x0800316a   0x00000004   Code   RO         4591    i.TIM_SetCompare4   stm32f4xx_tim.o
    0x0800316e   0x0800316e   0x00000002   PAD
    0x08003170   0x08003170   0x00000084   Code   RO         4598    i.TIM_TimeBaseInit  stm32f4xx_tim.o
    0x080031f4   0x080031f4   0x00000180   Code   RO         5396    i.USART1_IRQHandler  usart.o
    0x08003374   0x08003374   0x00000012   Code   RO         5076    i.USART_ClearFlag   stm32f4xx_usart.o
    0x08003386   0x08003386   0x0000001e   Code   RO         5077    i.USART_ClearITPendingBit  stm32f4xx_usart.o
    0x080033a4   0x080033a4   0x00000018   Code   RO         5080    i.USART_Cmd         stm32f4xx_usart.o
    0x080033bc   0x080033bc   0x000000f0   Code   RO         5082    i.USART_DeInit      stm32f4xx_usart.o
    0x080034ac   0x080034ac   0x0000001a   Code   RO         5083    i.USART_GetFlagStatus  stm32f4xx_usart.o
    0x080034c6   0x080034c6   0x00000054   Code   RO         5084    i.USART_GetITStatus  stm32f4xx_usart.o
    0x0800351a   0x0800351a   0x0000004a   Code   RO         5086    i.USART_ITConfig    stm32f4xx_usart.o
    0x08003564   0x08003564   0x000000d4   Code   RO         5087    i.USART_Init        stm32f4xx_usart.o
    0x08003638   0x08003638   0x0000000a   Code   RO         5094    i.USART_ReceiveData  stm32f4xx_usart.o
    0x08003642   0x08003642   0x00000004   Code   RO          195    i.UsageFault_Handler  stm32f4xx_it.o
    0x08003646   0x08003646   0x00000030   Code   RO         6173    i.__ARM_fpclassify  m_wm.l(fpclassify.o)
    0x08003676   0x08003676   0x00000002   PAD
    0x08003678   0x08003678   0x000000f8   Code   RO         6257    i.__hardfp___mathlib_tofloat  m_wm.l(narrow.o)
    0x08003770   0x08003770   0x00000038   Code   RO         5913    i.__hardfp_atof     m_wm.l(atof.o)
    0x080037a8   0x080037a8   0x000000c8   Code   RO         5919    i.__hardfp_cos      m_wm.l(cos.o)
    0x08003870   0x08003870   0x00000014   Code   RO         5931    i.__hardfp_fabs     m_wm.l(fabs.o)
    0x08003884   0x08003884   0x00000004   PAD
    0x08003888   0x08003888   0x000000d0   Code   RO         6301    i.__hardfp_ldexp    m_wm.l(ldexp.o)
    0x08003958   0x08003958   0x000000c8   Code   RO         5937    i.__hardfp_sin      m_wm.l(sin.o)
    0x08003a20   0x08003a20   0x00000438   Code   RO         6070    i.__ieee754_rem_pio2  m_wm.l(rred.o)
    0x08003e58   0x08003e58   0x00000170   Code   RO         6053    i.__kernel_cos      m_wm.l(cos_i.o)
    0x08003fc8   0x08003fc8   0x000000f8   Code   RO         6175    i.__kernel_poly     m_wm.l(poly.o)
    0x080040c0   0x080040c0   0x00000130   Code   RO         6075    i.__kernel_sin      m_wm.l(sin_i.o)
    0x080041f0   0x080041f0   0x00000014   Code   RO         6057    i.__mathlib_dbl_infnan  m_wm.l(dunder.o)
    0x08004204   0x08004204   0x00000004   PAD
    0x08004208   0x08004208   0x00000020   Code   RO         6059    i.__mathlib_dbl_invalid  m_wm.l(dunder.o)
    0x08004228   0x08004228   0x00000020   Code   RO         6060    i.__mathlib_dbl_overflow  m_wm.l(dunder.o)
    0x08004248   0x08004248   0x00000020   Code   RO         6062    i.__mathlib_dbl_underflow  m_wm.l(dunder.o)
    0x08004268   0x08004268   0x00000012   Code   RO         6258    i.__mathlib_narrow  m_wm.l(narrow.o)
    0x0800427a   0x0800427a   0x00000014   Code   RO         6303    i.__support_ldexp   m_wm.l(ldexp.o)
    0x0800428e   0x0800428e   0x0000000e   Code   RO         5862    i._is_digit         c_w.l(__printf_wp.o)
    0x0800429c   0x0800429c   0x00000004   Code   RO         5397    i._sys_exit         usart.o
    0x080042a0   0x080042a0   0x0000003c   Code   RO         5334    i.delay_init        delay.o
    0x080042dc   0x080042dc   0x00000038   Code   RO         5335    i.delay_ms          delay.o
    0x08004314   0x08004314   0x0000004c   Code   RO         5336    i.delay_us          delay.o
    0x08004360   0x08004360   0x0000004c   Code   RO         5337    i.delay_xms         delay.o
    0x080043ac   0x080043ac   0x00000208   Code   RO         5398    i.drawLine          usart.o
    0x080045b4   0x080045b4   0x00000088   Code   RO         5509    i.drawRect          a4988.o
    0x0800463c   0x0800463c   0x000000e0   Code   RO         5510    i.drawSin           a4988.o
    0x0800471c   0x0800471c   0x00000288   Code   RO         5511    i.drawThreeLeaf     a4988.o
    0x080049a4   0x080049a4   0x000000a0   Code   RO         5512    i.drawTriangle      a4988.o
    0x08004a44   0x08004a44   0x00000018   Code   RO         5933    i.fabs              m_wm.l(fabs.o)
    0x08004a5c   0x08004a5c   0x0000001c   Code   RO         5400    i.fputc             usart.o
    0x08004a78   0x08004a78   0x0000008c   Code   RO         6284    i.frexp             m_wm.l(frexp.o)
    0x08004b04   0x08004b04   0x00000038   Code   RO         5513    i.initPos           a4988.o
    0x08004b3c   0x08004b3c   0x00000264   Code   RO           13    i.main              main.o
    0x08004da0   0x08004da0   0x0000000e   Code   RO         5516    i.myabs             a4988.o
    0x08004dae   0x08004dae   0x00000002   PAD
    0x08004db0   0x08004db0   0x000002a8   Code   RO         5401    i.processIncomingLine  usart.o
    0x08005058   0x08005058   0x00000054   Code   RO         5655    i.touch_keys        key.o
    0x080050ac   0x080050ac   0x000000b4   Code   RO         5403    i.usart3_init       usart.o
    0x08005160   0x08005160   0x000000b8   Code   RO         5404    i.usart_init        usart.o
    0x08005218   0x08005218   0x0000002c   Code   RO         6157    locale$$code        c_w.l(lc_numeric_c.o)
    0x08005244   0x08005244   0x0000002c   Code   RO         6184    locale$$code        c_w.l(lc_ctype_c.o)
    0x08005270   0x08005270   0x00000018   Code   RO         6034    x$fpl$basic         fz_wm.l(basic.o)
    0x08005288   0x08005288   0x00000062   Code   RO         5887    x$fpl$d2f           fz_wm.l(d2f.o)
    0x080052ea   0x080052ea   0x00000002   PAD
    0x080052ec   0x080052ec   0x00000150   Code   RO         5889    x$fpl$dadd          fz_wm.l(daddsub_clz.o)
    0x0800543c   0x0800543c   0x00000010   Code   RO         6347    x$fpl$dcheck1       fz_wm.l(dcheck1.o)
    0x0800544c   0x0800544c   0x00000018   Code   RO         6036    x$fpl$dcmpinf       fz_wm.l(dcmpi.o)
    0x08005464   0x08005464   0x000002b0   Code   RO         5896    x$fpl$ddiv          fz_wm.l(ddiv.o)
    0x08005714   0x08005714   0x00000078   Code   RO         6280    x$fpl$deqf          fz_wm.l(deqf.o)
    0x0800578c   0x0800578c   0x0000005e   Code   RO         6159    x$fpl$dfix          fz_wm.l(dfix.o)
    0x080057ea   0x080057ea   0x0000002e   Code   RO         6164    x$fpl$dflt          fz_wm.l(dflt_clz.o)
    0x08005818   0x08005818   0x00000026   Code   RO         6163    x$fpl$dfltu         fz_wm.l(dflt_clz.o)
    0x0800583e   0x0800583e   0x00000002   PAD
    0x08005840   0x08005840   0x00000078   Code   RO         5903    x$fpl$dleqf         fz_wm.l(dleqf.o)
    0x080058b8   0x080058b8   0x00000154   Code   RO         5905    x$fpl$dmul          fz_wm.l(dmul.o)
    0x08005a0c   0x08005a0c   0x0000009c   Code   RO         6038    x$fpl$dnaninf       fz_wm.l(dnaninf.o)
    0x08005aa8   0x08005aa8   0x0000000c   Code   RO         6040    x$fpl$dretinf       fz_wm.l(dretinf.o)
    0x08005ab4   0x08005ab4   0x0000006c   Code   RO         5907    x$fpl$drleqf        fz_wm.l(drleqf.o)
    0x08005b20   0x08005b20   0x00000016   Code   RO         5890    x$fpl$drsb          fz_wm.l(daddsub_clz.o)
    0x08005b36   0x08005b36   0x00000002   PAD
    0x08005b38   0x08005b38   0x000001d4   Code   RO         5891    x$fpl$dsub          fz_wm.l(daddsub_clz.o)
    0x08005d0c   0x08005d0c   0x00000056   Code   RO         5909    x$fpl$f2d           fz_wm.l(f2d.o)
    0x08005d62   0x08005d62   0x0000008c   Code   RO         6042    x$fpl$fnaninf       fz_wm.l(fnaninf.o)
    0x08005dee   0x08005dee   0x0000000a   Code   RO         6249    x$fpl$fpinit        fz_wm.l(fpinit.o)
    0x08005df8   0x08005df8   0x0000000a   Code   RO         6044    x$fpl$fretinf       fz_wm.l(fretinf.o)
    0x08005e02   0x08005e02   0x00000006   Code   RO         6169    x$fpl$ieeestatus    fz_wm.l(istatus.o)
    0x08005e08   0x08005e08   0x00000004   Code   RO         5911    x$fpl$printf1       fz_wm.l(printf1.o)
    0x08005e0c   0x08005e0c   0x00000064   Code   RO         6353    x$fpl$retnan        fz_wm.l(retnan.o)
    0x08005e70   0x08005e70   0x0000005c   Code   RO         6340    x$fpl$scalbn        fz_wm.l(scalbn.o)
    0x08005ecc   0x08005ecc   0x00000004   Code   RO         6171    x$fpl$scanf1        fz_wm.l(scanf1.o)
    0x08005ed0   0x08005ed0   0x00000008   Code   RO         6251    x$fpl$scanf2        fz_wm.l(scanf2.o)
    0x08005ed8   0x08005ed8   0x00000030   Code   RO         6371    x$fpl$trapveneer    fz_wm.l(trapv.o)
    0x08005f08   0x08005f08   0x00000000   Code   RO         6052    x$fpl$usenofp       fz_wm.l(usenofp.o)
    0x08005f08   0x08005f08   0x00000818   Data   RO         5711    .constdata          oled.o
    0x08006720   0x08006720   0x00000011   Data   RO         5870    .constdata          c_w.l(__printf_flags_ss_wp.o)
    0x08006731   0x08006731   0x00000007   PAD
    0x08006738   0x08006738   0x00000030   Data   RO         6054    .constdata          m_wm.l(cos_i.o)
    0x08006768   0x08006768   0x000000c8   Data   RO         6072    .constdata          m_wm.l(rred.o)
    0x08006830   0x08006830   0x00000028   Data   RO         6076    .constdata          m_wm.l(sin_i.o)
    0x08006858   0x08006858   0x00000094   Data   RO         6126    .constdata          c_w.l(bigflt0.o)
    0x080068ec   0x080068ec   0x00000020   Data   RO         6373    Region$$Table       anon$$obj.o
    0x0800690c   0x0800690c   0x00000008   Data   RO         6245    c$$dinf             fz_wm.l(fpconst.o)
    0x08006914   0x08006914   0x00000008   Data   RO         6248    c$$dmax             fz_wm.l(fpconst.o)
    0x0800691c   0x0800691c   0x0000001c   Data   RO         6156    locale$$data        c_w.l(lc_numeric_c.o)
    0x08006938   0x08006938   0x00000110   Data   RO         6183    locale$$data        c_w.l(lc_ctype_c.o)


    Execution Region RW_IRAM1 (Exec base: 0x20000000, Load base: 0x08006a48, Size: 0x00000938, Max: 0x00020000, ABSOLUTE)

    Exec Addr    Load Addr    Size         Type   Attr      Idx    E Section Name        Object

    0x20000000   0x08006a48   0x00000010   Data   RW         3183    .data               stm32f4xx_rcc.o
    0x20000010   0x08006a58   0x00000004   Data   RW         5338    .data               delay.o
    0x20000014   0x08006a5c   0x0000003c   Data   RW         5407    .data               usart.o
    0x20000050   0x08006a98   0x0000004c   Data   RW         5521    .data               a4988.o
    0x2000009c        -       0x0000023c   Zero   RW         5405    .bss                usart.o
    0x200002d8        -       0x00000060   Zero   RW         6082    .bss                c_w.l(libspace.o)
    0x20000338        -       0x00000200   Zero   RW            2    HEAP                startup_stm32f40_41xxx.o
    0x20000538        -       0x00000400   Zero   RW            1    STACK               startup_stm32f40_41xxx.o


==============================================================================

Image component sizes


      Code (inc. data)   RO Data    RW Data    ZI Data      Debug   Object Name

      2114        242          0         76          0      10416   a4988.o
       268         16          0          4          0       2983   delay.o
       132         12          0          0          0       1360   key.o
        56          6          0          0          0        627   led.o
       612         68          0          0          0     293351   main.o
       180         24          0          0          0       2621   misc.o
      1086         34       2072          0          0      10401   oled.o
       304         20          0          0          0       2092   pwm.o
        64         26        392          0       1536        944   startup_stm32f40_41xxx.o
       240          0          0          0          0       4267   stm32f4xx_gpio.o
        26          0          0          0          0       5006   stm32f4xx_it.o
       392         48          0         16          0       6809   stm32f4xx_rcc.o
       840         66          0          0          0       9762   stm32f4xx_tim.o
       718         42          0          0          0       7991   stm32f4xx_usart.o
       340         32          0          0          0       1913   system_stm32f4xx.o
      1980        234          0         60        572       9182   usart.o

    ----------------------------------------------------------------------
      9374        870       2496        156       2108     369725   Object Totals
         0          0         32          0          0          0   (incl. Generated)
        22          0          0          0          0          0   (incl. Padding)

    ----------------------------------------------------------------------

      Code (inc. data)   RO Data    RW Data    ZI Data      Debug   Library Member Name

        24          4          0          0          0         84   __2printf.o
         8          0          0          0          0         68   __main.o
       392          4         17          0          0         92   __printf_flags_ss_wp.o
        14          0          0          0          0         68   __printf_wp.o
         0          0          0          0          0          0   __rtentry.o
        12          0          0          0          0          0   __rtentry2.o
         6          0          0          0          0          0   __rtentry4.o
        52          8          0          0          0          0   __scatter.o
        26          0          0          0          0          0   __scatter_copy.o
        28          0          0          0          0          0   __scatter_zi.o
        28          0          0          0          0         68   _chval.o
        44          0          0          0          0        108   _printf_char.o
        48          6          0          0          0         96   _printf_char_common.o
        36          4          0          0          0         80   _printf_char_file.o
         6          0          0          0          0          0   _printf_f.o
      1054          0          0          0          0        216   _printf_fp_dec.o
       128         16          0          0          0         84   _printf_fp_infnan.o
         0          0          0          0          0          0   _printf_percent.o
         4          0          0          0          0          0   _printf_percent_end.o
         6          0          0          0          0          0   _printf_s.o
        82          0          0          0          0         80   _printf_str.o
        22          0          0          0          0        100   _rserrno.o
        64          0          0          0          0         84   _sgetc.o
       158          0          0          0          0         92   _strtoul.o
        26          0          0          0          0         80   atoi.o
       228          4        148          0          0         96   bigflt0.o
      2152        136          0          0          0        960   btod.o
        18          0          0          0          0         80   exit.o
         8          0          0          0          0         68   ferror.o
         6          0          0          0          0        152   heapauxi.o
        18          0          0          0          0         76   isspace.o
        44         10        272          0          0         76   lc_ctype_c.o
        44         10         28          0          0         76   lc_numeric_c.o
         2          0          0          0          0          0   libinit.o
        34          0          0          0          0          0   libinit2.o
         2          0          0          0          0          0   libshutdown.o
         2          0          0          0          0          0   libshutdown2.o
         8          4          0          0         96         68   libspace.o
        38          0          0          0          0         68   llshl.o
       138          0          0          0          0         80   lludiv10.o
        16          4          0          0          0         76   rt_ctype_table.o
         8          4          0          0          0         68   rt_errno_addr_intlibspace.o
         8          4          0          0          0         68   rt_locale_intlibspace.o
        78          0          0          0          0         80   rt_memclr_w.o
         2          0          0          0          0          0   rtexit.o
        10          0          0          0          0          0   rtexit2.o
      1272         16          0          0          0        168   scanf_fp.o
       800         14          0          0          0        100   scanf_hexfp.o
       308         16          0          0          0        100   scanf_infnan.o
        20          0          0          0          0         68   strchr.o
       128          0          0          0          0         68   strcmpv7m.o
       164         14          0          0          0        120   strtod.o
       112          0          0          0          0         88   strtol.o
        74          0          0          0          0         80   sys_stackheap_outer.o
         2          0          0          0          0         68   use_no_semi.o
         2          0          0          0          0         68   use_no_semi_2.o
        24          0          0          0          0        164   basic.o
        98          4          0          0          0        140   d2f.o
       826         16          0          0          0        492   daddsub_clz.o
        16          4          0          0          0        116   dcheck1.o
        24          0          0          0          0        116   dcmpi.o
       688        140          0          0          0        256   ddiv.o
       120          4          0          0          0        140   deqf.o
        94          4          0          0          0        140   dfix.o
        84          0          0          0          0        232   dflt_clz.o
       120          4          0          0          0        140   dleqf.o
       340         12          0          0          0        152   dmul.o
       156          4          0          0          0        140   dnaninf.o
        12          0          0          0          0        116   dretinf.o
       108          0          0          0          0        128   drleqf.o
        86          4          0          0          0        132   f2d.o
       140          4          0          0          0        132   fnaninf.o
         0          0         16          0          0          0   fpconst.o
        10          0          0          0          0        116   fpinit.o
        10          0          0          0          0        116   fretinf.o
         6          0          0          0          0        116   istatus.o
         4          0          0          0          0        116   printf1.o
       100          0          0          0          0        116   retnan.o
        92          0          0          0          0        116   scalbn.o
         4          0          0          0          0        116   scanf1.o
         8          0          0          0          0        132   scanf2.o
        48          0          0          0          0        116   trapv.o
         0          0          0          0          0          0   usenofp.o
        56         12          0          0          0        132   atof.o
       200         20          0          0          0        164   cos.o
       368         46         48          0          0        200   cos_i.o
       116         24          0          0          0        496   dunder.o
        44          0          0          0          0        248   fabs.o
        48          0          0          0          0        124   fpclassify.o
       140         22          0          0          0        132   frexp.o
       228          8          0          0          0        308   ldexp.o
       266         16          0          0          0        308   narrow.o
       248          0          0          0          0        152   poly.o
      1080        142        200          0          0        188   rred.o
       200         20          0          0          0        164   sin.o
       304         24         40          0          0        208   sin_i.o

    ----------------------------------------------------------------------
     14562        814        776          0         96      11040   Library Totals
        32          2          7          0          0          0   (incl. Padding)

    ----------------------------------------------------------------------

      Code (inc. data)   RO Data    RW Data    ZI Data      Debug   Library Name

      8014        278        465          0         96       4420   c_w.l
      3218        200         16          0          0       3796   fz_wm.l
      3298        334        288          0          0       2824   m_wm.l

    ----------------------------------------------------------------------
     14562        814        776          0         96      11040   Library Totals

    ----------------------------------------------------------------------

==============================================================================


      Code (inc. data)   RO Data    RW Data    ZI Data      Debug   

     23936       1684       3272        156       2204     365721   Grand Totals
     23936       1684       3272        156       2204     365721   ELF Image Totals
     23936       1684       3272        156          0          0   ROM Totals

==============================================================================

    Total RO  Size (Code + RO Data)                27208 (  26.57kB)
    Total RW  Size (RW Data + ZI Data)              2360 (   2.30kB)
    Total ROM Size (Code + RO Data + RW Data)      27364 (  26.72kB)

==============================================================================

